<!doctype html public "-//w3c//dtd html 4.0 transitional//en">
<html><head>
<title>Static Call Graph - [.\out_DA14531_I2C\Objects\empty_peripheral_template_531.axf]</title></head>
<body><HR>
<H1>Static Call Graph for image .\out_DA14531_I2C\Objects\empty_peripheral_template_531.axf</H1><HR>
<BR><P>#&#060CALLGRAPH&#062# ARM Linker, 6190004: Last Updated: Wed Feb 22 13:38:01 2023
<BR><P>
<H3>Maximum Stack Usage =        252 bytes + Unknown(Cycles, Untraceable Function Pointers)</H3><H3>
Call chain for Maximum Stack Depth:</H3>
main &rArr; rf_calibration
<P>
<H3>
Mutually Recursive functions
</H3> <LI><a href="#[3]">SVC_Handler</a>&nbsp;&nbsp;&nbsp;&rArr;&nbsp;&nbsp;&nbsp;<a href="#[3]">SVC_Handler</a><BR>
 <LI><a href="#[4]">PendSV_Handler</a>&nbsp;&nbsp;&nbsp;&rArr;&nbsp;&nbsp;&nbsp;<a href="#[4]">PendSV_Handler</a><BR>
 <LI><a href="#[e]">BLE_RF_DIAG_Handler</a>&nbsp;&nbsp;&nbsp;&rArr;&nbsp;&nbsp;&nbsp;<a href="#[e]">BLE_RF_DIAG_Handler</a><BR>
</UL>
<P>
<H3>
Function Pointers
</H3><UL>
 <LI><a href="#[c]">ADC_Handler</a> from lto-llvm-0cbb9f.o(.text.ADC_Handler) referenced from startup_da14531.o(RESET)
 <LI><a href="#[e]">BLE_RF_DIAG_Handler</a> from startup_da14531.o(.text) referenced from startup_da14531.o(RESET)
 <LI><a href="#[6]">BLE_WAKEUP_LP_Handler</a> from lto-llvm-0cbb9f.o(.text.BLE_WAKEUP_LP_Handler) referenced from startup_da14531.o(RESET)
 <LI><a href="#[19]">DMA_Handler</a> from startup_da14531.o(.text) referenced from startup_da14531.o(RESET)
 <LI><a href="#[10]">GPIO0_Handler</a> from lto-llvm-0cbb9f.o(.text.GPIO0_Handler) referenced from startup_da14531.o(RESET)
 <LI><a href="#[11]">GPIO1_Handler</a> from lto-llvm-0cbb9f.o(.text.GPIO1_Handler) referenced from startup_da14531.o(RESET)
 <LI><a href="#[12]">GPIO2_Handler</a> from lto-llvm-0cbb9f.o(.text.GPIO2_Handler) referenced from startup_da14531.o(RESET)
 <LI><a href="#[13]">GPIO3_Handler</a> from lto-llvm-0cbb9f.o(.text.GPIO3_Handler) referenced from startup_da14531.o(RESET)
 <LI><a href="#[14]">GPIO4_Handler</a> from lto-llvm-0cbb9f.o(.text.GPIO4_Handler) referenced from startup_da14531.o(RESET)
 <LI><a href="#[2]">HardFault_Handler</a> from startup_da14531.o(.text) referenced from startup_da14531.o(RESET)
 <LI><a href="#[22]">HardFault_HandlerC</a> from lto-llvm-0cbb9f.o(.text.HardFault_HandlerC) referenced from startup_da14531.o(.text)
 <LI><a href="#[a]">I2C_Handler</a> from lto-llvm-0cbb9f.o(.text.I2C_Handler) referenced from startup_da14531.o(RESET)
 <LI><a href="#[9f]">JT_l2cc_pdu_recv_ind_handler_func</a> from patch.o(.text) referenced from lto-llvm-0cbb9f.o(.rodata.rom_func_addr_table_var)
 <LI><a href="#[9c]">JT_l2cc_pdu_unpack_func</a> from patch.o(.text) referenced from lto-llvm-0cbb9f.o(.rodata.rom_func_addr_table_var)
 <LI><a href="#[8f]">JT_lld_test_mode_rx_func</a> from patch.o(.text) referenced from lto-llvm-0cbb9f.o(.rodata.rom_func_addr_table_var)
 <LI><a href="#[d]">KEYBRD_Handler</a> from startup_da14531.o(.text) referenced from startup_da14531.o(RESET)
 <LI><a href="#[1]">NMI_Handler</a> from startup_da14531.o(.text) referenced from startup_da14531.o(RESET)
 <LI><a href="#[21]">NMI_HandlerC</a> from lto-llvm-0cbb9f.o(.text.NMI_HandlerC) referenced from startup_da14531.o(.text)
 <LI><a href="#[5c]">PATCHED_llc_data_ind_handler</a> from patch.o(.text) referenced from lto-llvm-0cbb9f.o(.rodata.my_custom_msg_handlers)
 <LI><a href="#[5d]">PATCHED_lld_data_ind_handler</a> from patch.o(.text) referenced from lto-llvm-0cbb9f.o(.rodata.my_custom_msg_handlers)
 <LI><a href="#[30]">PATCHED_llm_con_req_ind</a> from patch.o(.text) referenced from patch.o(.constdata)
 <LI><a href="#[31]">PATCHED_smpc_recv_pair_rand_pdu</a> from patch.o(.text) referenced from patch.o(.constdata)
 <LI><a href="#[32]">PATCHED_smpc_recv_public_key_exchange_pdu</a> from patch.o(.text) referenced from patch.o(.constdata)
 <LI><a href="#[a5]">PK_PointMult_func</a> from da14531_symbols.txt(ABSOLUTE) referenced from lto-llvm-0cbb9f.o(.rodata.rom_func_addr_table_var)
 <LI><a href="#[4]">PendSV_Handler</a> from startup_da14531.o(.text) referenced from startup_da14531.o(RESET)
 <LI><a href="#[2c]">RADIOCNTL_Handler</a> from lto-llvm-0cbb9f.o(.text.RADIOCNTL_Handler) referenced from lto-llvm-0cbb9f.o(.text.rf_init_func)
 <LI><a href="#[1b]">RESERVED21_Handler</a> from startup_da14531.o(.text) referenced from startup_da14531.o(RESET)
 <LI><a href="#[1c]">RESERVED22_Handler</a> from startup_da14531.o(.text) referenced from startup_da14531.o(RESET)
 <LI><a href="#[1d]">RESERVED23_Handler</a> from startup_da14531.o(.text) referenced from startup_da14531.o(RESET)
 <LI><a href="#[f]">RFCAL_Handler</a> from startup_da14531.o(.text) referenced from startup_da14531.o(RESET)
 <LI><a href="#[18]">RTC_Handler</a> from startup_da14531.o(.text) referenced from startup_da14531.o(RESET)
 <LI><a href="#[0]">Reset_Handler</a> from startup_da14531.o(.text) referenced from startup_da14531.o(RESET)
 <LI><a href="#[b]">SPI_Handler</a> from startup_da14531.o(.text) referenced from startup_da14531.o(RESET)
 <LI><a href="#[3]">SVC_Handler</a> from startup_da14531.o(.text) referenced from startup_da14531.o(RESET)
 <LI><a href="#[17]">SWTIM1_Handler</a> from startup_da14531.o(.text) referenced from startup_da14531.o(RESET)
 <LI><a href="#[15]">SWTIM_Handler</a> from startup_da14531.o(.text) referenced from startup_da14531.o(RESET)
 <LI><a href="#[5]">SysTick_Handler</a> from lto-llvm-0cbb9f.o(.text.SysTick_Handler) referenced from startup_da14531.o(RESET)
 <LI><a href="#[1f]">SystemInit</a> from lto-llvm-0cbb9f.o(system_DA14xxx) referenced from startup_da14531.o(.text)
 <LI><a href="#[9]">UART2_Handler</a> from lto-llvm-0cbb9f.o(.text.UART2_Handler) referenced from startup_da14531.o(RESET)
 <LI><a href="#[8]">UART_Handler</a> from da14531_symbols.txt(ABSOLUTE) referenced from startup_da14531.o(RESET)
 <LI><a href="#[70]">UART_Handler_func</a> from da14531_symbols.txt(ABSOLUTE) referenced from lto-llvm-0cbb9f.o(.rodata.rom_func_addr_table_var)
 <LI><a href="#[16]">WKUP_QUADEC_Handler</a> from lto-llvm-0cbb9f.o(.text.WKUP_QUADEC_Handler) referenced from startup_da14531.o(RESET)
 <LI><a href="#[1a]">XTAL32M_RDY_Handler</a> from startup_da14531.o(.text) referenced from startup_da14531.o(RESET)
 <LI><a href="#[20]">__main</a> from entry.o(.ARM.Collect$$$$00000000) referenced from startup_da14531.o(.text)
 <LI><a href="#[25]">accel_int_cb</a> from lto-llvm-0cbb9f.o(.text.accel_int_cb) referenced from lto-llvm-0cbb9f.o(.text.i2c_async_complete)
 <LI><a href="#[25]">accel_int_cb</a> from lto-llvm-0cbb9f.o(.text.accel_int_cb) referenced from lto-llvm-0cbb9f.o(.text.user_app_on_set_dev_config_complete)
 <LI><a href="#[52]">app_custs1_create_db</a> from lto-llvm-0cbb9f.o(.text.app_custs1_create_db) referenced from lto-llvm-0cbb9f.o(.rodata.cust_prf_funcs)
 <LI><a href="#[4a]">app_custs1_process_handler</a> from lto-llvm-0cbb9f.o(.text.app_custs1_process_handler) referenced from lto-llvm-0cbb9f.o(.rodata.app_process_handlers)
 <LI><a href="#[62]">app_db_init_next</a> from lto-llvm-0cbb9f.o(.text.app_db_init_next) referenced from lto-llvm-0cbb9f.o(.rodata.rom_app_task_cfg)
 <LI><a href="#[5e]">app_diss_create_db</a> from lto-llvm-0cbb9f.o(.text.app_diss_create_db) referenced from lto-llvm-0cbb9f.o(.rodata.prf_funcs)
 <LI><a href="#[49]">app_diss_process_handler</a> from lto-llvm-0cbb9f.o(.text.app_diss_process_handler) referenced from lto-llvm-0cbb9f.o(.rodata.app_process_handlers)
 <LI><a href="#[61]">app_easy_gap_dev_configure</a> from lto-llvm-0cbb9f.o(.text.app_easy_gap_dev_configure) referenced from lto-llvm-0cbb9f.o(.rodata.rom_app_task_cfg)
 <LI><a href="#[45]">app_gap_process_handler</a> from lto-llvm-0cbb9f.o(.text.app_gap_process_handler) referenced from lto-llvm-0cbb9f.o(.rodata.app_process_handlers)
 <LI><a href="#[47]">app_msg_utils_api_process_handler</a> from lto-llvm-0cbb9f.o(.text.app_msg_utils_api_process_handler) referenced from lto-llvm-0cbb9f.o(.rodata.app_process_handlers)
 <LI><a href="#[48]">app_sec_process_handler</a> from lto-llvm-0cbb9f.o(.text.app_sec_process_handler) referenced from lto-llvm-0cbb9f.o(.rodata.app_process_handlers)
 <LI><a href="#[46]">app_timer_api_process_handler</a> from lto-llvm-0cbb9f.o(.text.app_timer_api_process_handler) referenced from lto-llvm-0cbb9f.o(.rodata.app_process_handlers)
 <LI><a href="#[66]">arch_force_active_mode</a> from lto-llvm-0cbb9f.o(.text.arch_force_active_mode) referenced from lto-llvm-0cbb9f.o(.rodata.rom_console_cfg)
 <LI><a href="#[65]">arch_restore_sleep_mode</a> from lto-llvm-0cbb9f.o(.text.arch_restore_sleep_mode) referenced from lto-llvm-0cbb9f.o(.rodata.rom_console_cfg)
 <LI><a href="#[a2]">attc_l2cc_pdu_recv_handler_func</a> from da14531_symbols.txt(ABSOLUTE) referenced from lto-llvm-0cbb9f.o(.rodata.rom_func_addr_table_var)
 <LI><a href="#[a1]">atts_l2cc_pdu_recv_handler_func</a> from da14531_symbols.txt(ABSOLUTE) referenced from lto-llvm-0cbb9f.o(.rodata.rom_func_addr_table_var)
 <LI><a href="#[b0]">ba431_get_rand_func</a> from lto-llvm-0cbb9f.o(.text.ba431_get_rand_func) referenced from lto-llvm-0cbb9f.o(.rodata.rom_func_addr_table_var)
 <LI><a href="#[b4]">ble_init_arp_func</a> from lto-llvm-0cbb9f.o(.text.ble_init_arp_func) referenced from lto-llvm-0cbb9f.o(.rodata.rom_func_addr_table_var)
 <LI><a href="#[a3]">crypto_init_func</a> from lto-llvm-0cbb9f.o(.text.crypto_init_func) referenced from lto-llvm-0cbb9f.o(.rodata.rom_func_addr_table_var)
 <LI><a href="#[5a]">custs1_att_info_rsp_handler</a> from da14531_symbols.txt(ABSOLUTE) referenced from lto-llvm-0cbb9f.o(.rodata.custs1_default_state)
 <LI><a href="#[60]">custs1_prf_itf_get</a> from da14531_symbols.txt(ABSOLUTE) referenced from lto-llvm-0cbb9f.o(.rodata.prf_if)
 <LI><a href="#[59]">custs1_val_ind_req_handler</a> from da14531_symbols.txt(ABSOLUTE) referenced from lto-llvm-0cbb9f.o(.rodata.custs1_default_state)
 <LI><a href="#[57]">custs1_val_ntf_req_handler</a> from da14531_symbols.txt(ABSOLUTE) referenced from lto-llvm-0cbb9f.o(.rodata.custs1_default_state)
 <LI><a href="#[58]">custs1_val_set_req_handler</a> from da14531_symbols.txt(ABSOLUTE) referenced from lto-llvm-0cbb9f.o(.rodata.custs1_default_state)
 <LI><a href="#[5b]">custs1_value_req_rsp_handler</a> from da14531_symbols.txt(ABSOLUTE) referenced from lto-llvm-0cbb9f.o(.rodata.custs1_default_state)
 <LI><a href="#[67]">custs_get_func_callbacks</a> from lto-llvm-0cbb9f.o(.text.custs_get_func_callbacks) referenced from lto-llvm-0cbb9f.o(.rodata.rom_cust_prf_cfg)
 <LI><a href="#[98]">dbg_init_func_empty</a> from lto-llvm-0cbb9f.o(.text.dbg_init_func_empty) referenced from lto-llvm-0cbb9f.o(.rodata.rom_func_addr_table_var)
 <LI><a href="#[99]">dbg_platform_reset_complete_func_empty</a> from lto-llvm-0cbb9f.o(.text.dbg_platform_reset_complete_func_empty) referenced from lto-llvm-0cbb9f.o(.rodata.rom_func_addr_table_var)
 <LI><a href="#[be]">default_app_generate_static_random_addr</a> from lto-llvm-0cbb9f.o(.text.default_app_generate_static_random_addr) referenced from lto-llvm-0cbb9f.o(.rodata.user_app_callbacks)
 <LI><a href="#[b8]">default_app_on_db_init_complete</a> from lto-llvm-0cbb9f.o(.text.default_app_on_db_init_complete) referenced from lto-llvm-0cbb9f.o(.rodata.user_app_callbacks)
 <LI><a href="#[ba]">default_app_on_get_dev_appearance</a> from lto-llvm-0cbb9f.o(.text.default_app_on_get_dev_appearance) referenced from lto-llvm-0cbb9f.o(.rodata.user_app_callbacks)
 <LI><a href="#[b9]">default_app_on_get_dev_name</a> from lto-llvm-0cbb9f.o(.text.default_app_on_get_dev_name) referenced from lto-llvm-0cbb9f.o(.rodata.user_app_callbacks)
 <LI><a href="#[bb]">default_app_on_get_dev_slv_pref_params</a> from lto-llvm-0cbb9f.o(.text.default_app_on_get_dev_slv_pref_params) referenced from lto-llvm-0cbb9f.o(.rodata.user_app_callbacks)
 <LI><a href="#[c1]">default_app_on_ltk_exch</a> from lto-llvm-0cbb9f.o(.text.default_app_on_ltk_exch) referenced from lto-llvm-0cbb9f.o(.rodata.user_app_callbacks)
 <LI><a href="#[bf]">default_app_on_pairing_request</a> from lto-llvm-0cbb9f.o(.text.default_app_on_pairing_request) referenced from lto-llvm-0cbb9f.o(.rodata.user_app_callbacks)
 <LI><a href="#[bc]">default_app_on_set_dev_info</a> from lto-llvm-0cbb9f.o(.text.default_app_on_set_dev_info) referenced from lto-llvm-0cbb9f.o(.rodata.user_app_callbacks)
 <LI><a href="#[c0]">default_app_on_tk_exch</a> from lto-llvm-0cbb9f.o(.text.default_app_on_tk_exch) referenced from lto-llvm-0cbb9f.o(.rodata.user_app_callbacks)
 <LI><a href="#[bd]">default_app_update_params_request</a> from lto-llvm-0cbb9f.o(.text.default_app_update_params_request) referenced from lto-llvm-0cbb9f.o(.rodata.user_app_callbacks)
 <LI><a href="#[ae]">dia_rand_func</a> from lto-llvm-0cbb9f.o(.text.dia_rand_func) referenced from lto-llvm-0cbb9f.o(.rodata.rom_func_addr_table_var)
 <LI><a href="#[af]">dia_srand_func</a> from lto-llvm-0cbb9f.o(.text.dia_srand_func) referenced from lto-llvm-0cbb9f.o(.rodata.rom_func_addr_table_var)
 <LI><a href="#[5f]">diss_prf_itf_get</a> from da14531_symbols.txt(ABSOLUTE) referenced from lto-llvm-0cbb9f.o(.rodata.prf_if)
 <LI><a href="#[36]">diss_value_req_ind_handler</a> from lto-llvm-0cbb9f.o(.text.diss_value_req_ind_handler) referenced from lto-llvm-0cbb9f.o(.rodata.app_diss_process_handlers)
 <LI><a href="#[4c]">gapc_bond_ind_handler</a> from lto-llvm-0cbb9f.o(.text.gapc_bond_ind_handler) referenced from lto-llvm-0cbb9f.o(.rodata.app_sec_process_handlers)
 <LI><a href="#[4b]">gapc_bond_req_ind_handler</a> from lto-llvm-0cbb9f.o(.text.gapc_bond_req_ind_handler) referenced from lto-llvm-0cbb9f.o(.rodata.app_sec_process_handlers)
 <LI><a href="#[39]">gapc_cmp_evt_handler</a> from lto-llvm-0cbb9f.o(.text.gapc_cmp_evt_handler) referenced from lto-llvm-0cbb9f.o(.rodata.app_gap_process_handlers)
 <LI><a href="#[3a]">gapc_connection_req_ind_handler</a> from lto-llvm-0cbb9f.o(.text.gapc_connection_req_ind_handler) referenced from lto-llvm-0cbb9f.o(.rodata.app_gap_process_handlers)
 <LI><a href="#[3b]">gapc_disconnect_ind_handler</a> from lto-llvm-0cbb9f.o(.text.gapc_disconnect_ind_handler) referenced from lto-llvm-0cbb9f.o(.rodata.app_gap_process_handlers)
 <LI><a href="#[4e]">gapc_encrypt_ind_handler</a> from lto-llvm-0cbb9f.o(.text.gapc_encrypt_ind_handler) referenced from lto-llvm-0cbb9f.o(.rodata.app_sec_process_handlers)
 <LI><a href="#[4d]">gapc_encrypt_req_ind_handler</a> from lto-llvm-0cbb9f.o(.text.gapc_encrypt_req_ind_handler) referenced from lto-llvm-0cbb9f.o(.rodata.app_sec_process_handlers)
 <LI><a href="#[3c]">gapc_get_dev_info_req_ind_handler</a> from lto-llvm-0cbb9f.o(.text.gapc_get_dev_info_req_ind_handler) referenced from lto-llvm-0cbb9f.o(.rodata.app_gap_process_handlers)
 <LI><a href="#[41]">gapc_le_pkt_size_ind_handler_ROM</a> from da14531_symbols.txt(ABSOLUTE) referenced from lto-llvm-0cbb9f.o(.rodata.app_gap_process_handlers)
 <LI><a href="#[a0]">gapc_lecb_connect_cfm_handler_func</a> from da14531_symbols.txt(ABSOLUTE) referenced from lto-llvm-0cbb9f.o(.rodata.rom_func_addr_table_var)
 <LI><a href="#[40]">gapc_param_update_req_ind_handler_ROM</a> from da14531_symbols.txt(ABSOLUTE) referenced from lto-llvm-0cbb9f.o(.rodata.app_gap_process_handlers)
 <LI><a href="#[43]">gapc_peer_features_ind_handler_ROM</a> from da14531_symbols.txt(ABSOLUTE) referenced from lto-llvm-0cbb9f.o(.rodata.app_gap_process_handlers)
 <LI><a href="#[44]">gapc_security_ind_handler_ROM</a> from da14531_symbols.txt(ABSOLUTE) referenced from lto-llvm-0cbb9f.o(.rodata.app_gap_process_handlers)
 <LI><a href="#[3d]">gapc_set_dev_info_req_ind_handler_ROM</a> from da14531_symbols.txt(ABSOLUTE) referenced from lto-llvm-0cbb9f.o(.rodata.app_gap_process_handlers)
 <LI><a href="#[4f]">gapm_addr_solved_ind_handler</a> from lto-llvm-0cbb9f.o(.text.gapm_addr_solved_ind_handler) referenced from lto-llvm-0cbb9f.o(.rodata.app_sec_process_handlers)
 <LI><a href="#[3f]">gapm_adv_report_ind_handler_ROM</a> from da14531_symbols.txt(ABSOLUTE) referenced from lto-llvm-0cbb9f.o(.rodata.app_gap_process_handlers)
 <LI><a href="#[38]">gapm_cmp_evt_handler</a> from lto-llvm-0cbb9f.o(.text.gapm_cmp_evt_handler) referenced from lto-llvm-0cbb9f.o(.rodata.app_gap_process_handlers)
 <LI><a href="#[37]">gapm_device_ready_ind_handler</a> from lto-llvm-0cbb9f.o(.text.gapm_device_ready_ind_handler) referenced from lto-llvm-0cbb9f.o(.rodata.app_gap_process_handlers)
 <LI><a href="#[3e]">gapm_profile_added_ind_handler_ROM</a> from da14531_symbols.txt(ABSOLUTE) referenced from lto-llvm-0cbb9f.o(.rodata.app_gap_process_handlers)
 <LI><a href="#[51]">gapm_ral_addr_ind_handler</a> from lto-llvm-0cbb9f.o(.text.gapm_ral_addr_ind_handler) referenced from lto-llvm-0cbb9f.o(.rodata.app_sec_process_handlers)
 <LI><a href="#[50]">gapm_ral_size_ind_handler</a> from lto-llvm-0cbb9f.o(.text.gapm_ral_size_ind_handler) referenced from lto-llvm-0cbb9f.o(.rodata.app_sec_process_handlers)
 <LI><a href="#[55]">gattc_att_info_req_ind_handler</a> from da14531_symbols.txt(ABSOLUTE) referenced from lto-llvm-0cbb9f.o(.rodata.custs1_default_state)
 <LI><a href="#[56]">gattc_cmp_evt_handler</a> from da14531_symbols.txt(ABSOLUTE) referenced from lto-llvm-0cbb9f.o(.rodata.custs1_default_state)
 <LI><a href="#[53]">gattc_read_req_ind_handler</a> from da14531_symbols.txt(ABSOLUTE) referenced from lto-llvm-0cbb9f.o(.rodata.custs1_default_state)
 <LI><a href="#[42]">gattc_svc_changed_cfg_ind_handler_ROM</a> from da14531_symbols.txt(ABSOLUTE) referenced from lto-llvm-0cbb9f.o(.rodata.app_gap_process_handlers)
 <LI><a href="#[54]">gattc_write_req_ind_handler</a> from lto-llvm-0cbb9f.o(.text.gattc_write_req_ind_handler) referenced from lto-llvm-0cbb9f.o(.rodata.custs1_default_state)
 <LI><a href="#[72]">gtl_eif_init_func</a> from da14531_symbols.txt(ABSOLUTE) referenced from lto-llvm-0cbb9f.o(.rodata.rom_func_addr_table_var)
 <LI><a href="#[74]">gtl_eif_read_hdr_func</a> from da14531_symbols.txt(ABSOLUTE) referenced from lto-llvm-0cbb9f.o(.rodata.rom_func_addr_table_var)
 <LI><a href="#[75]">gtl_eif_read_payl_func</a> from da14531_symbols.txt(ABSOLUTE) referenced from lto-llvm-0cbb9f.o(.rodata.rom_func_addr_table_var)
 <LI><a href="#[73]">gtl_eif_read_start_func</a> from da14531_symbols.txt(ABSOLUTE) referenced from lto-llvm-0cbb9f.o(.rodata.rom_func_addr_table_var)
 <LI><a href="#[77]">gtl_eif_rx_done_func</a> from da14531_symbols.txt(ABSOLUTE) referenced from lto-llvm-0cbb9f.o(.rodata.rom_func_addr_table_var)
 <LI><a href="#[76]">gtl_eif_tx_done_func</a> from da14531_symbols.txt(ABSOLUTE) referenced from lto-llvm-0cbb9f.o(.rodata.rom_func_addr_table_var)
 <LI><a href="#[71]">gtl_init_func</a> from da14531_symbols.txt(ABSOLUTE) referenced from lto-llvm-0cbb9f.o(.rodata.rom_func_addr_table_var)
 <LI><a href="#[78]">h4tl_init_func</a> from da14531_symbols.txt(ABSOLUTE) referenced from lto-llvm-0cbb9f.o(.rodata.rom_func_addr_table_var)
 <LI><a href="#[7d]">h4tl_out_of_sync_func</a> from da14531_symbols.txt(ABSOLUTE) referenced from lto-llvm-0cbb9f.o(.rodata.rom_func_addr_table_var)
 <LI><a href="#[7a]">h4tl_read_hdr_func</a> from da14531_symbols.txt(ABSOLUTE) referenced from lto-llvm-0cbb9f.o(.rodata.rom_func_addr_table_var)
 <LI><a href="#[7c]">h4tl_read_next_out_of_sync_func</a> from da14531_symbols.txt(ABSOLUTE) referenced from lto-llvm-0cbb9f.o(.rodata.rom_func_addr_table_var)
 <LI><a href="#[7b]">h4tl_read_payl_func</a> from da14531_symbols.txt(ABSOLUTE) referenced from lto-llvm-0cbb9f.o(.rodata.rom_func_addr_table_var)
 <LI><a href="#[79]">h4tl_read_start_func</a> from da14531_symbols.txt(ABSOLUTE) referenced from lto-llvm-0cbb9f.o(.rodata.rom_func_addr_table_var)
 <LI><a href="#[7f]">h4tl_rx_done_func</a> from da14531_symbols.txt(ABSOLUTE) referenced from lto-llvm-0cbb9f.o(.rodata.rom_func_addr_table_var)
 <LI><a href="#[7e]">h4tl_tx_done_func</a> from da14531_symbols.txt(ABSOLUTE) referenced from lto-llvm-0cbb9f.o(.rodata.rom_func_addr_table_var)
 <LI><a href="#[9a]">hci_rd_local_supp_feats_cmd_handler_func</a> from da14531_symbols.txt(ABSOLUTE) referenced from lto-llvm-0cbb9f.o(.rodata.rom_func_addr_table_var)
 <LI><a href="#[26]">i2c_async_complete</a> from lto-llvm-0cbb9f.o(.text.i2c_async_complete) referenced from lto-llvm-0cbb9f.o(.text.main)
 <LI><a href="#[27]">intr_master_receive_buffer_handler</a> from lto-llvm-0cbb9f.o(.text.intr_master_receive_buffer_handler) referenced from lto-llvm-0cbb9f.o(.text.main)
 <LI><a href="#[80]">ke_task_init_func</a> from da14531_symbols.txt(ABSOLUTE) referenced from lto-llvm-0cbb9f.o(.rodata.rom_func_addr_table_var)
 <LI><a href="#[81]">ke_timer_init_func</a> from da14531_symbols.txt(ABSOLUTE) referenced from lto-llvm-0cbb9f.o(.rodata.rom_func_addr_table_var)
 <LI><a href="#[9e]">l2c_process_sdu_func</a> from da14531_symbols.txt(ABSOLUTE) referenced from lto-llvm-0cbb9f.o(.rodata.rom_func_addr_table_var)
 <LI><a href="#[9d]">l2c_send_lecb_message_func</a> from da14531_symbols.txt(ABSOLUTE) referenced from lto-llvm-0cbb9f.o(.rodata.rom_func_addr_table_var)
 <LI><a href="#[9b]">l2cc_pdu_pack_func</a> from da14531_symbols.txt(ABSOLUTE) referenced from lto-llvm-0cbb9f.o(.rodata.rom_func_addr_table_var)
 <LI><a href="#[aa]">llc_le_length_conn_init_func</a> from da14531_symbols.txt(ABSOLUTE) referenced from lto-llvm-0cbb9f.o(.rodata.rom_func_addr_table_var)
 <LI><a href="#[a9]">llc_le_length_effective_func</a> from da14531_symbols.txt(ABSOLUTE) referenced from lto-llvm-0cbb9f.o(.rodata.rom_func_addr_table_var)
 <LI><a href="#[ad]">llc_pdu_send_func</a> from da14531_symbols.txt(ABSOLUTE) referenced from lto-llvm-0cbb9f.o(.rodata.rom_func_addr_table_var)
 <LI><a href="#[ac]">lld_data_tx_check_func</a> from da14531_symbols.txt(ABSOLUTE) referenced from lto-llvm-0cbb9f.o(.rodata.rom_func_addr_table_var)
 <LI><a href="#[ab]">lld_data_tx_prog_func</a> from da14531_symbols.txt(ABSOLUTE) referenced from lto-llvm-0cbb9f.o(.rodata.rom_func_addr_table_var)
 <LI><a href="#[89]">lld_sleep_compensate_func</a> from lto-llvm-0cbb9f.o(.text.lld_sleep_compensate_func) referenced from lto-llvm-0cbb9f.o(.rodata.rom_func_addr_table_var)
 <LI><a href="#[8a]">lld_sleep_init_func</a> from lto-llvm-0cbb9f.o(.text.lld_sleep_init_func) referenced from lto-llvm-0cbb9f.o(.rodata.rom_func_addr_table_var)
 <LI><a href="#[8c]">lld_sleep_lpcycles_2_us_sel_func</a> from lto-llvm-0cbb9f.o(.text.lld_sleep_lpcycles_2_us_sel_func) referenced from lto-llvm-0cbb9f.o(.rodata.rom_func_addr_table_var)
 <LI><a href="#[8b]">lld_sleep_us_2_lpcycles_sel_func</a> from lto-llvm-0cbb9f.o(.text.lld_sleep_us_2_lpcycles_sel_func) referenced from lto-llvm-0cbb9f.o(.rodata.rom_func_addr_table_var)
 <LI><a href="#[8e]">lld_test_mode_tx_func</a> from da14531_symbols.txt(ABSOLUTE) referenced from lto-llvm-0cbb9f.o(.rodata.rom_func_addr_table_var)
 <LI><a href="#[8d]">lld_test_stop_func</a> from da14531_symbols.txt(ABSOLUTE) referenced from lto-llvm-0cbb9f.o(.rodata.rom_func_addr_table_var)
 <LI><a href="#[33]">llm_con_req_ind</a> from da14531_symbols.txt(ABSOLUTE) referenced from patch.o(.constdata)
 <LI><a href="#[a7]">llm_create_p256_key_func</a> from da14531_symbols.txt(ABSOLUTE) referenced from lto-llvm-0cbb9f.o(.rodata.rom_func_addr_table_var)
 <LI><a href="#[82]">llm_encryption_done_func</a> from da14531_symbols.txt(ABSOLUTE) referenced from lto-llvm-0cbb9f.o(.rodata.rom_func_addr_table_var)
 <LI><a href="#[a4]">llm_le_adv_report_ind_func</a> from da14531_symbols.txt(ABSOLUTE) referenced from lto-llvm-0cbb9f.o(.rodata.rom_func_addr_table_var)
 <LI><a href="#[a8]">llm_p256_req_handler_func</a> from da14531_symbols.txt(ABSOLUTE) referenced from lto-llvm-0cbb9f.o(.rodata.rom_func_addr_table_var)
 <LI><a href="#[a6]">llm_p256_start_func</a> from da14531_symbols.txt(ABSOLUTE) referenced from lto-llvm-0cbb9f.o(.rodata.rom_func_addr_table_var)
 <LI><a href="#[1e]">main</a> from lto-llvm-0cbb9f.o(.text.main) referenced from entry9a.o(.ARM.Collect$$$$0000000B)
 <LI><a href="#[85]">nvds_del_func</a> from da14531_symbols.txt(ABSOLUTE) referenced from lto-llvm-0cbb9f.o(.rodata.rom_func_addr_table_var)
 <LI><a href="#[83]">nvds_get_func</a> from da14531_symbols.txt(ABSOLUTE) referenced from lto-llvm-0cbb9f.o(.rodata.rom_func_addr_table_var)
 <LI><a href="#[86]">nvds_init_func</a> from da14531_symbols.txt(ABSOLUTE) referenced from lto-llvm-0cbb9f.o(.rodata.rom_func_addr_table_var)
 <LI><a href="#[84]">nvds_put_func</a> from da14531_symbols.txt(ABSOLUTE) referenced from lto-llvm-0cbb9f.o(.rodata.rom_func_addr_table_var)
 <LI><a href="#[88]">platform_reset_func</a> from lto-llvm-0cbb9f.o(.text.platform_reset_func) referenced from lto-llvm-0cbb9f.o(.rodata.rom_func_addr_table_var)
 <LI><a href="#[93]">prf_add_profile_func</a> from da14531_symbols.txt(ABSOLUTE) referenced from lto-llvm-0cbb9f.o(.rodata.rom_func_addr_table_var)
 <LI><a href="#[95]">prf_cleanup_func</a> from da14531_symbols.txt(ABSOLUTE) referenced from lto-llvm-0cbb9f.o(.rodata.rom_func_addr_table_var)
 <LI><a href="#[94]">prf_create_func</a> from lto-llvm-0cbb9f.o(.text.prf_create_func) referenced from lto-llvm-0cbb9f.o(.rodata.rom_func_addr_table_var)
 <LI><a href="#[96]">prf_get_id_from_task_func</a> from da14531_symbols.txt(ABSOLUTE) referenced from lto-llvm-0cbb9f.o(.rodata.rom_func_addr_table_var)
 <LI><a href="#[97]">prf_get_task_from_id_func</a> from da14531_symbols.txt(ABSOLUTE) referenced from lto-llvm-0cbb9f.o(.rodata.rom_func_addr_table_var)
 <LI><a href="#[92]">prf_init_func</a> from lto-llvm-0cbb9f.o(.text.prf_init_func) referenced from lto-llvm-0cbb9f.o(.rodata.rom_func_addr_table_var)
 <LI><a href="#[2f]">rf_force_agc_enable</a> from lto-llvm-0cbb9f.o(.text.rf_force_agc_enable) referenced from lto-llvm-0cbb9f.o(.text.rf_init_func)
 <LI><a href="#[68]">rf_init_func</a> from lto-llvm-0cbb9f.o(.text.rf_init_func) referenced from lto-llvm-0cbb9f.o(.rodata.rom_func_addr_table_var)
 <LI><a href="#[29]">rf_reg_rd</a> from lto-llvm-0cbb9f.o(.text.rf_reg_rd) referenced from lto-llvm-0cbb9f.o(.text.rf_init_func)
 <LI><a href="#[28]">rf_reg_wr</a> from lto-llvm-0cbb9f.o(.text.rf_reg_wr) referenced from lto-llvm-0cbb9f.o(.text.rf_init_func)
 <LI><a href="#[69]">rf_reinit_func</a> from lto-llvm-0cbb9f.o(.text.rf_reinit_func) referenced from lto-llvm-0cbb9f.o(.rodata.rom_func_addr_table_var)
 <LI><a href="#[2d]">rf_reset</a> from lto-llvm-0cbb9f.o(.text.rf_reset) referenced from lto-llvm-0cbb9f.o(.text.rf_init_func)
 <LI><a href="#[2e]">rf_rssi_convert</a> from lto-llvm-0cbb9f.o(.text.rf_rssi_convert) referenced from lto-llvm-0cbb9f.o(.text.rf_init_func)
 <LI><a href="#[2b]">rf_sleep</a> from lto-llvm-0cbb9f.o(.text.rf_sleep) referenced from lto-llvm-0cbb9f.o(.text.rf_init_func)
 <LI><a href="#[2a]">rf_txpwr_dbm_get</a> from lto-llvm-0cbb9f.o(.text.rf_txpwr_dbm_get) referenced from lto-llvm-0cbb9f.o(.text.rf_init_func)
 <LI><a href="#[7]">rwble_isr</a> from lto-llvm-0cbb9f.o(.text.rwble_isr) referenced from startup_da14531.o(RESET)
 <LI><a href="#[87]">rwip_eif_get_func</a> from da14531_symbols.txt(ABSOLUTE) referenced from lto-llvm-0cbb9f.o(.rodata.rom_func_addr_table_var)
 <LI><a href="#[90]">smpc_check_param_func</a> from da14531_symbols.txt(ABSOLUTE) referenced from lto-llvm-0cbb9f.o(.rodata.rom_func_addr_table_var)
 <LI><a href="#[b2]">smpc_dhkey_calc_ind_func</a> from da14531_symbols.txt(ABSOLUTE) referenced from lto-llvm-0cbb9f.o(.rodata.rom_func_addr_table_var)
 <LI><a href="#[91]">smpc_pdu_recv_func</a> from da14531_symbols.txt(ABSOLUTE) referenced from lto-llvm-0cbb9f.o(.rodata.rom_func_addr_table_var)
 <LI><a href="#[b1]">smpc_public_key_exchange_start_func</a> from da14531_symbols.txt(ABSOLUTE) referenced from lto-llvm-0cbb9f.o(.rodata.rom_func_addr_table_var)
 <LI><a href="#[34]">smpc_recv_pair_rand_pdu</a> from da14531_symbols.txt(ABSOLUTE) referenced from patch.o(.constdata)
 <LI><a href="#[35]">smpc_recv_public_key_exchange_pdu</a> from da14531_symbols.txt(ABSOLUTE) referenced from patch.o(.constdata)
 <LI><a href="#[b3]">smpm_ecdh_key_create_empty_func</a> from lto-llvm-0cbb9f.o(.text.smpm_ecdh_key_create_empty_func) referenced from lto-llvm-0cbb9f.o(.rodata.rom_func_addr_table_var)
 <LI><a href="#[24]">timer_canceled_handler</a> from lto-llvm-0cbb9f.o(.text.timer_canceled_handler) referenced from lto-llvm-0cbb9f.o(.text.app_timer_api_process_handler)
 <LI><a href="#[23]">timer_modified_handler</a> from lto-llvm-0cbb9f.o(.text.timer_modified_handler) referenced from lto-llvm-0cbb9f.o(.text.app_timer_api_process_handler)
 <LI><a href="#[64]">uart_finish_transfers_adapt</a> from lto-llvm-0cbb9f.o(.text.uart_finish_transfers_adapt) referenced from lto-llvm-0cbb9f.o(.rodata.rom_console_cfg)
 <LI><a href="#[6d]">uart_finish_transfers_func</a> from da14531_symbols.txt(ABSOLUTE) referenced from lto-llvm-0cbb9f.o(.rodata.rom_func_addr_table_var)
 <LI><a href="#[6c]">uart_flow_off_func</a> from da14531_symbols.txt(ABSOLUTE) referenced from lto-llvm-0cbb9f.o(.rodata.rom_func_addr_table_var)
 <LI><a href="#[6b]">uart_flow_on_func</a> from da14531_symbols.txt(ABSOLUTE) referenced from lto-llvm-0cbb9f.o(.rodata.rom_func_addr_table_var)
 <LI><a href="#[6a]">uart_init_func</a> from da14531_symbols.txt(ABSOLUTE) referenced from lto-llvm-0cbb9f.o(.rodata.rom_func_addr_table_var)
 <LI><a href="#[6e]">uart_read_func</a> from da14531_symbols.txt(ABSOLUTE) referenced from lto-llvm-0cbb9f.o(.rodata.rom_func_addr_table_var)
 <LI><a href="#[63]">uart_write_adapt</a> from lto-llvm-0cbb9f.o(.text.uart_write_adapt) referenced from lto-llvm-0cbb9f.o(.rodata.rom_console_cfg)
 <LI><a href="#[6f]">uart_write_func</a> from da14531_symbols.txt(ABSOLUTE) referenced from lto-llvm-0cbb9f.o(.rodata.rom_func_addr_table_var)
 <LI><a href="#[b7]">user_app_on_set_dev_config_complete</a> from lto-llvm-0cbb9f.o(.text.user_app_on_set_dev_config_complete) referenced from lto-llvm-0cbb9f.o(.rodata.user_app_callbacks)
 <LI><a href="#[b5]">user_on_connection</a> from lto-llvm-0cbb9f.o(.text.user_on_connection) referenced from lto-llvm-0cbb9f.o(.rodata.user_app_callbacks)
 <LI><a href="#[b6]">user_on_disconnect</a> from lto-llvm-0cbb9f.o(.text.user_on_disconnect) referenced from lto-llvm-0cbb9f.o(.rodata.user_app_callbacks)
</UL>
<P>
<H3>
Global Symbols
</H3>
<P><STRONG><a name="[87]"></a>rwip_eif_get_func</STRONG> (Thumb, 0 bytes, Stack size 0 bytes, da14531_symbols.txt(ABSOLUTE), UNUSED)
<BR>[Address Reference Count : 1]<UL><LI> lto-llvm-0cbb9f.o(.rodata.rom_func_addr_table_var)
</UL>
<P><STRONG><a name="[11e]"></a>ble_init</STRONG> (Thumb, 0 bytes, Stack size 0 bytes, da14531_symbols.txt(ABSOLUTE))
<BR><BR>[Called By]<UL><LI><a href="#[1e]">&gt;&gt;</a>&nbsp;&nbsp;&nbsp;main
</UL>

<P><STRONG><a name="[12e]"></a>ble_regs_push</STRONG> (Thumb, 0 bytes, Stack size 0 bytes, da14531_symbols.txt(ABSOLUTE))
<BR><BR>[Called By]<UL><LI><a href="#[1e]">&gt;&gt;</a>&nbsp;&nbsp;&nbsp;main
</UL>

<P><STRONG><a name="[f5]"></a>ble_regs_pop</STRONG> (Thumb, 0 bytes, Stack size 0 bytes, da14531_symbols.txt(ABSOLUTE))
<BR><BR>[Called By]<UL><LI><a href="#[6]">&gt;&gt;</a>&nbsp;&nbsp;&nbsp;BLE_WAKEUP_LP_Handler
</UL>

<P><STRONG><a name="[13b]"></a>rf_reinit</STRONG> (Thumb, 0 bytes, Stack size 0 bytes, da14531_symbols.txt(ABSOLUTE))
<BR><BR>[Called By]<UL><LI><a href="#[7]">&gt;&gt;</a>&nbsp;&nbsp;&nbsp;rwble_isr
</UL>

<P><STRONG><a name="[cd]"></a>smpc_pdu_recv</STRONG> (Thumb, 0 bytes, Stack size 0 bytes, da14531_symbols.txt(ABSOLUTE))
<BR><BR>[Called By]<UL><LI><a href="#[9f]">&gt;&gt;</a>&nbsp;&nbsp;&nbsp;JT_l2cc_pdu_recv_ind_handler_func
</UL>

<P><STRONG><a name="[8]"></a>UART_Handler</STRONG> (Thumb, 0 bytes, Stack size 0 bytes, da14531_symbols.txt(ABSOLUTE), UNUSED)
<BR>[Address Reference Count : 1]<UL><LI> startup_da14531.o(RESET)
</UL>
<P><STRONG><a name="[102]"></a>dia_rand</STRONG> (Thumb, 0 bytes, Stack size 0 bytes, da14531_symbols.txt(ABSOLUTE))
<BR><BR>[Called By]<UL><LI><a href="#[b0]">&gt;&gt;</a>&nbsp;&nbsp;&nbsp;ba431_get_rand_func
<LI><a href="#[c1]">&gt;&gt;</a>&nbsp;&nbsp;&nbsp;default_app_on_ltk_exch
<LI><a href="#[be]">&gt;&gt;</a>&nbsp;&nbsp;&nbsp;default_app_generate_static_random_addr
</UL>

<P><STRONG><a name="[11d]"></a>dia_srand</STRONG> (Thumb, 0 bytes, Stack size 0 bytes, da14531_symbols.txt(ABSOLUTE))
<BR><BR>[Called By]<UL><LI><a href="#[1e]">&gt;&gt;</a>&nbsp;&nbsp;&nbsp;main
</UL>

<P><STRONG><a name="[ea]"></a>co_buf_rx_free</STRONG> (Thumb, 0 bytes, Stack size 0 bytes, da14531_symbols.txt(ABSOLUTE))
<BR><BR>[Called By]<UL><LI><a href="#[5c]">&gt;&gt;</a>&nbsp;&nbsp;&nbsp;PATCHED_llc_data_ind_handler
</UL>

<P><STRONG><a name="[ce]"></a>co_buf_rx_buffer_get</STRONG> (Thumb, 0 bytes, Stack size 0 bytes, da14531_symbols.txt(ABSOLUTE))
<BR><BR>[Called By]<UL><LI><a href="#[30]">&gt;&gt;</a>&nbsp;&nbsp;&nbsp;PATCHED_llm_con_req_ind
</UL>

<P><STRONG><a name="[d4]"></a>co_buf_tx_buffer_get</STRONG> (Thumb, 0 bytes, Stack size 0 bytes, da14531_symbols.txt(ABSOLUTE))
<BR><BR>[Called By]<UL><LI><a href="#[30]">&gt;&gt;</a>&nbsp;&nbsp;&nbsp;PATCHED_llm_con_req_ind
</UL>

<P><STRONG><a name="[a9]"></a>llc_le_length_effective_func</STRONG> (Thumb, 0 bytes, Stack size 0 bytes, da14531_symbols.txt(ABSOLUTE), UNUSED)
<BR>[Address Reference Count : 1]<UL><LI> lto-llvm-0cbb9f.o(.rodata.rom_func_addr_table_var)
</UL>
<P><STRONG><a name="[aa]"></a>llc_le_length_conn_init_func</STRONG> (Thumb, 0 bytes, Stack size 0 bytes, da14531_symbols.txt(ABSOLUTE), UNUSED)
<BR>[Address Reference Count : 1]<UL><LI> lto-llvm-0cbb9f.o(.rodata.rom_func_addr_table_var)
</UL>
<P><STRONG><a name="[d5]"></a>llc_le_con_cmp_evt_send</STRONG> (Thumb, 0 bytes, Stack size 0 bytes, da14531_symbols.txt(ABSOLUTE))
<BR><BR>[Called By]<UL><LI><a href="#[30]">&gt;&gt;</a>&nbsp;&nbsp;&nbsp;PATCHED_llm_con_req_ind
</UL>

<P><STRONG><a name="[dd]"></a>llc_start</STRONG> (Thumb, 0 bytes, Stack size 0 bytes, da14531_symbols.txt(ABSOLUTE))
<BR><BR>[Called By]<UL><LI><a href="#[30]">&gt;&gt;</a>&nbsp;&nbsp;&nbsp;PATCHED_llm_con_req_ind
</UL>

<P><STRONG><a name="[ec]"></a>llc_common_enc_key_ref_comp_evt_send</STRONG> (Thumb, 0 bytes, Stack size 0 bytes, da14531_symbols.txt(ABSOLUTE))
<BR><BR>[Called By]<UL><LI><a href="#[5c]">&gt;&gt;</a>&nbsp;&nbsp;&nbsp;PATCHED_llc_data_ind_handler
</UL>

<P><STRONG><a name="[ed]"></a>llc_common_enc_change_evt_send</STRONG> (Thumb, 0 bytes, Stack size 0 bytes, da14531_symbols.txt(ABSOLUTE))
<BR><BR>[Called By]<UL><LI><a href="#[5c]">&gt;&gt;</a>&nbsp;&nbsp;&nbsp;PATCHED_llc_data_ind_handler
</UL>

<P><STRONG><a name="[ad]"></a>llc_pdu_send_func</STRONG> (Thumb, 0 bytes, Stack size 0 bytes, da14531_symbols.txt(ABSOLUTE), UNUSED)
<BR>[Address Reference Count : 1]<UL><LI> lto-llvm-0cbb9f.o(.rodata.rom_func_addr_table_var)
</UL>
<P><STRONG><a name="[f0]"></a>llc_lsto_timer_restart</STRONG> (Thumb, 0 bytes, Stack size 0 bytes, da14531_symbols.txt(ABSOLUTE))
<BR><BR>[Called By]<UL><LI><a href="#[5d]">&gt;&gt;</a>&nbsp;&nbsp;&nbsp;PATCHED_lld_data_ind_handler
</UL>

<P><STRONG><a name="[f1]"></a>lld_data_ind_handler</STRONG> (Thumb, 0 bytes, Stack size 0 bytes, da14531_symbols.txt(ABSOLUTE))
<BR><BR>[Called By]<UL><LI><a href="#[5d]">&gt;&gt;</a>&nbsp;&nbsp;&nbsp;PATCHED_lld_data_ind_handler
</UL>

<P><STRONG><a name="[cf]"></a>llc_util_get_free_conhdl</STRONG> (Thumb, 0 bytes, Stack size 0 bytes, da14531_symbols.txt(ABSOLUTE))
<BR><BR>[Called By]<UL><LI><a href="#[30]">&gt;&gt;</a>&nbsp;&nbsp;&nbsp;PATCHED_llm_con_req_ind
</UL>

<P><STRONG><a name="[ee]"></a>llc_util_dicon_procedure</STRONG> (Thumb, 0 bytes, Stack size 0 bytes, da14531_symbols.txt(ABSOLUTE))
<BR><BR>[Called By]<UL><LI><a href="#[5c]">&gt;&gt;</a>&nbsp;&nbsp;&nbsp;PATCHED_llc_data_ind_handler
</UL>

<P><STRONG><a name="[de]"></a>llc_util_update_channel_map</STRONG> (Thumb, 0 bytes, Stack size 0 bytes, da14531_symbols.txt(ABSOLUTE))
<BR><BR>[Called By]<UL><LI><a href="#[30]">&gt;&gt;</a>&nbsp;&nbsp;&nbsp;PATCHED_llm_con_req_ind
</UL>

<P><STRONG><a name="[eb]"></a>lld_get_mode</STRONG> (Thumb, 0 bytes, Stack size 0 bytes, da14531_symbols.txt(ABSOLUTE))
<BR><BR>[Called By]<UL><LI><a href="#[5c]">&gt;&gt;</a>&nbsp;&nbsp;&nbsp;PATCHED_llc_data_ind_handler
</UL>

<P><STRONG><a name="[dc]"></a>lld_move_to_slave</STRONG> (Thumb, 0 bytes, Stack size 0 bytes, da14531_symbols.txt(ABSOLUTE))
<BR><BR>[Called By]<UL><LI><a href="#[30]">&gt;&gt;</a>&nbsp;&nbsp;&nbsp;PATCHED_llm_con_req_ind
</UL>

<P><STRONG><a name="[139]"></a>lld_crypt_isr</STRONG> (Thumb, 0 bytes, Stack size 0 bytes, da14531_symbols.txt(ABSOLUTE))
<BR><BR>[Called By]<UL><LI><a href="#[7]">&gt;&gt;</a>&nbsp;&nbsp;&nbsp;rwble_isr
</UL>

<P><STRONG><a name="[8e]"></a>lld_test_mode_tx_func</STRONG> (Thumb, 0 bytes, Stack size 0 bytes, da14531_symbols.txt(ABSOLUTE), UNUSED)
<BR>[Address Reference Count : 1]<UL><LI> lto-llvm-0cbb9f.o(.rodata.rom_func_addr_table_var)
</UL>
<P><STRONG><a name="[8d]"></a>lld_test_stop_func</STRONG> (Thumb, 0 bytes, Stack size 0 bytes, da14531_symbols.txt(ABSOLUTE), UNUSED)
<BR>[Address Reference Count : 1]<UL><LI> lto-llvm-0cbb9f.o(.rodata.rom_func_addr_table_var)
</UL>
<P><STRONG><a name="[ac]"></a>lld_data_tx_check_func</STRONG> (Thumb, 0 bytes, Stack size 0 bytes, da14531_symbols.txt(ABSOLUTE), UNUSED)
<BR>[Address Reference Count : 1]<UL><LI> lto-llvm-0cbb9f.o(.rodata.rom_func_addr_table_var)
</UL>
<P><STRONG><a name="[ab]"></a>lld_data_tx_prog_func</STRONG> (Thumb, 0 bytes, Stack size 0 bytes, da14531_symbols.txt(ABSOLUTE), UNUSED)
<BR>[Address Reference Count : 1]<UL><LI> lto-llvm-0cbb9f.o(.rodata.rom_func_addr_table_var)
</UL>
<P><STRONG><a name="[d6]"></a>lld_evt_elt_delete</STRONG> (Thumb, 0 bytes, Stack size 0 bytes, da14531_symbols.txt(ABSOLUTE))
<BR><BR>[Called By]<UL><LI><a href="#[30]">&gt;&gt;</a>&nbsp;&nbsp;&nbsp;PATCHED_llm_con_req_ind
</UL>

<P><STRONG><a name="[c8]"></a>lld_evt_elt_insert</STRONG> (Thumb, 0 bytes, Stack size 0 bytes, da14531_symbols.txt(ABSOLUTE))
<BR><BR>[Called By]<UL><LI><a href="#[8f]">&gt;&gt;</a>&nbsp;&nbsp;&nbsp;JT_lld_test_mode_rx_func
</UL>

<P><STRONG><a name="[c6]"></a>lld_evt_adv_create</STRONG> (Thumb, 0 bytes, Stack size 0 bytes, da14531_symbols.txt(ABSOLUTE))
<BR><BR>[Called By]<UL><LI><a href="#[8f]">&gt;&gt;</a>&nbsp;&nbsp;&nbsp;JT_lld_test_mode_rx_func
</UL>

<P><STRONG><a name="[138]"></a>lld_evt_timer_isr</STRONG> (Thumb, 0 bytes, Stack size 0 bytes, da14531_symbols.txt(ABSOLUTE))
<BR><BR>[Called By]<UL><LI><a href="#[7]">&gt;&gt;</a>&nbsp;&nbsp;&nbsp;rwble_isr
</UL>

<P><STRONG><a name="[134]"></a>lld_evt_end_isr</STRONG> (Thumb, 0 bytes, Stack size 0 bytes, da14531_symbols.txt(ABSOLUTE))
<BR><BR>[Called By]<UL><LI><a href="#[7]">&gt;&gt;</a>&nbsp;&nbsp;&nbsp;rwble_isr
</UL>

<P><STRONG><a name="[136]"></a>lld_evt_rx_isr</STRONG> (Thumb, 0 bytes, Stack size 0 bytes, da14531_symbols.txt(ABSOLUTE))
<BR><BR>[Called By]<UL><LI><a href="#[7]">&gt;&gt;</a>&nbsp;&nbsp;&nbsp;rwble_isr
</UL>

<P><STRONG><a name="[12d]"></a>lld_sleep_enter</STRONG> (Thumb, 0 bytes, Stack size 0 bytes, da14531_symbols.txt(ABSOLUTE))
<BR><BR>[Called By]<UL><LI><a href="#[1e]">&gt;&gt;</a>&nbsp;&nbsp;&nbsp;main
</UL>

<P><STRONG><a name="[c7]"></a>lld_util_freq2chnl</STRONG> (Thumb, 0 bytes, Stack size 0 bytes, da14531_symbols.txt(ABSOLUTE))
<BR><BR>[Called By]<UL><LI><a href="#[8f]">&gt;&gt;</a>&nbsp;&nbsp;&nbsp;JT_lld_test_mode_rx_func
</UL>

<P><STRONG><a name="[df]"></a>llm_wl_from_rl_restore</STRONG> (Thumb, 0 bytes, Stack size 0 bytes, da14531_symbols.txt(ABSOLUTE))
<BR><BR>[Called By]<UL><LI><a href="#[30]">&gt;&gt;</a>&nbsp;&nbsp;&nbsp;PATCHED_llm_con_req_ind
</UL>

<P><STRONG><a name="[33]"></a>llm_con_req_ind</STRONG> (Thumb, 0 bytes, Stack size 0 bytes, da14531_symbols.txt(ABSOLUTE), UNUSED)
<BR>[Address Reference Count : 1]<UL><LI> patch.o(.constdata)
</UL>
<P><STRONG><a name="[a4]"></a>llm_le_adv_report_ind_func</STRONG> (Thumb, 0 bytes, Stack size 0 bytes, da14531_symbols.txt(ABSOLUTE), UNUSED)
<BR>[Address Reference Count : 1]<UL><LI> lto-llvm-0cbb9f.o(.rodata.rom_func_addr_table_var)
</UL>
<P><STRONG><a name="[82]"></a>llm_encryption_done_func</STRONG> (Thumb, 0 bytes, Stack size 0 bytes, da14531_symbols.txt(ABSOLUTE), UNUSED)
<BR>[Address Reference Count : 1]<UL><LI> lto-llvm-0cbb9f.o(.rodata.rom_func_addr_table_var)
</UL>
<P><STRONG><a name="[a6]"></a>llm_p256_start_func</STRONG> (Thumb, 0 bytes, Stack size 0 bytes, da14531_symbols.txt(ABSOLUTE), UNUSED)
<BR>[Address Reference Count : 1]<UL><LI> lto-llvm-0cbb9f.o(.rodata.rom_func_addr_table_var)
</UL>
<P><STRONG><a name="[a7]"></a>llm_create_p256_key_func</STRONG> (Thumb, 0 bytes, Stack size 0 bytes, da14531_symbols.txt(ABSOLUTE), UNUSED)
<BR>[Address Reference Count : 1]<UL><LI> lto-llvm-0cbb9f.o(.rodata.rom_func_addr_table_var)
</UL>
<P><STRONG><a name="[d8]"></a>llm_wlpub_addr_set</STRONG> (Thumb, 0 bytes, Stack size 0 bytes, da14531_symbols.txt(ABSOLUTE))
<BR><BR>[Called By]<UL><LI><a href="#[30]">&gt;&gt;</a>&nbsp;&nbsp;&nbsp;PATCHED_llm_con_req_ind
</UL>

<P><STRONG><a name="[d9]"></a>llm_wlpriv_addr_set</STRONG> (Thumb, 0 bytes, Stack size 0 bytes, da14531_symbols.txt(ABSOLUTE))
<BR><BR>[Called By]<UL><LI><a href="#[30]">&gt;&gt;</a>&nbsp;&nbsp;&nbsp;PATCHED_llm_con_req_ind
</UL>

<P><STRONG><a name="[a8]"></a>llm_p256_req_handler_func</STRONG> (Thumb, 0 bytes, Stack size 0 bytes, da14531_symbols.txt(ABSOLUTE), UNUSED)
<BR>[Address Reference Count : 1]<UL><LI> lto-llvm-0cbb9f.o(.rodata.rom_func_addr_table_var)
</UL>
<P><STRONG><a name="[9a]"></a>hci_rd_local_supp_feats_cmd_handler_func</STRONG> (Thumb, 0 bytes, Stack size 0 bytes, da14531_symbols.txt(ABSOLUTE), UNUSED)
<BR>[Address Reference Count : 1]<UL><LI> lto-llvm-0cbb9f.o(.rodata.rom_func_addr_table_var)
</UL>
<P><STRONG><a name="[d7]"></a>llm_util_bd_addr_in_wl</STRONG> (Thumb, 0 bytes, Stack size 0 bytes, da14531_symbols.txt(ABSOLUTE))
<BR><BR>[Called By]<UL><LI><a href="#[30]">&gt;&gt;</a>&nbsp;&nbsp;&nbsp;PATCHED_llm_con_req_ind
</UL>

<P><STRONG><a name="[da]"></a>llm_util_bl_check</STRONG> (Thumb, 0 bytes, Stack size 0 bytes, da14531_symbols.txt(ABSOLUTE))
<BR><BR>[Called By]<UL><LI><a href="#[30]">&gt;&gt;</a>&nbsp;&nbsp;&nbsp;PATCHED_llm_con_req_ind
</UL>

<P><STRONG><a name="[db]"></a>llm_util_bl_add</STRONG> (Thumb, 0 bytes, Stack size 0 bytes, da14531_symbols.txt(ABSOLUTE))
<BR><BR>[Called By]<UL><LI><a href="#[30]">&gt;&gt;</a>&nbsp;&nbsp;&nbsp;PATCHED_llm_con_req_ind
</UL>

<P><STRONG><a name="[d0]"></a>llm_util_rl_check</STRONG> (Thumb, 0 bytes, Stack size 0 bytes, da14531_symbols.txt(ABSOLUTE))
<BR><BR>[Called By]<UL><LI><a href="#[30]">&gt;&gt;</a>&nbsp;&nbsp;&nbsp;PATCHED_llm_con_req_ind
</UL>

<P><STRONG><a name="[d1]"></a>llm_util_rl_peer_find</STRONG> (Thumb, 0 bytes, Stack size 0 bytes, da14531_symbols.txt(ABSOLUTE))
<BR><BR>[Called By]<UL><LI><a href="#[30]">&gt;&gt;</a>&nbsp;&nbsp;&nbsp;PATCHED_llm_con_req_ind
</UL>

<P><STRONG><a name="[d3]"></a>llm_util_rl_peer_resolv</STRONG> (Thumb, 0 bytes, Stack size 0 bytes, da14531_symbols.txt(ABSOLUTE))
<BR><BR>[Called By]<UL><LI><a href="#[30]">&gt;&gt;</a>&nbsp;&nbsp;&nbsp;PATCHED_llm_con_req_ind
</UL>

<P><STRONG><a name="[a5]"></a>PK_PointMult_func</STRONG> (Thumb, 0 bytes, Stack size 0 bytes, da14531_symbols.txt(ABSOLUTE), UNUSED)
<BR>[Address Reference Count : 1]<UL><LI> lto-llvm-0cbb9f.o(.rodata.rom_func_addr_table_var)
</UL>
<P><STRONG><a name="[135]"></a>ea_finetimer_isr</STRONG> (Thumb, 0 bytes, Stack size 0 bytes, da14531_symbols.txt(ABSOLUTE))
<BR><BR>[Called By]<UL><LI><a href="#[7]">&gt;&gt;</a>&nbsp;&nbsp;&nbsp;rwble_isr
</UL>

<P><STRONG><a name="[137]"></a>ea_sw_isr</STRONG> (Thumb, 0 bytes, Stack size 0 bytes, da14531_symbols.txt(ABSOLUTE))
<BR><BR>[Called By]<UL><LI><a href="#[7]">&gt;&gt;</a>&nbsp;&nbsp;&nbsp;rwble_isr
</UL>

<P><STRONG><a name="[126]"></a>ea_sleep_check</STRONG> (Thumb, 0 bytes, Stack size 0 bytes, da14531_symbols.txt(ABSOLUTE))
<BR><BR>[Called By]<UL><LI><a href="#[1e]">&gt;&gt;</a>&nbsp;&nbsp;&nbsp;main
</UL>

<P><STRONG><a name="[6a]"></a>uart_init_func</STRONG> (Thumb, 0 bytes, Stack size 0 bytes, da14531_symbols.txt(ABSOLUTE), UNUSED)
<BR>[Address Reference Count : 1]<UL><LI> lto-llvm-0cbb9f.o(.rodata.rom_func_addr_table_var)
</UL>
<P><STRONG><a name="[6b]"></a>uart_flow_on_func</STRONG> (Thumb, 0 bytes, Stack size 0 bytes, da14531_symbols.txt(ABSOLUTE), UNUSED)
<BR>[Address Reference Count : 1]<UL><LI> lto-llvm-0cbb9f.o(.rodata.rom_func_addr_table_var)
</UL>
<P><STRONG><a name="[6c]"></a>uart_flow_off_func</STRONG> (Thumb, 0 bytes, Stack size 0 bytes, da14531_symbols.txt(ABSOLUTE), UNUSED)
<BR>[Address Reference Count : 1]<UL><LI> lto-llvm-0cbb9f.o(.rodata.rom_func_addr_table_var)
</UL>
<P><STRONG><a name="[6d]"></a>uart_finish_transfers_func</STRONG> (Thumb, 0 bytes, Stack size 0 bytes, da14531_symbols.txt(ABSOLUTE), UNUSED)
<BR>[Address Reference Count : 1]<UL><LI> lto-llvm-0cbb9f.o(.rodata.rom_func_addr_table_var)
</UL>
<P><STRONG><a name="[6e]"></a>uart_read_func</STRONG> (Thumb, 0 bytes, Stack size 0 bytes, da14531_symbols.txt(ABSOLUTE), UNUSED)
<BR>[Address Reference Count : 1]<UL><LI> lto-llvm-0cbb9f.o(.rodata.rom_func_addr_table_var)
</UL>
<P><STRONG><a name="[6f]"></a>uart_write_func</STRONG> (Thumb, 0 bytes, Stack size 0 bytes, da14531_symbols.txt(ABSOLUTE), UNUSED)
<BR>[Address Reference Count : 1]<UL><LI> lto-llvm-0cbb9f.o(.rodata.rom_func_addr_table_var)
</UL>
<P><STRONG><a name="[70]"></a>UART_Handler_func</STRONG> (Thumb, 0 bytes, Stack size 0 bytes, da14531_symbols.txt(ABSOLUTE), UNUSED)
<BR>[Address Reference Count : 1]<UL><LI> lto-llvm-0cbb9f.o(.rodata.rom_func_addr_table_var)
</UL>
<P><STRONG><a name="[71]"></a>gtl_init_func</STRONG> (Thumb, 0 bytes, Stack size 0 bytes, da14531_symbols.txt(ABSOLUTE), UNUSED)
<BR>[Address Reference Count : 1]<UL><LI> lto-llvm-0cbb9f.o(.rodata.rom_func_addr_table_var)
</UL>
<P><STRONG><a name="[73]"></a>gtl_eif_read_start_func</STRONG> (Thumb, 0 bytes, Stack size 0 bytes, da14531_symbols.txt(ABSOLUTE), UNUSED)
<BR>[Address Reference Count : 1]<UL><LI> lto-llvm-0cbb9f.o(.rodata.rom_func_addr_table_var)
</UL>
<P><STRONG><a name="[74]"></a>gtl_eif_read_hdr_func</STRONG> (Thumb, 0 bytes, Stack size 0 bytes, da14531_symbols.txt(ABSOLUTE), UNUSED)
<BR>[Address Reference Count : 1]<UL><LI> lto-llvm-0cbb9f.o(.rodata.rom_func_addr_table_var)
</UL>
<P><STRONG><a name="[75]"></a>gtl_eif_read_payl_func</STRONG> (Thumb, 0 bytes, Stack size 0 bytes, da14531_symbols.txt(ABSOLUTE), UNUSED)
<BR>[Address Reference Count : 1]<UL><LI> lto-llvm-0cbb9f.o(.rodata.rom_func_addr_table_var)
</UL>
<P><STRONG><a name="[76]"></a>gtl_eif_tx_done_func</STRONG> (Thumb, 0 bytes, Stack size 0 bytes, da14531_symbols.txt(ABSOLUTE), UNUSED)
<BR>[Address Reference Count : 1]<UL><LI> lto-llvm-0cbb9f.o(.rodata.rom_func_addr_table_var)
</UL>
<P><STRONG><a name="[77]"></a>gtl_eif_rx_done_func</STRONG> (Thumb, 0 bytes, Stack size 0 bytes, da14531_symbols.txt(ABSOLUTE), UNUSED)
<BR>[Address Reference Count : 1]<UL><LI> lto-llvm-0cbb9f.o(.rodata.rom_func_addr_table_var)
</UL>
<P><STRONG><a name="[72]"></a>gtl_eif_init_func</STRONG> (Thumb, 0 bytes, Stack size 0 bytes, da14531_symbols.txt(ABSOLUTE), UNUSED)
<BR>[Address Reference Count : 1]<UL><LI> lto-llvm-0cbb9f.o(.rodata.rom_func_addr_table_var)
</UL>
<P><STRONG><a name="[ef]"></a>hci_send_2_host</STRONG> (Thumb, 0 bytes, Stack size 0 bytes, da14531_symbols.txt(ABSOLUTE))
<BR><BR>[Called By]<UL><LI><a href="#[5c]">&gt;&gt;</a>&nbsp;&nbsp;&nbsp;PATCHED_llc_data_ind_handler
</UL>

<P><STRONG><a name="[79]"></a>h4tl_read_start_func</STRONG> (Thumb, 0 bytes, Stack size 0 bytes, da14531_symbols.txt(ABSOLUTE), UNUSED)
<BR>[Address Reference Count : 1]<UL><LI> lto-llvm-0cbb9f.o(.rodata.rom_func_addr_table_var)
</UL>
<P><STRONG><a name="[7a]"></a>h4tl_read_hdr_func</STRONG> (Thumb, 0 bytes, Stack size 0 bytes, da14531_symbols.txt(ABSOLUTE), UNUSED)
<BR>[Address Reference Count : 1]<UL><LI> lto-llvm-0cbb9f.o(.rodata.rom_func_addr_table_var)
</UL>
<P><STRONG><a name="[7b]"></a>h4tl_read_payl_func</STRONG> (Thumb, 0 bytes, Stack size 0 bytes, da14531_symbols.txt(ABSOLUTE), UNUSED)
<BR>[Address Reference Count : 1]<UL><LI> lto-llvm-0cbb9f.o(.rodata.rom_func_addr_table_var)
</UL>
<P><STRONG><a name="[7c]"></a>h4tl_read_next_out_of_sync_func</STRONG> (Thumb, 0 bytes, Stack size 0 bytes, da14531_symbols.txt(ABSOLUTE), UNUSED)
<BR>[Address Reference Count : 1]<UL><LI> lto-llvm-0cbb9f.o(.rodata.rom_func_addr_table_var)
</UL>
<P><STRONG><a name="[7d]"></a>h4tl_out_of_sync_func</STRONG> (Thumb, 0 bytes, Stack size 0 bytes, da14531_symbols.txt(ABSOLUTE), UNUSED)
<BR>[Address Reference Count : 1]<UL><LI> lto-llvm-0cbb9f.o(.rodata.rom_func_addr_table_var)
</UL>
<P><STRONG><a name="[7e]"></a>h4tl_tx_done_func</STRONG> (Thumb, 0 bytes, Stack size 0 bytes, da14531_symbols.txt(ABSOLUTE), UNUSED)
<BR>[Address Reference Count : 1]<UL><LI> lto-llvm-0cbb9f.o(.rodata.rom_func_addr_table_var)
</UL>
<P><STRONG><a name="[7f]"></a>h4tl_rx_done_func</STRONG> (Thumb, 0 bytes, Stack size 0 bytes, da14531_symbols.txt(ABSOLUTE), UNUSED)
<BR>[Address Reference Count : 1]<UL><LI> lto-llvm-0cbb9f.o(.rodata.rom_func_addr_table_var)
</UL>
<P><STRONG><a name="[78]"></a>h4tl_init_func</STRONG> (Thumb, 0 bytes, Stack size 0 bytes, da14531_symbols.txt(ABSOLUTE), UNUSED)
<BR>[Address Reference Count : 1]<UL><LI> lto-llvm-0cbb9f.o(.rodata.rom_func_addr_table_var)
</UL>
<P><STRONG><a name="[a2]"></a>attc_l2cc_pdu_recv_handler_func</STRONG> (Thumb, 0 bytes, Stack size 0 bytes, da14531_symbols.txt(ABSOLUTE), UNUSED)
<BR>[Address Reference Count : 1]<UL><LI> lto-llvm-0cbb9f.o(.rodata.rom_func_addr_table_var)
</UL>
<P><STRONG><a name="[110]"></a>attmdb_get_attribute</STRONG> (Thumb, 0 bytes, Stack size 0 bytes, da14531_symbols.txt(ABSOLUTE))
<BR><BR>[Called By]<UL><LI><a href="#[54]">&gt;&gt;</a>&nbsp;&nbsp;&nbsp;gattc_write_req_ind_handler
</UL>

<P><STRONG><a name="[111]"></a>attmdb_att_set_value</STRONG> (Thumb, 0 bytes, Stack size 0 bytes, da14531_symbols.txt(ABSOLUTE))
<BR><BR>[Called By]<UL><LI><a href="#[54]">&gt;&gt;</a>&nbsp;&nbsp;&nbsp;gattc_write_req_ind_handler
</UL>

<P><STRONG><a name="[10d]"></a>attmdb_att_get_permission</STRONG> (Thumb, 0 bytes, Stack size 0 bytes, da14531_symbols.txt(ABSOLUTE))
<BR><BR>[Called By]<UL><LI><a href="#[54]">&gt;&gt;</a>&nbsp;&nbsp;&nbsp;gattc_write_req_ind_handler
</UL>

<P><STRONG><a name="[a1]"></a>atts_l2cc_pdu_recv_handler_func</STRONG> (Thumb, 0 bytes, Stack size 0 bytes, da14531_symbols.txt(ABSOLUTE), UNUSED)
<BR>[Address Reference Count : 1]<UL><LI> lto-llvm-0cbb9f.o(.rodata.rom_func_addr_table_var)
</UL>
<P><STRONG><a name="[e4]"></a>smpc_generate_e1</STRONG> (Thumb, 0 bytes, Stack size 0 bytes, da14531_symbols.txt(ABSOLUTE))
<BR><BR>[Called By]<UL><LI><a href="#[31]">&gt;&gt;</a>&nbsp;&nbsp;&nbsp;PATCHED_smpc_recv_pair_rand_pdu
</UL>

<P><STRONG><a name="[e6]"></a>smpc_pairing_end</STRONG> (Thumb, 0 bytes, Stack size 0 bytes, da14531_symbols.txt(ABSOLUTE))
<BR><BR>[Called By]<UL><LI><a href="#[32]">&gt;&gt;</a>&nbsp;&nbsp;&nbsp;PATCHED_smpc_recv_public_key_exchange_pdu
<LI><a href="#[31]">&gt;&gt;</a>&nbsp;&nbsp;&nbsp;PATCHED_smpc_recv_pair_rand_pdu
</UL>

<P><STRONG><a name="[e5]"></a>smpc_pdu_send</STRONG> (Thumb, 0 bytes, Stack size 0 bytes, da14531_symbols.txt(ABSOLUTE))
<BR><BR>[Called By]<UL><LI><a href="#[32]">&gt;&gt;</a>&nbsp;&nbsp;&nbsp;PATCHED_smpc_recv_public_key_exchange_pdu
<LI><a href="#[31]">&gt;&gt;</a>&nbsp;&nbsp;&nbsp;PATCHED_smpc_recv_pair_rand_pdu
</UL>

<P><STRONG><a name="[91]"></a>smpc_pdu_recv_func</STRONG> (Thumb, 0 bytes, Stack size 0 bytes, da14531_symbols.txt(ABSOLUTE), UNUSED)
<BR>[Address Reference Count : 1]<UL><LI> lto-llvm-0cbb9f.o(.rodata.rom_func_addr_table_var)
</UL>
<P><STRONG><a name="[e2]"></a>smpc_generate_f4</STRONG> (Thumb, 0 bytes, Stack size 0 bytes, da14531_symbols.txt(ABSOLUTE))
<BR><BR>[Called By]<UL><LI><a href="#[31]">&gt;&gt;</a>&nbsp;&nbsp;&nbsp;PATCHED_smpc_recv_pair_rand_pdu
</UL>

<P><STRONG><a name="[e7]"></a>smpc_generate_g2</STRONG> (Thumb, 0 bytes, Stack size 0 bytes, da14531_symbols.txt(ABSOLUTE))
<BR><BR>[Called By]<UL><LI><a href="#[31]">&gt;&gt;</a>&nbsp;&nbsp;&nbsp;PATCHED_smpc_recv_pair_rand_pdu
</UL>

<P><STRONG><a name="[e8]"></a>smpc_generate_f5</STRONG> (Thumb, 0 bytes, Stack size 0 bytes, da14531_symbols.txt(ABSOLUTE))
<BR><BR>[Called By]<UL><LI><a href="#[31]">&gt;&gt;</a>&nbsp;&nbsp;&nbsp;PATCHED_smpc_recv_pair_rand_pdu
</UL>

<P><STRONG><a name="[e3]"></a>gapc_get_role</STRONG> (Thumb, 0 bytes, Stack size 0 bytes, da14531_symbols.txt(ABSOLUTE))
<BR><BR>[Called By]<UL><LI><a href="#[32]">&gt;&gt;</a>&nbsp;&nbsp;&nbsp;PATCHED_smpc_recv_public_key_exchange_pdu
<LI><a href="#[31]">&gt;&gt;</a>&nbsp;&nbsp;&nbsp;PATCHED_smpc_recv_pair_rand_pdu
</UL>

<P><STRONG><a name="[c9]"></a>gapc_lecnx_check_rx</STRONG> (Thumb, 0 bytes, Stack size 0 bytes, da14531_symbols.txt(ABSOLUTE))
<BR><BR>[Called By]<UL><LI><a href="#[9c]">&gt;&gt;</a>&nbsp;&nbsp;&nbsp;JT_l2cc_pdu_unpack_func
</UL>

<P><STRONG><a name="[cc]"></a>l2cc_pdu_recv_ind_handler_func</STRONG> (Thumb, 0 bytes, Stack size 0 bytes, da14531_symbols.txt(ABSOLUTE))
<BR><BR>[Called By]<UL><LI><a href="#[9f]">&gt;&gt;</a>&nbsp;&nbsp;&nbsp;JT_l2cc_pdu_recv_ind_handler_func
</UL>

<P><STRONG><a name="[a0]"></a>gapc_lecb_connect_cfm_handler_func</STRONG> (Thumb, 0 bytes, Stack size 0 bytes, da14531_symbols.txt(ABSOLUTE), UNUSED)
<BR>[Address Reference Count : 1]<UL><LI> lto-llvm-0cbb9f.o(.rodata.rom_func_addr_table_var)
</UL>
<P><STRONG><a name="[9b]"></a>l2cc_pdu_pack_func</STRONG> (Thumb, 0 bytes, Stack size 0 bytes, da14531_symbols.txt(ABSOLUTE), UNUSED)
<BR>[Address Reference Count : 1]<UL><LI> lto-llvm-0cbb9f.o(.rodata.rom_func_addr_table_var)
</UL>
<P><STRONG><a name="[9e]"></a>l2c_process_sdu_func</STRONG> (Thumb, 0 bytes, Stack size 0 bytes, da14531_symbols.txt(ABSOLUTE), UNUSED)
<BR>[Address Reference Count : 1]<UL><LI> lto-llvm-0cbb9f.o(.rodata.rom_func_addr_table_var)
</UL>
<P><STRONG><a name="[9d]"></a>l2c_send_lecb_message_func</STRONG> (Thumb, 0 bytes, Stack size 0 bytes, da14531_symbols.txt(ABSOLUTE), UNUSED)
<BR>[Address Reference Count : 1]<UL><LI> lto-llvm-0cbb9f.o(.rodata.rom_func_addr_table_var)
</UL>
<P><STRONG><a name="[90]"></a>smpc_check_param_func</STRONG> (Thumb, 0 bytes, Stack size 0 bytes, da14531_symbols.txt(ABSOLUTE), UNUSED)
<BR>[Address Reference Count : 1]<UL><LI> lto-llvm-0cbb9f.o(.rodata.rom_func_addr_table_var)
</UL>
<P><STRONG><a name="[34]"></a>smpc_recv_pair_rand_pdu</STRONG> (Thumb, 0 bytes, Stack size 0 bytes, da14531_symbols.txt(ABSOLUTE), UNUSED)
<BR>[Address Reference Count : 1]<UL><LI> patch.o(.constdata)
</UL>
<P><STRONG><a name="[35]"></a>smpc_recv_public_key_exchange_pdu</STRONG> (Thumb, 0 bytes, Stack size 0 bytes, da14531_symbols.txt(ABSOLUTE), UNUSED)
<BR>[Address Reference Count : 1]<UL><LI> patch.o(.constdata)
</UL>
<P><STRONG><a name="[b1]"></a>smpc_public_key_exchange_start_func</STRONG> (Thumb, 0 bytes, Stack size 0 bytes, da14531_symbols.txt(ABSOLUTE), UNUSED)
<BR>[Address Reference Count : 1]<UL><LI> lto-llvm-0cbb9f.o(.rodata.rom_func_addr_table_var)
</UL>
<P><STRONG><a name="[e9]"></a>smpc_dhkey_calc_start</STRONG> (Thumb, 0 bytes, Stack size 0 bytes, da14531_symbols.txt(ABSOLUTE))
<BR><BR>[Called By]<UL><LI><a href="#[32]">&gt;&gt;</a>&nbsp;&nbsp;&nbsp;PATCHED_smpc_recv_public_key_exchange_pdu
</UL>

<P><STRONG><a name="[b2]"></a>smpc_dhkey_calc_ind_func</STRONG> (Thumb, 0 bytes, Stack size 0 bytes, da14531_symbols.txt(ABSOLUTE), UNUSED)
<BR>[Address Reference Count : 1]<UL><LI> lto-llvm-0cbb9f.o(.rodata.rom_func_addr_table_var)
</UL>
<P><STRONG><a name="[12b]"></a>ke_sleep_check</STRONG> (Thumb, 0 bytes, Stack size 0 bytes, da14531_symbols.txt(ABSOLUTE))
<BR><BR>[Called By]<UL><LI><a href="#[1e]">&gt;&gt;</a>&nbsp;&nbsp;&nbsp;main
</UL>

<P><STRONG><a name="[130]"></a>ke_mem_init</STRONG> (Thumb, 0 bytes, Stack size 0 bytes, da14531_symbols.txt(ABSOLUTE))
<BR><BR>[Called By]<UL><LI><a href="#[1e]">&gt;&gt;</a>&nbsp;&nbsp;&nbsp;main
</UL>

<P><STRONG><a name="[12f]"></a>ke_mem_is_empty</STRONG> (Thumb, 0 bytes, Stack size 0 bytes, da14531_symbols.txt(ABSOLUTE))
<BR><BR>[Called By]<UL><LI><a href="#[1e]">&gt;&gt;</a>&nbsp;&nbsp;&nbsp;main
</UL>

<P><STRONG><a name="[11f]"></a>ke_malloc</STRONG> (Thumb, 0 bytes, Stack size 0 bytes, da14531_symbols.txt(ABSOLUTE))
<BR><BR>[Called By]<UL><LI><a href="#[1e]">&gt;&gt;</a>&nbsp;&nbsp;&nbsp;main
</UL>

<P><STRONG><a name="[121]"></a>ke_free</STRONG> (Thumb, 0 bytes, Stack size 0 bytes, da14531_symbols.txt(ABSOLUTE))
<BR><BR>[Called By]<UL><LI><a href="#[1e]">&gt;&gt;</a>&nbsp;&nbsp;&nbsp;main
</UL>

<P><STRONG><a name="[fa]"></a>ke_msg_alloc</STRONG> (Thumb, 0 bytes, Stack size 0 bytes, da14531_symbols.txt(ABSOLUTE))
<BR><BR>[Called By]<UL><LI><a href="#[52]">&gt;&gt;</a>&nbsp;&nbsp;&nbsp;app_custs1_create_db
<LI><a href="#[46]">&gt;&gt;</a>&nbsp;&nbsp;&nbsp;app_timer_api_process_handler
<LI><a href="#[36]">&gt;&gt;</a>&nbsp;&nbsp;&nbsp;diss_value_req_ind_handler
<LI><a href="#[5e]">&gt;&gt;</a>&nbsp;&nbsp;&nbsp;app_diss_create_db
<LI><a href="#[4b]">&gt;&gt;</a>&nbsp;&nbsp;&nbsp;gapc_bond_req_ind_handler
<LI><a href="#[3c]">&gt;&gt;</a>&nbsp;&nbsp;&nbsp;gapc_get_dev_info_req_ind_handler
<LI><a href="#[38]">&gt;&gt;</a>&nbsp;&nbsp;&nbsp;gapm_cmp_evt_handler
<LI><a href="#[37]">&gt;&gt;</a>&nbsp;&nbsp;&nbsp;gapm_device_ready_ind_handler
<LI><a href="#[61]">&gt;&gt;</a>&nbsp;&nbsp;&nbsp;app_easy_gap_dev_configure
<LI><a href="#[c1]">&gt;&gt;</a>&nbsp;&nbsp;&nbsp;default_app_on_ltk_exch
<LI><a href="#[c0]">&gt;&gt;</a>&nbsp;&nbsp;&nbsp;default_app_on_tk_exch
<LI><a href="#[bf]">&gt;&gt;</a>&nbsp;&nbsp;&nbsp;default_app_on_pairing_request
<LI><a href="#[ff]">&gt;&gt;</a>&nbsp;&nbsp;&nbsp;app_easy_gap_undirected_advertise_start
<LI><a href="#[54]">&gt;&gt;</a>&nbsp;&nbsp;&nbsp;gattc_write_req_ind_handler
</UL>

<P><STRONG><a name="[fc]"></a>ke_msg_send</STRONG> (Thumb, 0 bytes, Stack size 0 bytes, da14531_symbols.txt(ABSOLUTE))
<BR><BR>[Called By]<UL><LI><a href="#[52]">&gt;&gt;</a>&nbsp;&nbsp;&nbsp;app_custs1_create_db
<LI><a href="#[46]">&gt;&gt;</a>&nbsp;&nbsp;&nbsp;app_timer_api_process_handler
<LI><a href="#[36]">&gt;&gt;</a>&nbsp;&nbsp;&nbsp;diss_value_req_ind_handler
<LI><a href="#[5e]">&gt;&gt;</a>&nbsp;&nbsp;&nbsp;app_diss_create_db
<LI><a href="#[4b]">&gt;&gt;</a>&nbsp;&nbsp;&nbsp;gapc_bond_req_ind_handler
<LI><a href="#[3c]">&gt;&gt;</a>&nbsp;&nbsp;&nbsp;gapc_get_dev_info_req_ind_handler
<LI><a href="#[38]">&gt;&gt;</a>&nbsp;&nbsp;&nbsp;gapm_cmp_evt_handler
<LI><a href="#[37]">&gt;&gt;</a>&nbsp;&nbsp;&nbsp;gapm_device_ready_ind_handler
<LI><a href="#[61]">&gt;&gt;</a>&nbsp;&nbsp;&nbsp;app_easy_gap_dev_configure
<LI><a href="#[c1]">&gt;&gt;</a>&nbsp;&nbsp;&nbsp;default_app_on_ltk_exch
<LI><a href="#[c0]">&gt;&gt;</a>&nbsp;&nbsp;&nbsp;default_app_on_tk_exch
<LI><a href="#[bf]">&gt;&gt;</a>&nbsp;&nbsp;&nbsp;default_app_on_pairing_request
<LI><a href="#[ff]">&gt;&gt;</a>&nbsp;&nbsp;&nbsp;app_easy_gap_undirected_advertise_start
<LI><a href="#[54]">&gt;&gt;</a>&nbsp;&nbsp;&nbsp;gattc_write_req_ind_handler
</UL>

<P><STRONG><a name="[80]"></a>ke_task_init_func</STRONG> (Thumb, 0 bytes, Stack size 0 bytes, da14531_symbols.txt(ABSOLUTE), UNUSED)
<BR>[Address Reference Count : 1]<UL><LI> lto-llvm-0cbb9f.o(.rodata.rom_func_addr_table_var)
</UL>
<P><STRONG><a name="[123]"></a>ke_task_create</STRONG> (Thumb, 0 bytes, Stack size 0 bytes, da14531_symbols.txt(ABSOLUTE))
<BR><BR>[Called By]<UL><LI><a href="#[1e]">&gt;&gt;</a>&nbsp;&nbsp;&nbsp;main
<LI><a href="#[92]">&gt;&gt;</a>&nbsp;&nbsp;&nbsp;prf_init_func
</UL>

<P><STRONG><a name="[e1]"></a>ke_state_set</STRONG> (Thumb, 0 bytes, Stack size 0 bytes, da14531_symbols.txt(ABSOLUTE))
<BR><BR>[Called By]<UL><LI><a href="#[30]">&gt;&gt;</a>&nbsp;&nbsp;&nbsp;PATCHED_llm_con_req_ind
<LI><a href="#[1e]">&gt;&gt;</a>&nbsp;&nbsp;&nbsp;main
<LI><a href="#[3a]">&gt;&gt;</a>&nbsp;&nbsp;&nbsp;gapc_connection_req_ind_handler
<LI><a href="#[ff]">&gt;&gt;</a>&nbsp;&nbsp;&nbsp;app_easy_gap_undirected_advertise_start
</UL>

<P><STRONG><a name="[cb]"></a>ke_state_get</STRONG> (Thumb, 0 bytes, Stack size 0 bytes, da14531_symbols.txt(ABSOLUTE))
<BR><BR>[Called By]<UL><LI><a href="#[5c]">&gt;&gt;</a>&nbsp;&nbsp;&nbsp;PATCHED_llc_data_ind_handler
<LI><a href="#[9f]">&gt;&gt;</a>&nbsp;&nbsp;&nbsp;JT_l2cc_pdu_recv_ind_handler_func
<LI><a href="#[3b]">&gt;&gt;</a>&nbsp;&nbsp;&nbsp;gapc_disconnect_ind_handler
<LI><a href="#[3a]">&gt;&gt;</a>&nbsp;&nbsp;&nbsp;gapc_connection_req_ind_handler
<LI><a href="#[37]">&gt;&gt;</a>&nbsp;&nbsp;&nbsp;gapm_device_ready_ind_handler
</UL>

<P><STRONG><a name="[132]"></a>ke_task_msg_flush</STRONG> (Thumb, 0 bytes, Stack size 0 bytes, da14531_symbols.txt(ABSOLUTE))
<BR><BR>[Called By]<UL><LI><a href="#[92]">&gt;&gt;</a>&nbsp;&nbsp;&nbsp;prf_init_func
</UL>

<P><STRONG><a name="[81]"></a>ke_timer_init_func</STRONG> (Thumb, 0 bytes, Stack size 0 bytes, da14531_symbols.txt(ABSOLUTE), UNUSED)
<BR>[Address Reference Count : 1]<UL><LI> lto-llvm-0cbb9f.o(.rodata.rom_func_addr_table_var)
</UL>
<P><STRONG><a name="[101]"></a>ke_timer_set</STRONG> (Thumb, 0 bytes, Stack size 0 bytes, da14531_symbols.txt(ABSOLUTE))
<BR><BR>[Called By]<UL><LI><a href="#[46]">&gt;&gt;</a>&nbsp;&nbsp;&nbsp;app_timer_api_process_handler
</UL>

<P><STRONG><a name="[e0]"></a>ke_timer_clear</STRONG> (Thumb, 0 bytes, Stack size 0 bytes, da14531_symbols.txt(ABSOLUTE))
<BR><BR>[Called By]<UL><LI><a href="#[30]">&gt;&gt;</a>&nbsp;&nbsp;&nbsp;PATCHED_llm_con_req_ind
</UL>

<P><STRONG><a name="[12c]"></a>ke_timer_sleep_check</STRONG> (Thumb, 0 bytes, Stack size 0 bytes, da14531_symbols.txt(ABSOLUTE))
<BR><BR>[Called By]<UL><LI><a href="#[1e]">&gt;&gt;</a>&nbsp;&nbsp;&nbsp;main
</UL>

<P><STRONG><a name="[125]"></a>rwip_schedule</STRONG> (Thumb, 0 bytes, Stack size 0 bytes, da14531_symbols.txt(ABSOLUTE))
<BR><BR>[Called By]<UL><LI><a href="#[1e]">&gt;&gt;</a>&nbsp;&nbsp;&nbsp;main
</UL>

<P><STRONG><a name="[13a]"></a>rwip_wakeup</STRONG> (Thumb, 0 bytes, Stack size 0 bytes, da14531_symbols.txt(ABSOLUTE))
<BR><BR>[Called By]<UL><LI><a href="#[7]">&gt;&gt;</a>&nbsp;&nbsp;&nbsp;rwble_isr
</UL>

<P><STRONG><a name="[13c]"></a>rwip_wakeup_end</STRONG> (Thumb, 0 bytes, Stack size 0 bytes, da14531_symbols.txt(ABSOLUTE))
<BR><BR>[Called By]<UL><LI><a href="#[7]">&gt;&gt;</a>&nbsp;&nbsp;&nbsp;rwble_isr
</UL>

<P><STRONG><a name="[114]"></a>rwip_wakeup_delay_set</STRONG> (Thumb, 0 bytes, Stack size 0 bytes, da14531_symbols.txt(ABSOLUTE))
<BR><BR>[Called By]<UL><LI><a href="#[8a]">&gt;&gt;</a>&nbsp;&nbsp;&nbsp;lld_sleep_init_func
<LI><a href="#[1e]">&gt;&gt;</a>&nbsp;&nbsp;&nbsp;main
</UL>

<P><STRONG><a name="[f8]"></a>__aeabi_uidiv</STRONG> (Thumb, 0 bytes, Stack size 0 bytes, da14531_symbols.txt(ABSOLUTE))
<BR><BR>[Called By]<UL><LI><a href="#[8a]">&gt;&gt;</a>&nbsp;&nbsp;&nbsp;lld_sleep_init_func
<LI><a href="#[8b]">&gt;&gt;</a>&nbsp;&nbsp;&nbsp;lld_sleep_us_2_lpcycles_sel_func
<LI><a href="#[1e]">&gt;&gt;</a>&nbsp;&nbsp;&nbsp;main
<LI><a href="#[2e]">&gt;&gt;</a>&nbsp;&nbsp;&nbsp;rf_rssi_convert
<LI><a href="#[89]">&gt;&gt;</a>&nbsp;&nbsp;&nbsp;lld_sleep_compensate_func
<LI><a href="#[c2]">&gt;&gt;</a>&nbsp;&nbsp;&nbsp;adc_correction_apply
</UL>

<P><STRONG><a name="[f9]"></a>__aeabi_idiv</STRONG> (Thumb, 0 bytes, Stack size 0 bytes, da14531_symbols.txt(ABSOLUTE))
<BR><BR>[Called By]<UL><LI><a href="#[1e]">&gt;&gt;</a>&nbsp;&nbsp;&nbsp;main
<LI><a href="#[c3]">&gt;&gt;</a>&nbsp;&nbsp;&nbsp;temp_calc
<LI><a href="#[c2]">&gt;&gt;</a>&nbsp;&nbsp;&nbsp;adc_correction_apply
</UL>

<P><STRONG><a name="[113]"></a>__aeabi_lmul</STRONG> (Thumb, 0 bytes, Stack size 0 bytes, da14531_symbols.txt(ABSOLUTE))
<BR><BR>[Called By]<UL><LI><a href="#[8c]">&gt;&gt;</a>&nbsp;&nbsp;&nbsp;lld_sleep_lpcycles_2_us_sel_func
<LI><a href="#[1e]">&gt;&gt;</a>&nbsp;&nbsp;&nbsp;main
<LI><a href="#[89]">&gt;&gt;</a>&nbsp;&nbsp;&nbsp;lld_sleep_compensate_func
</UL>

<P><STRONG><a name="[104]"></a>rand</STRONG> (Thumb, 0 bytes, Stack size 0 bytes, da14531_symbols.txt(ABSOLUTE))
<BR><BR>[Called By]<UL><LI><a href="#[ae]">&gt;&gt;</a>&nbsp;&nbsp;&nbsp;dia_rand_func
</UL>

<P><STRONG><a name="[105]"></a>srand</STRONG> (Thumb, 0 bytes, Stack size 0 bytes, da14531_symbols.txt(ABSOLUTE))
<BR><BR>[Called By]<UL><LI><a href="#[af]">&gt;&gt;</a>&nbsp;&nbsp;&nbsp;dia_srand_func
</UL>

<P><STRONG><a name="[ca]"></a>__aeabi_memcpy</STRONG> (Thumb, 0 bytes, Stack size 0 bytes, da14531_symbols.txt(ABSOLUTE))
<BR><BR>[Called By]<UL><LI><a href="#[9c]">&gt;&gt;</a>&nbsp;&nbsp;&nbsp;JT_l2cc_pdu_unpack_func
<LI><a href="#[32]">&gt;&gt;</a>&nbsp;&nbsp;&nbsp;PATCHED_smpc_recv_public_key_exchange_pdu
<LI><a href="#[30]">&gt;&gt;</a>&nbsp;&nbsp;&nbsp;PATCHED_llm_con_req_ind
<LI><a href="#[31]">&gt;&gt;</a>&nbsp;&nbsp;&nbsp;PATCHED_smpc_recv_pair_rand_pdu
<LI><a href="#[1e]">&gt;&gt;</a>&nbsp;&nbsp;&nbsp;main
<LI><a href="#[36]">&gt;&gt;</a>&nbsp;&nbsp;&nbsp;diss_value_req_ind_handler
<LI><a href="#[4c]">&gt;&gt;</a>&nbsp;&nbsp;&nbsp;gapc_bond_ind_handler
<LI><a href="#[4b]">&gt;&gt;</a>&nbsp;&nbsp;&nbsp;gapc_bond_req_ind_handler
<LI><a href="#[3c]">&gt;&gt;</a>&nbsp;&nbsp;&nbsp;gapc_get_dev_info_req_ind_handler
<LI><a href="#[3a]">&gt;&gt;</a>&nbsp;&nbsp;&nbsp;gapc_connection_req_ind_handler
<LI><a href="#[c1]">&gt;&gt;</a>&nbsp;&nbsp;&nbsp;default_app_on_ltk_exch
<LI><a href="#[c0]">&gt;&gt;</a>&nbsp;&nbsp;&nbsp;default_app_on_tk_exch
<LI><a href="#[bf]">&gt;&gt;</a>&nbsp;&nbsp;&nbsp;default_app_on_pairing_request
<LI><a href="#[bc]">&gt;&gt;</a>&nbsp;&nbsp;&nbsp;default_app_on_set_dev_info
<LI><a href="#[b9]">&gt;&gt;</a>&nbsp;&nbsp;&nbsp;default_app_on_get_dev_name
<LI><a href="#[54]">&gt;&gt;</a>&nbsp;&nbsp;&nbsp;gattc_write_req_ind_handler
</UL>

<P><STRONG><a name="[f3]"></a>__aeabi_memcpy4</STRONG> (Thumb, 0 bytes, Stack size 0 bytes, da14531_symbols.txt(ABSOLUTE))
<BR><BR>[Called By]<UL><LI><a href="#[f2]">&gt;&gt;</a>&nbsp;&nbsp;&nbsp;patch_func
<LI><a href="#[b4]">&gt;&gt;</a>&nbsp;&nbsp;&nbsp;ble_init_arp_func
</UL>

<P><STRONG><a name="[fe]"></a>__aeabi_memclr</STRONG> (Thumb, 0 bytes, Stack size 0 bytes, da14531_symbols.txt(ABSOLUTE))
<BR><BR>[Called By]<UL><LI><a href="#[38]">&gt;&gt;</a>&nbsp;&nbsp;&nbsp;gapm_cmp_evt_handler
<LI><a href="#[61]">&gt;&gt;</a>&nbsp;&nbsp;&nbsp;app_easy_gap_dev_configure
</UL>

<P><STRONG><a name="[11a]"></a>__aeabi_memclr8</STRONG> (Thumb, 0 bytes, Stack size 0 bytes, da14531_symbols.txt(ABSOLUTE))
<BR><BR>[Called By]<UL><LI><a href="#[1e]">&gt;&gt;</a>&nbsp;&nbsp;&nbsp;main
</UL>

<P><STRONG><a name="[d2]"></a>memcmp</STRONG> (Thumb, 0 bytes, Stack size 0 bytes, da14531_symbols.txt(ABSOLUTE))
<BR><BR>[Called By]<UL><LI><a href="#[32]">&gt;&gt;</a>&nbsp;&nbsp;&nbsp;PATCHED_smpc_recv_public_key_exchange_pdu
<LI><a href="#[30]">&gt;&gt;</a>&nbsp;&nbsp;&nbsp;PATCHED_llm_con_req_ind
<LI><a href="#[31]">&gt;&gt;</a>&nbsp;&nbsp;&nbsp;PATCHED_smpc_recv_pair_rand_pdu
</UL>

<P><STRONG><a name="[116]"></a>__aeabi_llsl</STRONG> (Thumb, 0 bytes, Stack size 0 bytes, da14531_symbols.txt(ABSOLUTE))
<BR><BR>[Called By]<UL><LI><a href="#[1e]">&gt;&gt;</a>&nbsp;&nbsp;&nbsp;main
</UL>

<P><STRONG><a name="[109]"></a>arch_printf</STRONG> (Thumb, 0 bytes, Stack size 0 bytes, da14531_symbols.txt(ABSOLUTE))
<BR><BR>[Called By]<UL><LI><a href="#[1e]">&gt;&gt;</a>&nbsp;&nbsp;&nbsp;main
<LI><a href="#[b7]">&gt;&gt;</a>&nbsp;&nbsp;&nbsp;user_app_on_set_dev_config_complete
<LI><a href="#[38]">&gt;&gt;</a>&nbsp;&nbsp;&nbsp;gapm_cmp_evt_handler
</UL>

<P><STRONG><a name="[12a]"></a>arch_printf_process</STRONG> (Thumb, 0 bytes, Stack size 0 bytes, da14531_symbols.txt(ABSOLUTE))
<BR><BR>[Called By]<UL><LI><a href="#[1e]">&gt;&gt;</a>&nbsp;&nbsp;&nbsp;main
</UL>

<P><STRONG><a name="[83]"></a>nvds_get_func</STRONG> (Thumb, 0 bytes, Stack size 0 bytes, da14531_symbols.txt(ABSOLUTE), UNUSED)
<BR>[Address Reference Count : 1]<UL><LI> lto-llvm-0cbb9f.o(.rodata.rom_func_addr_table_var)
</UL>
<P><STRONG><a name="[86]"></a>nvds_init_func</STRONG> (Thumb, 0 bytes, Stack size 0 bytes, da14531_symbols.txt(ABSOLUTE), UNUSED)
<BR>[Address Reference Count : 1]<UL><LI> lto-llvm-0cbb9f.o(.rodata.rom_func_addr_table_var)
</UL>
<P><STRONG><a name="[85]"></a>nvds_del_func</STRONG> (Thumb, 0 bytes, Stack size 0 bytes, da14531_symbols.txt(ABSOLUTE), UNUSED)
<BR>[Address Reference Count : 1]<UL><LI> lto-llvm-0cbb9f.o(.rodata.rom_func_addr_table_var)
</UL>
<P><STRONG><a name="[84]"></a>nvds_put_func</STRONG> (Thumb, 0 bytes, Stack size 0 bytes, da14531_symbols.txt(ABSOLUTE), UNUSED)
<BR>[Address Reference Count : 1]<UL><LI> lto-llvm-0cbb9f.o(.rodata.rom_func_addr_table_var)
</UL>
<P><STRONG><a name="[120]"></a>trng_acquire</STRONG> (Thumb, 0 bytes, Stack size 0 bytes, da14531_symbols.txt(ABSOLUTE))
<BR><BR>[Called By]<UL><LI><a href="#[1e]">&gt;&gt;</a>&nbsp;&nbsp;&nbsp;main
</UL>

<P><STRONG><a name="[93]"></a>prf_add_profile_func</STRONG> (Thumb, 0 bytes, Stack size 0 bytes, da14531_symbols.txt(ABSOLUTE), UNUSED)
<BR>[Address Reference Count : 1]<UL><LI> lto-llvm-0cbb9f.o(.rodata.rom_func_addr_table_var)
</UL>
<P><STRONG><a name="[95]"></a>prf_cleanup_func</STRONG> (Thumb, 0 bytes, Stack size 0 bytes, da14531_symbols.txt(ABSOLUTE), UNUSED)
<BR>[Address Reference Count : 1]<UL><LI> lto-llvm-0cbb9f.o(.rodata.rom_func_addr_table_var)
</UL>
<P><STRONG><a name="[10a]"></a>prf_env_get</STRONG> (Thumb, 0 bytes, Stack size 0 bytes, da14531_symbols.txt(ABSOLUTE))
<BR><BR>[Called By]<UL><LI><a href="#[54]">&gt;&gt;</a>&nbsp;&nbsp;&nbsp;gattc_write_req_ind_handler
</UL>

<P><STRONG><a name="[112]"></a>prf_dst_task_get</STRONG> (Thumb, 0 bytes, Stack size 0 bytes, da14531_symbols.txt(ABSOLUTE))
<BR><BR>[Called By]<UL><LI><a href="#[54]">&gt;&gt;</a>&nbsp;&nbsp;&nbsp;gattc_write_req_ind_handler
</UL>

<P><STRONG><a name="[96]"></a>prf_get_id_from_task_func</STRONG> (Thumb, 0 bytes, Stack size 0 bytes, da14531_symbols.txt(ABSOLUTE), UNUSED)
<BR>[Address Reference Count : 1]<UL><LI> lto-llvm-0cbb9f.o(.rodata.rom_func_addr_table_var)
</UL>
<P><STRONG><a name="[97]"></a>prf_get_task_from_id_func</STRONG> (Thumb, 0 bytes, Stack size 0 bytes, da14531_symbols.txt(ABSOLUTE), UNUSED)
<BR>[Address Reference Count : 1]<UL><LI> lto-llvm-0cbb9f.o(.rodata.rom_func_addr_table_var)
</UL>
<P><STRONG><a name="[131]"></a>prf_itf_get</STRONG> (Thumb, 0 bytes, Stack size 0 bytes, da14531_symbols.txt(ABSOLUTE))
<BR><BR>[Called By]<UL><LI><a href="#[94]">&gt;&gt;</a>&nbsp;&nbsp;&nbsp;prf_create_func
<LI><a href="#[92]">&gt;&gt;</a>&nbsp;&nbsp;&nbsp;prf_init_func
</UL>

<P><STRONG><a name="[5f]"></a>diss_prf_itf_get</STRONG> (Thumb, 0 bytes, Stack size 0 bytes, da14531_symbols.txt(ABSOLUTE), UNUSED)
<BR>[Address Reference Count : 1]<UL><LI> lto-llvm-0cbb9f.o(.rodata.prf_if)
</UL>
<P><STRONG><a name="[10e]"></a>check_client_char_cfg</STRONG> (Thumb, 0 bytes, Stack size 0 bytes, da14531_symbols.txt(ABSOLUTE))
<BR><BR>[Called By]<UL><LI><a href="#[54]">&gt;&gt;</a>&nbsp;&nbsp;&nbsp;gattc_write_req_ind_handler
</UL>

<P><STRONG><a name="[10c]"></a>get_value_handle</STRONG> (Thumb, 0 bytes, Stack size 0 bytes, da14531_symbols.txt(ABSOLUTE))
<BR><BR>[Called By]<UL><LI><a href="#[54]">&gt;&gt;</a>&nbsp;&nbsp;&nbsp;gattc_write_req_ind_handler
</UL>

<P><STRONG><a name="[10b]"></a>custs1_get_att_idx</STRONG> (Thumb, 0 bytes, Stack size 0 bytes, da14531_symbols.txt(ABSOLUTE))
<BR><BR>[Called By]<UL><LI><a href="#[54]">&gt;&gt;</a>&nbsp;&nbsp;&nbsp;gattc_write_req_ind_handler
</UL>

<P><STRONG><a name="[60]"></a>custs1_prf_itf_get</STRONG> (Thumb, 0 bytes, Stack size 0 bytes, da14531_symbols.txt(ABSOLUTE), UNUSED)
<BR>[Address Reference Count : 1]<UL><LI> lto-llvm-0cbb9f.o(.rodata.prf_if)
</UL>
<P><STRONG><a name="[10f]"></a>custs1_set_ccc_value</STRONG> (Thumb, 0 bytes, Stack size 0 bytes, da14531_symbols.txt(ABSOLUTE))
<BR><BR>[Called By]<UL><LI><a href="#[54]">&gt;&gt;</a>&nbsp;&nbsp;&nbsp;gattc_write_req_ind_handler
</UL>

<P><STRONG><a name="[56]"></a>gattc_cmp_evt_handler</STRONG> (Thumb, 0 bytes, Stack size 0 bytes, da14531_symbols.txt(ABSOLUTE), UNUSED)
<BR>[Address Reference Count : 1]<UL><LI> lto-llvm-0cbb9f.o(.rodata.custs1_default_state)
</UL>
<P><STRONG><a name="[58]"></a>custs1_val_set_req_handler</STRONG> (Thumb, 0 bytes, Stack size 0 bytes, da14531_symbols.txt(ABSOLUTE), UNUSED)
<BR>[Address Reference Count : 1]<UL><LI> lto-llvm-0cbb9f.o(.rodata.custs1_default_state)
</UL>
<P><STRONG><a name="[57]"></a>custs1_val_ntf_req_handler</STRONG> (Thumb, 0 bytes, Stack size 0 bytes, da14531_symbols.txt(ABSOLUTE), UNUSED)
<BR>[Address Reference Count : 1]<UL><LI> lto-llvm-0cbb9f.o(.rodata.custs1_default_state)
</UL>
<P><STRONG><a name="[59]"></a>custs1_val_ind_req_handler</STRONG> (Thumb, 0 bytes, Stack size 0 bytes, da14531_symbols.txt(ABSOLUTE), UNUSED)
<BR>[Address Reference Count : 1]<UL><LI> lto-llvm-0cbb9f.o(.rodata.custs1_default_state)
</UL>
<P><STRONG><a name="[5a]"></a>custs1_att_info_rsp_handler</STRONG> (Thumb, 0 bytes, Stack size 0 bytes, da14531_symbols.txt(ABSOLUTE), UNUSED)
<BR>[Address Reference Count : 1]<UL><LI> lto-llvm-0cbb9f.o(.rodata.custs1_default_state)
</UL>
<P><STRONG><a name="[53]"></a>gattc_read_req_ind_handler</STRONG> (Thumb, 0 bytes, Stack size 0 bytes, da14531_symbols.txt(ABSOLUTE), UNUSED)
<BR>[Address Reference Count : 1]<UL><LI> lto-llvm-0cbb9f.o(.rodata.custs1_default_state)
</UL>
<P><STRONG><a name="[55]"></a>gattc_att_info_req_ind_handler</STRONG> (Thumb, 0 bytes, Stack size 0 bytes, da14531_symbols.txt(ABSOLUTE), UNUSED)
<BR>[Address Reference Count : 1]<UL><LI> lto-llvm-0cbb9f.o(.rodata.custs1_default_state)
</UL>
<P><STRONG><a name="[5b]"></a>custs1_value_req_rsp_handler</STRONG> (Thumb, 0 bytes, Stack size 0 bytes, da14531_symbols.txt(ABSOLUTE), UNUSED)
<BR>[Address Reference Count : 1]<UL><LI> lto-llvm-0cbb9f.o(.rodata.custs1_default_state)
</UL>
<P><STRONG><a name="[3f]"></a>gapm_adv_report_ind_handler_ROM</STRONG> (Thumb, 0 bytes, Stack size 0 bytes, da14531_symbols.txt(ABSOLUTE), UNUSED)
<BR>[Address Reference Count : 1]<UL><LI> lto-llvm-0cbb9f.o(.rodata.app_gap_process_handlers)
</UL>
<P><STRONG><a name="[44]"></a>gapc_security_ind_handler_ROM</STRONG> (Thumb, 0 bytes, Stack size 0 bytes, da14531_symbols.txt(ABSOLUTE), UNUSED)
<BR>[Address Reference Count : 1]<UL><LI> lto-llvm-0cbb9f.o(.rodata.app_gap_process_handlers)
</UL>
<P><STRONG><a name="[3d]"></a>gapc_set_dev_info_req_ind_handler_ROM</STRONG> (Thumb, 0 bytes, Stack size 0 bytes, da14531_symbols.txt(ABSOLUTE), UNUSED)
<BR>[Address Reference Count : 1]<UL><LI> lto-llvm-0cbb9f.o(.rodata.app_gap_process_handlers)
</UL>
<P><STRONG><a name="[3e]"></a>gapm_profile_added_ind_handler_ROM</STRONG> (Thumb, 0 bytes, Stack size 0 bytes, da14531_symbols.txt(ABSOLUTE), UNUSED)
<BR>[Address Reference Count : 1]<UL><LI> lto-llvm-0cbb9f.o(.rodata.app_gap_process_handlers)
</UL>
<P><STRONG><a name="[40]"></a>gapc_param_update_req_ind_handler_ROM</STRONG> (Thumb, 0 bytes, Stack size 0 bytes, da14531_symbols.txt(ABSOLUTE), UNUSED)
<BR>[Address Reference Count : 1]<UL><LI> lto-llvm-0cbb9f.o(.rodata.app_gap_process_handlers)
</UL>
<P><STRONG><a name="[41]"></a>gapc_le_pkt_size_ind_handler_ROM</STRONG> (Thumb, 0 bytes, Stack size 0 bytes, da14531_symbols.txt(ABSOLUTE), UNUSED)
<BR>[Address Reference Count : 1]<UL><LI> lto-llvm-0cbb9f.o(.rodata.app_gap_process_handlers)
</UL>
<P><STRONG><a name="[42]"></a>gattc_svc_changed_cfg_ind_handler_ROM</STRONG> (Thumb, 0 bytes, Stack size 0 bytes, da14531_symbols.txt(ABSOLUTE), UNUSED)
<BR>[Address Reference Count : 1]<UL><LI> lto-llvm-0cbb9f.o(.rodata.app_gap_process_handlers)
</UL>
<P><STRONG><a name="[43]"></a>gapc_peer_features_ind_handler_ROM</STRONG> (Thumb, 0 bytes, Stack size 0 bytes, da14531_symbols.txt(ABSOLUTE), UNUSED)
<BR>[Address Reference Count : 1]<UL><LI> lto-llvm-0cbb9f.o(.rodata.app_gap_process_handlers)
</UL>
<P><STRONG><a name="[fd]"></a>app_std_process_event</STRONG> (Thumb, 0 bytes, Stack size 0 bytes, da14531_symbols.txt(ABSOLUTE))
<BR><BR>[Called By]<UL><LI><a href="#[4a]">&gt;&gt;</a>&nbsp;&nbsp;&nbsp;app_custs1_process_handler
<LI><a href="#[49]">&gt;&gt;</a>&nbsp;&nbsp;&nbsp;app_diss_process_handler
<LI><a href="#[48]">&gt;&gt;</a>&nbsp;&nbsp;&nbsp;app_sec_process_handler
<LI><a href="#[45]">&gt;&gt;</a>&nbsp;&nbsp;&nbsp;app_gap_process_handler
</UL>

<P><STRONG><a name="[103]"></a>app_fill_random_byte_array_ROM</STRONG> (Thumb, 0 bytes, Stack size 0 bytes, da14531_symbols.txt(ABSOLUTE))
<BR><BR>[Called By]<UL><LI><a href="#[c1]">&gt;&gt;</a>&nbsp;&nbsp;&nbsp;default_app_on_ltk_exch
</UL>

<P><STRONG><a name="[122]"></a>__aeabi_uldivmod</STRONG> (Thumb, 0 bytes, Stack size 0 bytes, da14531_symbols.txt(ABSOLUTE))
<BR><BR>[Called By]<UL><LI><a href="#[1e]">&gt;&gt;</a>&nbsp;&nbsp;&nbsp;main
</UL>

<P><STRONG><a name="[108]"></a>app_db_init_start</STRONG> (Thumb, 0 bytes, Stack size 0 bytes, da14531_symbols.txt(ABSOLUTE))
<BR><BR>[Called By]<UL><LI><a href="#[b7]">&gt;&gt;</a>&nbsp;&nbsp;&nbsp;user_app_on_set_dev_config_complete
<LI><a href="#[38]">&gt;&gt;</a>&nbsp;&nbsp;&nbsp;gapm_cmp_evt_handler
</UL>

<P><STRONG><a name="[107]"></a>app_easy_gap_confirm</STRONG> (Thumb, 0 bytes, Stack size 0 bytes, da14531_symbols.txt(ABSOLUTE))
<BR><BR>[Called By]<UL><LI><a href="#[3a]">&gt;&gt;</a>&nbsp;&nbsp;&nbsp;gapc_connection_req_ind_handler
</UL>

<P><STRONG><a name="[100]"></a>append_device_name</STRONG> (Thumb, 0 bytes, Stack size 0 bytes, da14531_symbols.txt(ABSOLUTE))
<BR><BR>[Called By]<UL><LI><a href="#[ff]">&gt;&gt;</a>&nbsp;&nbsp;&nbsp;app_easy_gap_undirected_advertise_start
</UL>

<P><STRONG><a name="[106]"></a>app_easy_gap_disconnect</STRONG> (Thumb, 0 bytes, Stack size 0 bytes, da14531_symbols.txt(ABSOLUTE))
<BR><BR>[Called By]<UL><LI><a href="#[4c]">&gt;&gt;</a>&nbsp;&nbsp;&nbsp;gapc_bond_ind_handler
</UL>

<P><STRONG><a name="[fb]"></a>get_user_prf_srv_perm</STRONG> (Thumb, 0 bytes, Stack size 0 bytes, da14531_symbols.txt(ABSOLUTE))
<BR><BR>[Called By]<UL><LI><a href="#[52]">&gt;&gt;</a>&nbsp;&nbsp;&nbsp;app_custs1_create_db
<LI><a href="#[5e]">&gt;&gt;</a>&nbsp;&nbsp;&nbsp;app_diss_create_db
</UL>

<P><STRONG><a name="[124]"></a>prf_init_srv_perm</STRONG> (Thumb, 0 bytes, Stack size 0 bytes, da14531_symbols.txt(ABSOLUTE))
<BR><BR>[Called By]<UL><LI><a href="#[1e]">&gt;&gt;</a>&nbsp;&nbsp;&nbsp;main
</UL>

<P><STRONG><a name="[20]"></a>__main</STRONG> (Thumb, 0 bytes, Stack size unknown bytes, entry.o(.ARM.Collect$$$$00000000))
<BR>[Address Reference Count : 1]<UL><LI> startup_da14531.o(.text)
</UL>
<P><STRONG><a name="[13d]"></a>_main_stk</STRONG> (Thumb, 0 bytes, Stack size unknown bytes, entry2.o(.ARM.Collect$$$$00000001))

<P><STRONG><a name="[c4]"></a>_main_scatterload</STRONG> (Thumb, 0 bytes, Stack size unknown bytes, entry5.o(.ARM.Collect$$$$00000004))
<BR><BR>[Calls]<UL><LI><a href="#[c5]">&gt;&gt;</a>&nbsp;&nbsp;&nbsp;__scatterload
</UL>

<P><STRONG><a name="[f4]"></a>__main_after_scatterload</STRONG> (Thumb, 0 bytes, Stack size unknown bytes, entry5.o(.ARM.Collect$$$$00000004))
<BR><BR>[Called By]<UL><LI><a href="#[c5]">&gt;&gt;</a>&nbsp;&nbsp;&nbsp;__scatterload
</UL>

<P><STRONG><a name="[13e]"></a>_main_clock</STRONG> (Thumb, 0 bytes, Stack size unknown bytes, entry7b.o(.ARM.Collect$$$$00000008))

<P><STRONG><a name="[13f]"></a>_main_cpp_init</STRONG> (Thumb, 0 bytes, Stack size unknown bytes, entry8b.o(.ARM.Collect$$$$0000000A))

<P><STRONG><a name="[140]"></a>_main_init</STRONG> (Thumb, 0 bytes, Stack size unknown bytes, entry9a.o(.ARM.Collect$$$$0000000B))

<P><STRONG><a name="[141]"></a>__rt_final_cpp</STRONG> (Thumb, 0 bytes, Stack size unknown bytes, entry10a.o(.ARM.Collect$$$$0000000D))

<P><STRONG><a name="[142]"></a>__rt_final_exit</STRONG> (Thumb, 0 bytes, Stack size unknown bytes, entry11a.o(.ARM.Collect$$$$0000000F))

<P><STRONG><a name="[0]"></a>Reset_Handler</STRONG> (Thumb, 8 bytes, Stack size 0 bytes, startup_da14531.o(.text))
<BR>[Address Reference Count : 1]<UL><LI> startup_da14531.o(RESET)
</UL>
<P><STRONG><a name="[3]"></a>SVC_Handler</STRONG> (Thumb, 2 bytes, Stack size 0 bytes, startup_da14531.o(.text))
<BR><BR>[Calls]<UL><LI><a href="#[3]">&gt;&gt;</a>&nbsp;&nbsp;&nbsp;SVC_Handler
</UL>
<BR>[Called By]<UL><LI><a href="#[3]">&gt;&gt;</a>&nbsp;&nbsp;&nbsp;SVC_Handler
</UL>
<BR>[Address Reference Count : 1]<UL><LI> startup_da14531.o(RESET)
</UL>
<P><STRONG><a name="[4]"></a>PendSV_Handler</STRONG> (Thumb, 2 bytes, Stack size 0 bytes, startup_da14531.o(.text))
[...]
</UL>
<BR>[Address Reference Count : 1]<UL><LI> lto-llvm-0cbb9f.o(.rodata.user_app_callbacks)
</UL>
<P><STRONG><a name="[ff]"></a>app_easy_gap_undirected_advertise_start</STRONG> (Thumb, 88 bytes, Stack size 8 bytes, lto-llvm-0cbb9f.o(.text.app_easy_gap_undirected_advertise_start))
<BR><BR>[Stack]<UL><LI>Max Depth = 8<LI>Call Chain = app_easy_gap_undirected_advertise_start
</UL>
<BR>[Calls]<UL><LI><a href="#[e1]">&gt;&gt;</a>&nbsp;&nbsp;&nbsp;ke_state_set
<LI><a href="#[100]">&gt;&gt;</a>&nbsp;&nbsp;&nbsp;append_device_name
<LI><a href="#[fc]">&gt;&gt;</a>&nbsp;&nbsp;&nbsp;ke_msg_send
<LI><a href="#[fa]">&gt;&gt;</a>&nbsp;&nbsp;&nbsp;ke_msg_alloc
</UL>
<BR>[Called By]<UL><LI><a href="#[b7]">&gt;&gt;</a>&nbsp;&nbsp;&nbsp;user_app_on_set_dev_config_complete
<LI><a href="#[b6]">&gt;&gt;</a>&nbsp;&nbsp;&nbsp;user_on_disconnect
<LI><a href="#[b5]">&gt;&gt;</a>&nbsp;&nbsp;&nbsp;user_on_connection
<LI><a href="#[3b]">&gt;&gt;</a>&nbsp;&nbsp;&nbsp;gapc_disconnect_ind_handler
<LI><a href="#[3a]">&gt;&gt;</a>&nbsp;&nbsp;&nbsp;gapc_connection_req_ind_handler
<LI><a href="#[38]">&gt;&gt;</a>&nbsp;&nbsp;&nbsp;gapm_cmp_evt_handler
<LI><a href="#[b8]">&gt;&gt;</a>&nbsp;&nbsp;&nbsp;default_app_on_db_init_complete
</UL>

<P><STRONG><a name="[b9]"></a>default_app_on_get_dev_name</STRONG> (Thumb, 20 bytes, Stack size 8 bytes, lto-llvm-0cbb9f.o(.text.default_app_on_get_dev_name))
<BR><BR>[Stack]<UL><LI>Max Depth = 8<LI>Call Chain = default_app_on_get_dev_name
</UL>
<BR>[Calls]<UL><LI><a href="#[ca]">&gt;&gt;</a>&nbsp;&nbsp;&nbsp;__aeabi_memcpy
</UL>
<BR>[Address Reference Count : 1]<UL><LI> lto-llvm-0cbb9f.o(.rodata.user_app_callbacks)
</UL>
<P><STRONG><a name="[ba]"></a>default_app_on_get_dev_appearance</STRONG> (Thumb, 8 bytes, Stack size 0 bytes, lto-llvm-0cbb9f.o(.text.default_app_on_get_dev_appearance))
<BR>[Address Reference Count : 1]<UL><LI> lto-llvm-0cbb9f.o(.rodata.user_app_callbacks)
</UL>
<P><STRONG><a name="[bb]"></a>default_app_on_get_dev_slv_pref_params</STRONG> (Thumb, 18 bytes, Stack size 0 bytes, lto-llvm-0cbb9f.o(.text.default_app_on_get_dev_slv_pref_params))
<BR>[Address Reference Count : 1]<UL><LI> lto-llvm-0cbb9f.o(.rodata.user_app_callbacks)
</UL>
<P><STRONG><a name="[bc]"></a>default_app_on_set_dev_info</STRONG> (Thumb, 52 bytes, Stack size 8 bytes, lto-llvm-0cbb9f.o(.text.default_app_on_set_dev_info))
<BR><BR>[Stack]<UL><LI>Max Depth = 8<LI>Call Chain = default_app_on_set_dev_info
</UL>
<BR>[Calls]<UL><LI><a href="#[ca]">&gt;&gt;</a>&nbsp;&nbsp;&nbsp;__aeabi_memcpy
</UL>
<BR>[Address Reference Count : 1]<UL><LI> lto-llvm-0cbb9f.o(.rodata.user_app_callbacks)
</UL>
<P><STRONG><a name="[bd]"></a>default_app_update_params_request</STRONG> (Thumb, 12 bytes, Stack size 0 bytes, lto-llvm-0cbb9f.o(.text.default_app_update_params_request))
<BR>[Address Reference Count : 1]<UL><LI> lto-llvm-0cbb9f.o(.rodata.user_app_callbacks)
</UL>
<P><STRONG><a name="[be]"></a>default_app_generate_static_random_addr</STRONG> (Thumb, 44 bytes, Stack size 8 bytes, lto-llvm-0cbb9f.o(.text.default_app_generate_static_random_addr))
<BR><BR>[Stack]<UL><LI>Max Depth = 8<LI>Call Chain = default_app_generate_static_random_addr
</UL>
<BR>[Calls]<UL><LI><a href="#[102]">&gt;&gt;</a>&nbsp;&nbsp;&nbsp;dia_rand
</UL>
<BR>[Address Reference Count : 1]<UL><LI> lto-llvm-0cbb9f.o(.rodata.user_app_callbacks)
</UL>
<P><STRONG><a name="[bf]"></a>default_app_on_pairing_request</STRONG> (Thumb, 64 bytes, Stack size 16 bytes, lto-llvm-0cbb9f.o(.text.default_app_on_pairing_request))
<BR><BR>[Stack]<UL><LI>Max Depth = 16<LI>Call Chain = default_app_on_pairing_request
</UL>
<BR>[Calls]<UL><LI><a href="#[fc]">&gt;&gt;</a>&nbsp;&nbsp;&nbsp;ke_msg_send
<LI><a href="#[fa]">&gt;&gt;</a>&nbsp;&nbsp;&nbsp;ke_msg_alloc
<LI><a href="#[ca]">&gt;&gt;</a>&nbsp;&nbsp;&nbsp;__aeabi_memcpy
</UL>
<BR>[Address Reference Count : 1]<UL><LI> lto-llvm-0cbb9f.o(.rodata.user_app_callbacks)
</UL>
<P><STRONG><a name="[c0]"></a>default_app_on_tk_exch</STRONG> (Thumb, 136 bytes, Stack size 16 bytes, lto-llvm-0cbb9f.o(.text.default_app_on_tk_exch))
<BR><BR>[Stack]<UL><LI>Max Depth = 16<LI>Call Chain = default_app_on_tk_exch
</UL>
<BR>[Calls]<UL><LI><a href="#[fc]">&gt;&gt;</a>&nbsp;&nbsp;&nbsp;ke_msg_send
<LI><a href="#[fa]">&gt;&gt;</a>&nbsp;&nbsp;&nbsp;ke_msg_alloc
<LI><a href="#[ca]">&gt;&gt;</a>&nbsp;&nbsp;&nbsp;__aeabi_memcpy
</UL>
<BR>[Called By]<UL><LI><a href="#[4b]">&gt;&gt;</a>&nbsp;&nbsp;&nbsp;gapc_bond_req_ind_handler
</UL>
<BR>[Address Reference Count : 1]<UL><LI> lto-llvm-0cbb9f.o(.rodata.user_app_callbacks)
</UL>
<P><STRONG><a name="[c1]"></a>default_app_on_ltk_exch</STRONG> (Thumb, 164 bytes, Stack size 32 bytes, lto-llvm-0cbb9f.o(.text.default_app_on_ltk_exch))
<BR><BR>[Stack]<UL><LI>Max Depth = 32<LI>Call Chain = default_app_on_ltk_exch
</UL>
<BR>[Calls]<UL><LI><a href="#[103]">&gt;&gt;</a>&nbsp;&nbsp;&nbsp;app_fill_random_byte_array_ROM
<LI><a href="#[fc]">&gt;&gt;</a>&nbsp;&nbsp;&nbsp;ke_msg_send
<LI><a href="#[fa]">&gt;&gt;</a>&nbsp;&nbsp;&nbsp;ke_msg_alloc
<LI><a href="#[102]">&gt;&gt;</a>&nbsp;&nbsp;&nbsp;dia_rand
<LI><a href="#[ca]">&gt;&gt;</a>&nbsp;&nbsp;&nbsp;__aeabi_memcpy
</UL>
<BR>[Called By]<UL><LI><a href="#[4b]">&gt;&gt;</a>&nbsp;&nbsp;&nbsp;gapc_bond_req_ind_handler
</UL>
<BR>[Address Reference Count : 1]<UL><LI> lto-llvm-0cbb9f.o(.rodata.user_app_callbacks)
</UL>
<P><STRONG><a name="[62]"></a>app_db_init_next</STRONG> (Thumb, 164 bytes, Stack size 16 bytes, lto-llvm-0cbb9f.o(.text.app_db_init_next))
<BR><BR>[Stack]<UL><LI>Max Depth = 16<LI>Call Chain = app_db_init_next
</UL>
<BR>[Address Reference Count : 1]<UL><LI> lto-llvm-0cbb9f.o(.rodata.rom_app_task_cfg)
</UL>
<P><STRONG><a name="[61]"></a>app_easy_gap_dev_configure</STRONG> (Thumb, 76 bytes, Stack size 16 bytes, lto-llvm-0cbb9f.o(.text.app_easy_gap_dev_configure))
<BR><BR>[Stack]<UL><LI>Max Depth = 16<LI>Call Chain = app_easy_gap_dev_configure
</UL>
<BR>[Calls]<UL><LI><a href="#[fc]">&gt;&gt;</a>&nbsp;&nbsp;&nbsp;ke_msg_send
<LI><a href="#[fa]">&gt;&gt;</a>&nbsp;&nbsp;&nbsp;ke_msg_alloc
<LI><a href="#[fe]">&gt;&gt;</a>&nbsp;&nbsp;&nbsp;__aeabi_memclr
</UL>
<BR>[Address Reference Count : 1]<UL><LI> lto-llvm-0cbb9f.o(.rodata.rom_app_task_cfg)
</UL>
<P><STRONG><a name="[45]"></a>app_gap_process_handler</STRONG> (Thumb, 32 bytes, Stack size 24 bytes, lto-llvm-0cbb9f.o(.text.app_gap_process_handler))
<BR><BR>[Stack]<UL><LI>Max Depth = 24<LI>Call Chain = app_gap_process_handler
</UL>
<BR>[Calls]<UL><LI><a href="#[fd]">&gt;&gt;</a>&nbsp;&nbsp;&nbsp;app_std_process_event
</UL>
<BR>[Address Reference Count : 1]<UL><LI> lto-llvm-0cbb9f.o(.rodata.app_process_handlers)
</UL>
<P><STRONG><a name="[37]"></a>gapm_device_ready_ind_handler</STRONG> (Thumb, 44 bytes, Stack size 8 bytes, lto-llvm-0cbb9f.o(.text.gapm_device_ready_ind_handler))
<BR><BR>[Stack]<UL><LI>Max Depth = 8<LI>Call Chain = gapm_device_ready_ind_handler
</UL>
<BR>[Calls]<UL><LI><a href="#[cb]">&gt;&gt;</a>&nbsp;&nbsp;&nbsp;ke_state_get
<LI><a href="#[fc]">&gt;&gt;</a>&nbsp;&nbsp;&nbsp;ke_msg_send
<LI><a href="#[fa]">&gt;&gt;</a>&nbsp;&nbsp;&nbsp;ke_msg_alloc
</UL>
<BR>[Address Reference Count : 1]<UL><LI> lto-llvm-0cbb9f.o(.rodata.app_gap_process_handlers)
</UL>
<P><STRONG><a name="[38]"></a>gapm_cmp_evt_handler</STRONG> (Thumb, 176 bytes, Stack size 16 bytes, lto-llvm-0cbb9f.o(.text.gapm_cmp_evt_handler))
<BR><BR>[Stack]<UL><LI>Max Depth = 52<LI>Call Chain = gapm_cmp_evt_handler &rArr; LIS2DH_FIFOModeEnable &rArr; i2c_accel_write_reg
</UL>
<BR>[Calls]<UL><LI><a href="#[109]">&gt;&gt;</a>&nbsp;&nbsp;&nbsp;arch_printf
<LI><a href="#[108]">&gt;&gt;</a>&nbsp;&nbsp;&nbsp;app_db_init_start
<LI><a href="#[fc]">&gt;&gt;</a>&nbsp;&nbsp;&nbsp;ke_msg_send
<LI><a href="#[fa]">&gt;&gt;</a>&nbsp;&nbsp;&nbsp;ke_msg_alloc
<LI><a href="#[f6]">&gt;&gt;</a>&nbsp;&nbsp;&nbsp;LIS2DH_FIFOModeEnable
<LI><a href="#[fe]">&gt;&gt;</a>&nbsp;&nbsp;&nbsp;__aeabi_memclr
<LI><a href="#[ff]">&gt;&gt;</a>&nbsp;&nbsp;&nbsp;app_easy_gap_undirected_advertise_start
</UL>
<BR>[Address Reference Count : 1]<UL><LI> lto-llvm-0cbb9f.o(.rodata.app_gap_process_handlers)
</UL>
<P><STRONG><a name="[25]"></a>accel_int_cb</STRONG> (Thumb, 12 bytes, Stack size 0 bytes, lto-llvm-0cbb9f.o(.text.accel_int_cb))
<BR>[Address Reference Count : 2]<UL><LI> lto-llvm-0cbb9f.o(.text.user_app_on_set_dev_config_complete)
<LI> lto-llvm-0cbb9f.o(.text.i2c_async_complete)
</UL>
<P><STRONG><a name="[39]"></a>gapc_cmp_evt_handler</STRONG> (Thumb, 18 bytes, Stack size 0 bytes, lto-llvm-0cbb9f.o(.text.gapc_cmp_evt_handler))
<BR>[Address Reference Count : 1]<UL><LI> lto-llvm-0cbb9f.o(.rodata.app_gap_process_handlers)
</UL>
<P><STRONG><a name="[3a]"></a>gapc_connection_req_ind_handler</STRONG> (Thumb, 120 bytes, Stack size 32 bytes, lto-llvm-0cbb9f.o(.text.gapc_connection_req_ind_handler))
<BR><BR>[Stack]<UL><LI>Max Depth = 40<LI>Call Chain = gapc_connection_req_ind_handler &rArr; app_easy_gap_undirected_advertise_start
</UL>
<BR>[Calls]<UL><LI><a href="#[107]">&gt;&gt;</a>&nbsp;&nbsp;&nbsp;app_easy_gap_confirm
<LI><a href="#[e1]">&gt;&gt;</a>&nbsp;&nbsp;&nbsp;ke_state_set
<LI><a href="#[cb]">&gt;&gt;</a>&nbsp;&nbsp;&nbsp;ke_state_get
<LI><a href="#[ca]">&gt;&gt;</a>&nbsp;&nbsp;&nbsp;__aeabi_memcpy
<LI><a href="#[ff]">&gt;&gt;</a>&nbsp;&nbsp;&nbsp;app_easy_gap_undirected_advertise_start
</UL>
<BR>[Address Reference Count : 1]<UL><LI> lto-llvm-0cbb9f.o(.rodata.app_gap_process_handlers)
</UL>
<P><STRONG><a name="[3b]"></a>gapc_disconnect_ind_handler</STRONG> (Thumb, 44 bytes, Stack size 8 bytes, lto-llvm-0cbb9f.o(.text.gapc_disconnect_ind_handler))
<BR><BR>[Stack]<UL><LI>Max Depth = 16<LI>Call Chain = gapc_disconnect_ind_handler &rArr; app_easy_gap_undirected_advertise_start
</UL>
<BR>[Calls]<UL><LI><a href="#[cb]">&gt;&gt;</a>&nbsp;&nbsp;&nbsp;ke_state_get
<LI><a href="#[ff]">&gt;&gt;</a>&nbsp;&nbsp;&nbsp;app_easy_gap_undirected_advertise_start
</UL>
<BR>[Address Reference Count : 1]<UL><LI> lto-llvm-0cbb9f.o(.rodata.app_gap_process_handlers)
</UL>
<P><STRONG><a name="[3c]"></a>gapc_get_dev_info_req_ind_handler</STRONG> (Thumb, 148 bytes, Stack size 56 bytes, lto-llvm-0cbb9f.o(.text.gapc_get_dev_info_req_ind_handler))
<BR><BR>[Stack]<UL><LI>Max Depth = 56<LI>Call Chain = gapc_get_dev_info_req_ind_handler
</UL>
<BR>[Calls]<UL><LI><a href="#[fc]">&gt;&gt;</a>&nbsp;&nbsp;&nbsp;ke_msg_send
<LI><a href="#[fa]">&gt;&gt;</a>&nbsp;&nbsp;&nbsp;ke_msg_alloc
<LI><a href="#[ca]">&gt;&gt;</a>&nbsp;&nbsp;&nbsp;__aeabi_memcpy
</UL>
<BR>[Address Reference Count : 1]<UL><LI> lto-llvm-0cbb9f.o(.rodata.app_gap_process_handlers)
</UL>
<P><STRONG><a name="[48]"></a>app_sec_process_handler</STRONG> (Thumb, 32 bytes, Stack size 24 bytes, lto-llvm-0cbb9f.o(.text.app_sec_process_handler))
<BR><BR>[Stack]<UL><LI>Max Depth = 24<LI>Call Chain = app_sec_process_handler
</UL>
<BR>[Calls]<UL><LI><a href="#[fd]">&gt;&gt;</a>&nbsp;&nbsp;&nbsp;app_std_process_event
</UL>
<BR>[Address Reference Count : 1]<UL><LI> lto-llvm-0cbb9f.o(.rodata.app_process_handlers)
</UL>
<P><STRONG><a name="[4b]"></a>gapc_bond_req_ind_handler</STRONG> (Thumb, 136 bytes, Stack size 24 bytes, lto-llvm-0cbb9f.o(.text.gapc_bond_req_ind_handler))
<BR><BR>[Stack]<UL><LI>Max Depth = 56<LI>Call Chain = gapc_bond_req_ind_handler &rArr; default_app_on_ltk_exch
</UL>
<BR>[Calls]<UL><LI><a href="#[fc]">&gt;&gt;</a>&nbsp;&nbsp;&nbsp;ke_msg_send
<LI><a href="#[fa]">&gt;&gt;</a>&nbsp;&nbsp;&nbsp;ke_msg_alloc
<LI><a href="#[ca]">&gt;&gt;</a>&nbsp;&nbsp;&nbsp;__aeabi_memcpy
<LI><a href="#[c1]">&gt;&gt;</a>&nbsp;&nbsp;&nbsp;default_app_on_ltk_exch
<LI><a href="#[c0]">&gt;&gt;</a>&nbsp;&nbsp;&nbsp;default_app_on_tk_exch
</UL>
<BR>[Address Reference Count : 1]<UL><LI> lto-llvm-0cbb9f.o(.rodata.app_sec_process_handlers)
</UL>
<P><STRONG><a name="[4c]"></a>gapc_bond_ind_handler</STRONG> (Thumb, 208 bytes, Stack size 16 bytes, lto-llvm-0cbb9f.o(.text.gapc_bond_ind_handler))
<BR><BR>[Stack]<UL><LI>Max Depth = 16<LI>Call Chain = gapc_bond_ind_handler
</UL>
<BR>[Calls]<UL><LI><a href="#[106]">&gt;&gt;</a>&nbsp;&nbsp;&nbsp;app_easy_gap_disconnect
<LI><a href="#[ca]">&gt;&gt;</a>&nbsp;&nbsp;&nbsp;__aeabi_memcpy
</UL>
<BR>[Address Reference Count : 1]<UL><LI> lto-llvm-0cbb9f.o(.rodata.app_sec_process_handlers)
</UL>
<P><STRONG><a name="[4d]"></a>gapc_encrypt_req_ind_handler</STRONG> (Thumb, 4 bytes, Stack size 0 bytes, lto-llvm-0cbb9f.o(.text.gapc_encrypt_req_ind_handler))
<BR>[Address Reference Count : 1]<UL><LI> lto-llvm-0cbb9f.o(.rodata.app_sec_process_handlers)
</UL>
<P><STRONG><a name="[4e]"></a>gapc_encrypt_ind_handler</STRONG> (Thumb, 20 bytes, Stack size 0 bytes, lto-llvm-0cbb9f.o(.text.gapc_encrypt_ind_handler))
<BR>[Address Reference Count : 1]<UL><LI> lto-llvm-0cbb9f.o(.rodata.app_sec_process_handlers)
</UL>
<P><STRONG><a name="[4f]"></a>gapm_addr_solved_ind_handler</STRONG> (Thumb, 4 bytes, Stack size 0 bytes, lto-llvm-0cbb9f.o(.text.gapm_addr_solved_ind_handler))
<BR>[Address Reference Count : 1]<UL><LI> lto-llvm-0cbb9f.o(.rodata.app_sec_process_handlers)
</UL>
<P><STRONG><a name="[50]"></a>gapm_ral_size_ind_handler</STRONG> (Thumb, 4 bytes, Stack size 0 bytes, lto-llvm-0cbb9f.o(.text.gapm_ral_size_ind_handler))
<BR>[Address Reference Count : 1]<UL><LI> lto-llvm-0cbb9f.o(.rodata.app_sec_process_handlers)
</UL>
<P><STRONG><a name="[51]"></a>gapm_ral_addr_ind_handler</STRONG> (Thumb, 4 bytes, Stack size 0 bytes, lto-llvm-0cbb9f.o(.text.gapm_ral_addr_ind_handler))
<BR>[Address Reference Count : 1]<UL><LI> lto-llvm-0cbb9f.o(.rodata.app_sec_process_handlers)
</UL>
<P><STRONG><a name="[5e]"></a>app_diss_create_db</STRONG> (Thumb, 52 bytes, Stack size 16 bytes, lto-llvm-0cbb9f.o(.text.app_diss_create_db))
<BR><BR>[Stack]<UL><LI>Max Depth = 16<LI>Call Chain = app_diss_create_db
</UL>
<BR>[Calls]<UL><LI><a href="#[fb]">&gt;&gt;</a>&nbsp;&nbsp;&nbsp;get_user_prf_srv_perm
<LI><a href="#[fc]">&gt;&gt;</a>&nbsp;&nbsp;&nbsp;ke_msg_send
<LI><a href="#[fa]">&gt;&gt;</a>&nbsp;&nbsp;&nbsp;ke_msg_alloc
</UL>
<BR>[Address Reference Count : 1]<UL><LI> lto-llvm-0cbb9f.o(.rodata.prf_funcs)
</UL>
<P><STRONG><a name="[49]"></a>app_diss_process_handler</STRONG> (Thumb, 32 bytes, Stack size 24 bytes, lto-llvm-0cbb9f.o(.text.app_diss_process_handler))
<BR><BR>[Stack]<UL><LI>Max Depth = 24<LI>Call Chain = app_diss_process_handler
</UL>
<BR>[Calls]<UL><LI><a href="#[fd]">&gt;&gt;</a>&nbsp;&nbsp;&nbsp;app_std_process_event
</UL>
<BR>[Address Reference Count : 1]<UL><LI> lto-llvm-0cbb9f.o(.rodata.app_process_handlers)
</UL>
<P><STRONG><a name="[36]"></a>diss_value_req_ind_handler</STRONG> (Thumb, 136 bytes, Stack size 24 bytes, lto-llvm-0cbb9f.o(.text.diss_value_req_ind_handler))
<BR><BR>[Stack]<UL><LI>Max Depth = 24<LI>Call Chain = diss_value_req_ind_handler
</UL>
<BR>[Calls]<UL><LI><a href="#[fc]">&gt;&gt;</a>&nbsp;&nbsp;&nbsp;ke_msg_send
<LI><a href="#[fa]">&gt;&gt;</a>&nbsp;&nbsp;&nbsp;ke_msg_alloc
<LI><a href="#[ca]">&gt;&gt;</a>&nbsp;&nbsp;&nbsp;__aeabi_memcpy
</UL>
<BR>[Address Reference Count : 1]<UL><LI> lto-llvm-0cbb9f.o(.rodata.app_diss_process_handlers)
</UL>
<P><STRONG><a name="[47]"></a>app_msg_utils_api_process_handler</STRONG> (Thumb, 48 bytes, Stack size 8 bytes, lto-llvm-0cbb9f.o(.text.app_msg_utils_api_process_handler))
<BR><BR>[Stack]<UL><LI>Max Depth = 8<LI>Call Chain = app_msg_utils_api_process_handler
</UL>
<BR>[Address Reference Count : 1]<UL><LI> lto-llvm-0cbb9f.o(.rodata.app_process_handlers)
</UL>
<P><STRONG><a name="[46]"></a>app_timer_api_process_handler</STRONG> (Thumb, 324 bytes, Stack size 16 bytes, lto-llvm-0cbb9f.o(.text.app_timer_api_process_handler))
<BR><BR>[Stack]<UL><LI>Max Depth = 16<LI>Call Chain = app_timer_api_process_handler
</UL>
<BR>[Calls]<UL><LI><a href="#[101]">&gt;&gt;</a>&nbsp;&nbsp;&nbsp;ke_timer_set
<LI><a href="#[fc]">&gt;&gt;</a>&nbsp;&nbsp;&nbsp;ke_msg_send
<LI><a href="#[fa]">&gt;&gt;</a>&nbsp;&nbsp;&nbsp;ke_msg_alloc
</UL>
<BR>[Address Reference Count : 1]<UL><LI> lto-llvm-0cbb9f.o(.rodata.app_process_handlers)
</UL>
<P><STRONG><a name="[23]"></a>timer_modified_handler</STRONG> (Thumb, 2 bytes, Stack size 0 bytes, lto-llvm-0cbb9f.o(.text.timer_modified_handler))
<BR>[Address Reference Count : 1]<UL><LI> lto-llvm-0cbb9f.o(.text.app_timer_api_process_handler)
</UL>
<P><STRONG><a name="[24]"></a>timer_canceled_handler</STRONG> (Thumb, 2 bytes, Stack size 0 bytes, lto-llvm-0cbb9f.o(.text.timer_canceled_handler))
<BR>[Address Reference Count : 1]<UL><LI> lto-llvm-0cbb9f.o(.text.app_timer_api_process_handler)
</UL>
<P><STRONG><a name="[67]"></a>custs_get_func_callbacks</STRONG> (Thumb, 12 bytes, Stack size 0 bytes, lto-llvm-0cbb9f.o(.text.custs_get_func_callbacks))
<BR>[Address Reference Count : 1]<UL><LI> lto-llvm-0cbb9f.o(.rodata.rom_cust_prf_cfg)
</UL>
<P><STRONG><a name="[52]"></a>app_custs1_create_db</STRONG> (Thumb, 52 bytes, Stack size 16 bytes, lto-llvm-0cbb9f.o(.text.app_custs1_create_db))
<BR><BR>[Stack]<UL><LI>Max Depth = 16<LI>Call Chain = app_custs1_create_db
</UL>
<BR>[Calls]<UL><LI><a href="#[fb]">&gt;&gt;</a>&nbsp;&nbsp;&nbsp;get_user_prf_srv_perm
<LI><a href="#[fc]">&gt;&gt;</a>&nbsp;&nbsp;&nbsp;ke_msg_send
<LI><a href="#[fa]">&gt;&gt;</a>&nbsp;&nbsp;&nbsp;ke_msg_alloc
</UL>
<BR>[Address Reference Count : 1]<UL><LI> lto-llvm-0cbb9f.o(.rodata.cust_prf_funcs)
</UL>
<P><STRONG><a name="[4a]"></a>app_custs1_process_handler</STRONG> (Thumb, 28 bytes, Stack size 24 bytes, lto-llvm-0cbb9f.o(.text.app_custs1_process_handler))
<BR><BR>[Stack]<UL><LI>Max Depth = 24<LI>Call Chain = app_custs1_process_handler
</UL>
<BR>[Calls]<UL><LI><a href="#[fd]">&gt;&gt;</a>&nbsp;&nbsp;&nbsp;app_std_process_event
</UL>
<BR>[Address Reference Count : 1]<UL><LI> lto-llvm-0cbb9f.o(.rodata.app_process_handlers)
</UL>
<P><STRONG><a name="[b5]"></a>user_on_connection</STRONG> (Thumb, 24 bytes, Stack size 8 bytes, lto-llvm-0cbb9f.o(.text.user_on_connection))
<BR><BR>[Stack]<UL><LI>Max Depth = 16<LI>Call Chain = user_on_connection &rArr; app_easy_gap_undirected_advertise_start
</UL>
<BR>[Calls]<UL><LI><a href="#[ff]">&gt;&gt;</a>&nbsp;&nbsp;&nbsp;app_easy_gap_undirected_advertise_start
</UL>
<BR>[Address Reference Count : 1]<UL><LI> lto-llvm-0cbb9f.o(.rodata.user_app_callbacks)
</UL>
<P><STRONG><a name="[b6]"></a>user_on_disconnect</STRONG> (Thumb, 8 bytes, Stack size 8 bytes, lto-llvm-0cbb9f.o(.text.user_on_disconnect))
<BR><BR>[Stack]<UL><LI>Max Depth = 16<LI>Call Chain = user_on_disconnect &rArr; app_easy_gap_undirected_advertise_start
</UL>
<BR>[Calls]<UL><LI><a href="#[ff]">&gt;&gt;</a>&nbsp;&nbsp;&nbsp;app_easy_gap_undirected_advertise_start
</UL>
<BR>[Address Reference Count : 1]<UL><LI> lto-llvm-0cbb9f.o(.rodata.user_app_callbacks)
</UL>
<P><STRONG><a name="[b7]"></a>user_app_on_set_dev_config_complete</STRONG> (Thumb, 64 bytes, Stack size 8 bytes, lto-llvm-0cbb9f.o(.text.user_app_on_set_dev_config_complete))
<BR><BR>[Stack]<UL><LI>Max Depth = 44<LI>Call Chain = user_app_on_set_dev_config_complete &rArr; LIS2DH_FIFOModeEnable &rArr; i2c_accel_write_reg
</UL>
<BR>[Calls]<UL><LI><a href="#[109]">&gt;&gt;</a>&nbsp;&nbsp;&nbsp;arch_printf
<LI><a href="#[108]">&gt;&gt;</a>&nbsp;&nbsp;&nbsp;app_db_init_start
<LI><a href="#[f6]">&gt;&gt;</a>&nbsp;&nbsp;&nbsp;LIS2DH_FIFOModeEnable
<LI><a href="#[ff]">&gt;&gt;</a>&nbsp;&nbsp;&nbsp;app_easy_gap_undirected_advertise_start
</UL>
<BR>[Address Reference Count : 1]<UL><LI> lto-llvm-0cbb9f.o(.rodata.user_app_callbacks)
</UL><P>
<H3>
Undefined Global Symbols
</H3>
<P><STRONG><a name="[115]"></a>reset_indication</STRONG> (Unknown, 0 bytes, Stack size 0 bytes, UNDEFINED)
<BR><BR>[Called By]<UL><LI><a href="#[1e]">&gt;&gt;</a>&nbsp;&nbsp;&nbsp;main
</UL>

<P><STRONG><a name="[118]"></a>sb_read_otp_header</STRONG> (Unknown, 0 bytes, Stack size 0 bytes, UNDEFINED)
<BR><BR>[Called By]<UL><LI><a href="#[1e]">&gt;&gt;</a>&nbsp;&nbsp;&nbsp;main
</UL>

<P><STRONG><a name="[119]"></a>sb_set_debugger_mode</STRONG> (Unknown, 0 bytes, Stack size 0 bytes, UNDEFINED)
<BR><BR>[Called By]<UL><LI><a href="#[1e]">&gt;&gt;</a>&nbsp;&nbsp;&nbsp;main
</UL>
<HR></body></html>
