<html>
<body>
<pre>
<h1>µVision Build Log</h1>
<h2>Tool Versions:</h2>
IDE-Version: µVision V5.38.0.0
Copyright (C) 2022 ARM Ltd and ARM Germany GmbH. All rights reserved.
License Information: Moh MyPC Renesas Flex license: MDK Professional 5.38 (Flex) (mdk_pro) Operation stops: 31 Mar 2023
 
Tool Versions:
Toolchain:       MDK Professional 5.38 (Flex)  Version: 5.38.0.0
Toolchain Path:  C:\Keil_v5\ARM\ARMCLANG\Bin
C Compiler:      ArmClang.exe V6.19
Assembler:       Armasm.exe V6.19
Linker/Locator:  ArmLink.exe V6.19
Library Manager: ArmAr.exe V6.19
Hex Converter:   FromElf.exe V6.19
CPU DLL:         SARMCM3.DLL V5.38.0.0
Dialog DLL:      DARMCM1.DLL V1.19.6.0
Target DLL:      Segger\JL2CM3.dll V2.99.42.0
Dialog DLL:      TARMCM1.DLL V1.14.6.0
 
<h2>Project:</h2>
C:\Users\a5140624\Desktop\Peripheral_issue\6.0.18.1182.1\projects\ARMV6_SDK6.0.18\interfaces\SPI-Master-Slave\SPI_Master\project_environment\spi_master_demo.uvprojx
Project File Date:  02/22/2023

<h2>Output:</h2>
*** Using Compiler 'V6.19', folder: 'C:\Keil_v5\ARM\ARMCLANG\Bin'
Build target 'DA14531_MASTER'
compiling exceptions.c...
compiling system_DA14531.c...
compiling dma.c...
compiling syscntl.c...
compiling uart_utils.c...
compiling gpio.c...
compiling uart.c...
compiling spi_531.c...
compiling hw_otpc_531.c...
compiling otp_cs.c...
compiling spi_flash.c...
compiling user_periph_setup.c...
compiling arch_system.c...
compiling main.c...
linking...
Program Size: Code=4156 RO-data=216 RW-data=8 ZI-data=2008  
FromELF: creating hex file...
After Build - User command #1: fromelf --bincombined --output=".\out_DA14531\Objects\spi_master_demo.bin"  ".\out_DA14531_master\spi_master_demo.axf"
".\out_DA14531_master\spi_master_demo.axf" - 0 Error(s), 0 Warning(s).

<h2>Software Packages used:</h2>

Package Vendor: ARM
                http://www.keil.com/pack/ARM.CMSIS.5.9.0.pack
                ARM.CMSIS.5.9.0
                CMSIS (Common Microcontroller Software Interface Standard)

<h2>Collection of Component include folders:</h2>
  C:/Users/a5140624/AppData/Local/Arm/Packs/ARM/CMSIS/5.9.0/Device/ARM/ARMCM0plus/Include

<h2>Collection of Component Files used:</h2>
Build Time Elapsed:  00:00:10
</pre>
</body>
</html>
