Component: Arm Compiler for Embedded 6.19 Tool: armlink [5e73cb00]

==============================================================================

Section Cross References

    startup_da14531.o(RESET) refers to startup_da14531.o(STACK) for __initial_sp
    startup_da14531.o(RESET) refers to startup_da14531.o(.text) for Reset_Handler
    startup_da14531.o(RESET) refers to lto-llvm-0cbb9f.o(.text.SysTick_Handler) for SysTick_Handler
    startup_da14531.o(RESET) refers to lto-llvm-0cbb9f.o(.text.BLE_WAKEUP_LP_Handler) for BLE_WAKEUP_LP_Handler
    startup_da14531.o(RESET) refers to lto-llvm-0cbb9f.o(.text.rwble_isr) for rwble_isr
    startup_da14531.o(RESET) refers to lto-llvm-0cbb9f.o(.text.UART2_Handler) for UART2_Handler
    startup_da14531.o(RESET) refers to lto-llvm-0cbb9f.o(.text.I2C_Handler) for I2C_Handler
    startup_da14531.o(RESET) refers to lto-llvm-0cbb9f.o(.text.ADC_Handler) for ADC_Handler
    startup_da14531.o(RESET) refers to lto-llvm-0cbb9f.o(.text.GPIO0_Handler) for GPIO0_Handler
    startup_da14531.o(RESET) refers to lto-llvm-0cbb9f.o(.text.GPIO1_Handler) for GPIO1_Handler
    startup_da14531.o(RESET) refers to lto-llvm-0cbb9f.o(.text.GPIO2_Handler) for GPIO2_Handler
    startup_da14531.o(RESET) refers to lto-llvm-0cbb9f.o(.text.GPIO3_Handler) for GPIO3_Handler
    startup_da14531.o(RESET) refers to lto-llvm-0cbb9f.o(.text.GPIO4_Handler) for GPIO4_Handler
    startup_da14531.o(RESET) refers to lto-llvm-0cbb9f.o(.text.WKUP_QUADEC_Handler) for WKUP_QUADEC_Handler
    startup_da14531.o(.text) refers to lto-llvm-0cbb9f.o(system_DA14xxx) for SystemInit
    startup_da14531.o(.text) refers to entry.o(.ARM.Collect$$$$00000000) for __main
    startup_da14531.o(.text) refers to lto-llvm-0cbb9f.o(.text.NMI_HandlerC) for NMI_HandlerC
    startup_da14531.o(.text) refers to lto-llvm-0cbb9f.o(.text.HardFault_HandlerC) for HardFault_HandlerC
    patch.o(.text) refers to patch.o(retention_mem_area0) for retention_mem_area0
    patch.o(.text) refers to patch.o(.constdata) for .constdata
    patch.o(.constdata) refers to patch.o(.text) for PATCHED_llm_con_req_ind
    entry.o(.ARM.Collect$$$$00000000) refers (Special) to entry10a.o(.ARM.Collect$$$$0000000D) for __rt_final_cpp
    entry.o(.ARM.Collect$$$$00000000) refers (Special) to entry11a.o(.ARM.Collect$$$$0000000F) for __rt_final_exit
    entry.o(.ARM.Collect$$$$00000000) refers (Special) to entry7b.o(.ARM.Collect$$$$00000008) for _main_clock
    entry.o(.ARM.Collect$$$$00000000) refers (Special) to entry8b.o(.ARM.Collect$$$$0000000A) for _main_cpp_init
    entry.o(.ARM.Collect$$$$00000000) refers (Special) to entry9a.o(.ARM.Collect$$$$0000000B) for _main_init
    entry.o(.ARM.Collect$$$$00000000) refers (Special) to entry5.o(.ARM.Collect$$$$00000004) for _main_scatterload
    entry.o(.ARM.Collect$$$$00000000) refers (Special) to entry2.o(.ARM.Collect$$$$00000001) for _main_stk
    entry2.o(.ARM.Collect$$$$00000001) refers to entry2.o(.ARM.Collect$$$$00002712) for __lit__00000000
    entry2.o(.ARM.Collect$$$$00002712) refers to startup_da14531.o(STACK) for __initial_sp
    entry2.o(__vectab_stack_and_reset_area) refers to startup_da14531.o(STACK) for __initial_sp
    entry2.o(__vectab_stack_and_reset_area) refers to entry.o(.ARM.Collect$$$$00000000) for __main
    entry5.o(.ARM.Collect$$$$00000004) refers to init.o(.text) for __scatterload
    entry9a.o(.ARM.Collect$$$$0000000B) refers to lto-llvm-0cbb9f.o(.text.main) for main
    entry9b.o(.ARM.Collect$$$$0000000C) refers to lto-llvm-0cbb9f.o(.text.main) for main
    init.o(.text) refers to entry5.o(.ARM.Collect$$$$00000004) for __main_after_scatterload
    lto-llvm-0cbb9f.o(system_DA14xxx) refers to lto-llvm-0cbb9f.o(otp_cs_booter) for [Anonymous Symbol]
    lto-llvm-0cbb9f.o(.ARM.exidxsystem_DA14xxx) refers to lto-llvm-0cbb9f.o(system_DA14xxx) for [Anonymous Symbol]
    lto-llvm-0cbb9f.o(.ARM.exidx.text.HardFault_HandlerC) refers to lto-llvm-0cbb9f.o(.text.HardFault_HandlerC) for [Anonymous Symbol]
    lto-llvm-0cbb9f.o(.ARM.exidx.text.NMI_HandlerC) refers to lto-llvm-0cbb9f.o(.text.NMI_HandlerC) for [Anonymous Symbol]
    lto-llvm-0cbb9f.o(.text.uart_write_adapt) refers to lto-llvm-0cbb9f.o(.bss.retention_mem_area0) for [Anonymous Symbol]
    lto-llvm-0cbb9f.o(.ARM.exidx.text.uart_write_adapt) refers to lto-llvm-0cbb9f.o(.text.uart_write_adapt) for [Anonymous Symbol]
    lto-llvm-0cbb9f.o(.ARM.exidx.text.uart_finish_transfers_adapt) refers to lto-llvm-0cbb9f.o(.text.uart_finish_transfers_adapt) for [Anonymous Symbol]
    lto-llvm-0cbb9f.o(.text.main) refers to lto-llvm-0cbb9f.o(.bss.retention_mem_area0) for [Anonymous Symbol]
    lto-llvm-0cbb9f.o(.text.main) refers to lto-llvm-0cbb9f.o(.text.hw_otpc_init) for hw_otpc_init
    lto-llvm-0cbb9f.o(.text.main) refers to lto-llvm-0cbb9f.o(otp_cs_booter) for [Anonymous Symbol]
    lto-llvm-0cbb9f.o(.text.main) refers to lto-llvm-0cbb9f.o(.bss.otp_hdr_timestamp) for [Anonymous Symbol]
[...]
    attmdb_svc_get_permission                0x07f10f4b   Thumb Code     0  da14531_symbols.txt ABSOLUTE
    attmdb_att_get_permission                0x07f10f69   Thumb Code     0  da14531_symbols.txt ABSOLUTE
    attmdb_svc_set_permission                0x07f1106b   Thumb Code     0  da14531_symbols.txt ABSOLUTE
    attmdb_init                              0x07f1108f   Thumb Code     0  da14531_symbols.txt ABSOLUTE
    attmdb_get_nb_svc                        0x07f110a5   Thumb Code     0  da14531_symbols.txt ABSOLUTE
    attmdb_get_svc_info                      0x07f110b9   Thumb Code     0  da14531_symbols.txt ABSOLUTE
    attm_svc_create_db                       0x07f110ed   Thumb Code     0  da14531_symbols.txt ABSOLUTE
    attmdb_reserve_handle_range              0x07f111fb   Thumb Code     0  da14531_symbols.txt ABSOLUTE
    atts_clear_read_cache                    0x07f1138d   Thumb Code     0  da14531_symbols.txt ABSOLUTE
    atts_send_error                          0x07f11519   Thumb Code     0  da14531_symbols.txt ABSOLUTE
    atts_write_signed_cfm                    0x07f11535   Thumb Code     0  da14531_symbols.txt ABSOLUTE
    atts_send_event                          0x07f1157b   Thumb Code     0  da14531_symbols.txt ABSOLUTE
    atts_clear_prep_data                     0x07f11603   Thumb Code     0  da14531_symbols.txt ABSOLUTE
    atts_clear_rsp_data                      0x07f11627   Thumb Code     0  da14531_symbols.txt ABSOLUTE
    atts_clear_pending_write_ind_data        0x07f1167d   Thumb Code     0  da14531_symbols.txt ABSOLUTE
    atts_write_rsp_send                      0x07f116a1   Thumb Code     0  da14531_symbols.txt ABSOLUTE
    atts_l2cc_pdu_recv_handler_func          0x07f122b9   Thumb Code     0  da14531_symbols.txt ABSOLUTE
    gattc_cleanup                            0x07f1252b   Thumb Code     0  da14531_symbols.txt ABSOLUTE
    gattc_init                               0x07f125b5   Thumb Code     0  da14531_symbols.txt ABSOLUTE
    gattc_update_state                       0x07f125e7   Thumb Code     0  da14531_symbols.txt ABSOLUTE
    gattc_create                             0x07f1260b   Thumb Code     0  da14531_symbols.txt ABSOLUTE
    gattc_con_enable                         0x07f1268b   Thumb Code     0  da14531_symbols.txt ABSOLUTE
    gattc_get_mtu                            0x07f12691   Thumb Code     0  da14531_symbols.txt ABSOLUTE
    gattc_set_mtu                            0x07f1269d   Thumb Code     0  da14531_symbols.txt ABSOLUTE
    gattc_get_requester                      0x07f126e3   Thumb Code     0  da14531_symbols.txt ABSOLUTE
    gattc_send_complete_evt                  0x07f126ff   Thumb Code     0  da14531_symbols.txt ABSOLUTE
    gattc_send_error_evt                     0x07f1275b   Thumb Code     0  da14531_symbols.txt ABSOLUTE
    gattc_get_operation                      0x07f12781   Thumb Code     0  da14531_symbols.txt ABSOLUTE
    gattc_get_op_seq_num                     0x07f12797   Thumb Code     0  da14531_symbols.txt ABSOLUTE
    gattc_get_operation_ptr                  0x07f127ad   Thumb Code     0  da14531_symbols.txt ABSOLUTE
    gattc_set_operation_ptr                  0x07f127b9   Thumb Code     0  da14531_symbols.txt ABSOLUTE
    gattc_reschedule_operation               0x07f127c5   Thumb Code     0  da14531_symbols.txt ABSOLUTE
    gattc_reallocate_svc                     0x07f12809   Thumb Code     0  da14531_symbols.txt ABSOLUTE
    gattm_svc_get_start_hdl                  0x07f13815   Thumb Code     0  da14531_symbols.txt ABSOLUTE
    gattm_init                               0x07f1381b   Thumb Code     0  da14531_symbols.txt ABSOLUTE
    gattm_init_attr                          0x07f13839   Thumb Code     0  da14531_symbols.txt ABSOLUTE
    gattm_create                             0x07f1388d   Thumb Code     0  da14531_symbols.txt ABSOLUTE
    gattm_cleanup                            0x07f13895   Thumb Code     0  da14531_symbols.txt ABSOLUTE
    gattm_get_max_mtu                        0x07f1389d   Thumb Code     0  da14531_symbols.txt ABSOLUTE
    gattm_set_max_mtu                        0x07f138a3   Thumb Code     0  da14531_symbols.txt ABSOLUTE
    gattm_get_max_mps                        0x07f138bf   Thumb Code     0  da14531_symbols.txt ABSOLUTE
    gattm_set_max_mps                        0x07f138c5   Thumb Code     0  da14531_symbols.txt ABSOLUTE
    l2cc_cleanup                             0x07f13b2d   Thumb Code     0  da14531_symbols.txt ABSOLUTE
    l2cc_init                                0x07f13b71   Thumb Code     0  da14531_symbols.txt ABSOLUTE
    l2cc_create                              0x07f13ba3   Thumb Code     0  da14531_symbols.txt ABSOLUTE
    l2cc_update_state                        0x07f13bdb   Thumb Code     0  da14531_symbols.txt ABSOLUTE
    hci_acl_data_rx_handler                  0x07f13d97   Thumb Code     0  da14531_symbols.txt ABSOLUTE
    l2cm_init                                0x07f14029   Thumb Code     0  da14531_symbols.txt ABSOLUTE
    l2cm_create                              0x07f1403d   Thumb Code     0  da14531_symbols.txt ABSOLUTE
    l2cm_cleanup                             0x07f14045   Thumb Code     0  da14531_symbols.txt ABSOLUTE
    l2cm_set_link_layer_buff_size            0x07f1404d   Thumb Code     0  da14531_symbols.txt ABSOLUTE
    smpc_send_use_enc_block_cmd              0x07f1405d   Thumb Code     0  da14531_symbols.txt ABSOLUTE
    smpc_send_start_enc_cmd                  0x07f14095   Thumb Code     0  da14531_symbols.txt ABSOLUTE
    smpc_send_ltk_req_rsp                    0x07f1410f   Thumb Code     0  da14531_symbols.txt ABSOLUTE
    smpc_send_pairing_req_ind                0x07f1416b   Thumb Code     0  da14531_symbols.txt ABSOLUTE
    smpc_send_pairing_ind                    0x07f1424f   Thumb Code     0  da14531_symbols.txt ABSOLUTE
    smpc_check_pairing_feat                  0x07f1436b   Thumb Code     0  da14531_symbols.txt ABSOLUTE
    smpc_launch_rep_att_timer                0x07f14385   Thumb Code     0  da14531_symbols.txt ABSOLUTE
    smpc_check_repeated_attempts             0x07f143c1   Thumb Code     0  da14531_symbols.txt ABSOLUTE
    smpc_check_max_key_size                  0x07f14423   Thumb Code     0  da14531_symbols.txt ABSOLUTE
    smpc_check_key_distrib                   0x07f14469   Thumb Code     0  da14531_symbols.txt ABSOLUTE
    smpc_xor                                 0x07f144b3   Thumb Code     0  da14531_symbols.txt ABSOLUTE
    smpc_generate_l                          0x07f144c9   Thumb Code     0  da14531_symbols.txt ABSOLUTE
    smpc_generate_ci                         0x07f14517   Thumb Code     0  da14531_symbols.txt ABSOLUTE
    smpc_generate_rand                       0x07f1457b   Thumb Code     0  da14531_symbols.txt ABSOLUTE
    smpc_generate_e1                         0x07f145a1   Thumb Code     0  da14531_symbols.txt ABSOLUTE
    smpc_generate_cfm                        0x07f1465b   Thumb Code     0  da14531_symbols.txt ABSOLUTE
    smpc_generate_stk                        0x07f146d5   Thumb Code     0  da14531_symbols.txt ABSOLUTE
    smpc_calc_subkeys                        0x07f1472b   Thumb Code     0  da14531_symbols.txt ABSOLUTE
    smpc_clear_timeout_timer                 0x07f147a1   Thumb Code     0  da14531_symbols.txt ABSOLUTE
    smpc_pairing_end                         0x07f147cb   Thumb Code     0  da14531_symbols.txt ABSOLUTE
    smpc_tkdp_rcp_continue                   0x07f14829   Thumb Code     0  da14531_symbols.txt ABSOLUTE
    smpc_tkdp_rcp_start                      0x07f148a1   Thumb Code     0  da14531_symbols.txt ABSOLUTE
    smpc_pdu_send                            0x07f148f5   Thumb Code     0  da14531_symbols.txt ABSOLUTE
    smpc_tkdp_send_start                     0x07f14993   Thumb Code     0  da14531_symbols.txt ABSOLUTE
    smpc_tkdp_send_continue                  0x07f14a1f   Thumb Code     0  da14531_symbols.txt ABSOLUTE
    smpc_get_key_sec_prop                    0x07f14a9b   Thumb Code     0  da14531_symbols.txt ABSOLUTE
    smpc_is_sec_mode_reached                 0x07f14b67   Thumb Code     0  da14531_symbols.txt ABSOLUTE
    smpc_handle_enc_change_evt               0x07f14ba9   Thumb Code     0  da14531_symbols.txt ABSOLUTE
    smpc_pdu_recv_func                       0x07f14c63   Thumb Code     0  da14531_symbols.txt ABSOLUTE
    smpc_generate_subkey                     0x07f14ccf   Thumb Code     0  da14531_symbols.txt ABSOLUTE
    leftshift_onebit                         0x07f14d03   Thumb Code     0  da14531_symbols.txt ABSOLUTE
    padding                                  0x07f14d1b   Thumb Code     0  da14531_symbols.txt ABSOLUTE
    smpc_generate_subkey_P2                  0x07f14d3f   Thumb Code     0  da14531_symbols.txt ABSOLUTE
    AES_CMAC_block                           0x07f14de3   Thumb Code     0  da14531_symbols.txt ABSOLUTE
    smpc_generate_f4                         0x07f14ea3   Thumb Code     0  da14531_symbols.txt ABSOLUTE
    smpc_generate_g2                         0x07f14fb7   Thumb Code     0  da14531_symbols.txt ABSOLUTE
    smpc_generate_f5                         0x07f15061   Thumb Code     0  da14531_symbols.txt ABSOLUTE
    smpc_generate_f5_T                       0x07f15073   Thumb Code     0  da14531_symbols.txt ABSOLUTE
    smpc_generate_f5_P2                      0x07f150e1   Thumb Code     0  da14531_symbols.txt ABSOLUTE
    smpc_generate_f6                         0x07f152b3   Thumb Code     0  da14531_symbols.txt ABSOLUTE
    smpm_send_encrypt_req                    0x07f1544d   Thumb Code     0  da14531_symbols.txt ABSOLUTE
    smpm_send_gen_rand_nb_req                0x07f1547b   Thumb Code     0  da14531_symbols.txt ABSOLUTE
    smpm_check_addr_type                     0x07f15491   Thumb Code     0  da14531_symbols.txt ABSOLUTE
    gapc_update_state                        0x07f154fd   Thumb Code     0  da14531_symbols.txt ABSOLUTE
    gapc_get_requester                       0x07f1552d   Thumb Code     0  da14531_symbols.txt ABSOLUTE
    gapc_send_complete_evt                   0x07f15549   Thumb Code     0  da14531_symbols.txt ABSOLUTE
    gapc_init                                0x07f15673   Thumb Code     0  da14531_symbols.txt ABSOLUTE
    gapc_con_create                          0x07f156a5   Thumb Code     0  da14531_symbols.txt ABSOLUTE
    gapc_con_create_enh                      0x07f1575f   Thumb Code     0  da14531_symbols.txt ABSOLUTE
    gapc_con_cleanup                         0x07f15859   Thumb Code     0  da14531_symbols.txt ABSOLUTE
    gapc_send_disconect_ind                  0x07f15869   Thumb Code     0  da14531_symbols.txt ABSOLUTE
    gapc_get_conidx                          0x07f1588b   Thumb Code     0  da14531_symbols.txt ABSOLUTE
    gapc_get_conhdl                          0x07f158c5   Thumb Code     0  da14531_symbols.txt ABSOLUTE
    gapc_get_role                            0x07f158dd   Thumb Code     0  da14531_symbols.txt ABSOLUTE
    gapc_get_bdaddr                          0x07f158f9   Thumb Code     0  da14531_symbols.txt ABSOLUTE
    gapc_get_csrk                            0x07f15919   Thumb Code     0  da14531_symbols.txt ABSOLUTE
    gapc_get_sign_counter                    0x07f15937   Thumb Code     0  da14531_symbols.txt ABSOLUTE
    gapc_send_error_evt                      0x07f15955   Thumb Code     0  da14531_symbols.txt ABSOLUTE
    gapc_get_operation                       0x07f15977   Thumb Code     0  da14531_symbols.txt ABSOLUTE
    gapc_get_operation_ptr                   0x07f1598d   Thumb Code     0  da14531_symbols.txt ABSOLUTE
    gapc_set_operation_ptr                   0x07f15999   Thumb Code     0  da14531_symbols.txt ABSOLUTE
    gapc_reschedule_operation                0x07f159a5   Thumb Code     0  da14531_symbols.txt ABSOLUTE
    gapc_reschedule_conn_update              0x07f159d5   Thumb Code     0  da14531_symbols.txt ABSOLUTE
    gapc_get_enc_keysize                     0x07f159fb   Thumb Code     0  da14531_symbols.txt ABSOLUTE
    gapc_is_sec_set                          0x07f15a13   Thumb Code     0  da14531_symbols.txt ABSOLUTE
    gapc_set_enc_keysize                     0x07f15a9f   Thumb Code     0  da14531_symbols.txt ABSOLUTE
    gapc_link_encrypted                      0x07f15ab3   Thumb Code     0  da14531_symbols.txt ABSOLUTE
    gapc_auth_set                            0x07f15acd   Thumb Code     0  da14531_symbols.txt ABSOLUTE
    gapc_svc_chg_ccc_get                     0x07f15aed   Thumb Code     0  da14531_symbols.txt ABSOLUTE
    gapc_svc_chg_ccc_set                     0x07f15afd   Thumb Code     0  da14531_symbols.txt ABSOLUTE
    gapc_check_lecb_sec_perm                 0x07f15b13   Thumb Code     0  da14531_symbols.txt ABSOLUTE
    gapc_search_lecb_channel                 0x07f15b7b   Thumb Code     0  da14531_symbols.txt ABSOLUTE
    gapc_lecnx_check_tx                      0x07f15bb5   Thumb Code     0  da14531_symbols.txt ABSOLUTE
    gapc_lecnx_check_rx                      0x07f15bfd   Thumb Code     0  da14531_symbols.txt ABSOLUTE
    gapc_lecnx_get_field                     0x07f15c41   Thumb Code     0  da14531_symbols.txt ABSOLUTE
    gapc_process_op                          0x07f15cb5   Thumb Code     0  da14531_symbols.txt ABSOLUTE
    gapc_param_update_sanity                 0x07f15e2f   Thumb Code     0  da14531_symbols.txt ABSOLUTE
    gapc_param_cb_con_sanity                 0x07f15e57   Thumb Code     0  da14531_symbols.txt ABSOLUTE
    l2cc_pdu_recv_ind_handler_func           0x07f16323   Thumb Code     0  da14531_symbols.txt ABSOLUTE
    gapc_lecb_connect_cfm_handler_func       0x07f172eb   Thumb Code     0  da14531_symbols.txt ABSOLUTE
    gapm_init                                0x07f176c7   Thumb Code     0  da14531_symbols.txt ABSOLUTE
    gapm_init_attr                           0x07f17723   Thumb Code     0  da14531_symbols.txt ABSOLUTE
    gapm_get_operation                       0x07f1774f   Thumb Code     0  da14531_symbols.txt ABSOLUTE
    gapm_get_requester                       0x07f17761   Thumb Code     0  da14531_symbols.txt ABSOLUTE
    gapm_reschedule_operation                0x07f17779   Thumb Code     0  da14531_symbols.txt ABSOLUTE
    gapm_send_complete_evt                   0x07f1779b   Thumb Code     0  da14531_symbols.txt ABSOLUTE
    gapm_send_error_evt                      0x07f177d1   Thumb Code     0  da14531_symbols.txt ABSOLUTE
    gapm_con_create                          0x07f177f1   Thumb Code     0  da14531_symbols.txt ABSOLUTE
    gapm_con_enable                          0x07f17875   Thumb Code     0  da14531_symbols.txt ABSOLUTE
    gapm_con_cleanup                         0x07f17881   Thumb Code     0  da14531_symbols.txt ABSOLUTE
    gapm_get_id_from_task                    0x07f178b1   Thumb Code     0  da14531_symbols.txt ABSOLUTE
    gapm_get_task_from_id                    0x07f178f1   Thumb Code     0  da14531_symbols.txt ABSOLUTE
    gapm_is_disc_connection                  0x07f1792d   Thumb Code     0  da14531_symbols.txt ABSOLUTE
    gapm_adv_sanity                          0x07f18779   Thumb Code     0  da14531_symbols.txt ABSOLUTE
    gapm_adv_op_sanity                       0x07f1886d   Thumb Code     0  da14531_symbols.txt ABSOLUTE
    gapm_set_adv_mode                        0x07f189f3   Thumb Code     0  da14531_symbols.txt ABSOLUTE
    gapm_set_adv_data                        0x07f18a0d   Thumb Code     0  da14531_symbols.txt ABSOLUTE
    gapm_execute_adv_op                      0x07f18a9d   Thumb Code     0  da14531_symbols.txt ABSOLUTE
    gapm_scan_op_sanity                      0x07f18bc3   Thumb Code     0  da14531_symbols.txt ABSOLUTE
    gapm_set_scan_mode                       0x07f18ccb   Thumb Code     0  da14531_symbols.txt ABSOLUTE
    gapm_execute_scan_op                     0x07f18ce9   Thumb Code     0  da14531_symbols.txt ABSOLUTE
    gapm_connect_op_sanity                   0x07f18da3   Thumb Code     0  da14531_symbols.txt ABSOLUTE
    gapm_basic_hci_cmd_send                  0x07f18f23   Thumb Code     0  da14531_symbols.txt ABSOLUTE
    gapm_execute_connect_op                  0x07f18f37   Thumb Code     0  da14531_symbols.txt ABSOLUTE
    gapm_get_role                            0x07f190d9   Thumb Code     0  da14531_symbols.txt ABSOLUTE
    gapm_get_ad_type_flag                    0x07f190e1   Thumb Code     0  da14531_symbols.txt ABSOLUTE
    gapm_add_to_filter                       0x07f19107   Thumb Code     0  da14531_symbols.txt ABSOLUTE
    gapm_is_filtered                         0x07f19187   Thumb Code     0  da14531_symbols.txt ABSOLUTE
    gapm_update_air_op_state                 0x07f191eb   Thumb Code     0  da14531_symbols.txt ABSOLUTE
    gapm_get_irk                             0x07f192b3   Thumb Code     0  da14531_symbols.txt ABSOLUTE
    gapm_get_bdaddr                          0x07f192b9   Thumb Code     0  da14531_symbols.txt ABSOLUTE
    l2cc_pdu_pack_func                       0x07f192d5   Thumb Code     0  da14531_symbols.txt ABSOLUTE
    l2cc_detect_dest                         0x07f197d1   Thumb Code     0  da14531_symbols.txt ABSOLUTE
    l2cc_handle_invalid_pdu                  0x07f1982d   Thumb Code     0  da14531_symbols.txt ABSOLUTE
    l2cc_pdu_unpack_func                     0x07f19943   Thumb Code     0  da14531_symbols.txt ABSOLUTE
    l2c_process_sdu_func                     0x07f19c5f   Thumb Code     0  da14531_symbols.txt ABSOLUTE
    l2c_send_lecb_message_func               0x07f19d5f   Thumb Code     0  da14531_symbols.txt ABSOLUTE
    smpc_check_param_func                    0x07f19e59   Thumb Code     0  da14531_symbols.txt ABSOLUTE
    smpc_recv_pair_rand_pdu                  0x07f1a1e3   Thumb Code     0  da14531_symbols.txt ABSOLUTE
    smpc_recv_public_key_exchange_pdu        0x07f1a44f   Thumb Code     0  da14531_symbols.txt ABSOLUTE
    gapc_hci_handler                         0x07f1aacd   Thumb Code     0  da14531_symbols.txt ABSOLUTE
    gapm_hci_handler                         0x07f1b745   Thumb Code     0  da14531_symbols.txt ABSOLUTE
    smpc_pairing_start                       0x07f1b7b1   Thumb Code     0  da14531_symbols.txt ABSOLUTE
    smpc_pairing_tk_exch                     0x07f1b837   Thumb Code     0  da14531_symbols.txt ABSOLUTE
    smpc_pairing_ltk_exch                    0x07f1b8f5   Thumb Code     0  da14531_symbols.txt ABSOLUTE
    smpc_pairing_csrk_exch                   0x07f1b949   Thumb Code     0  da14531_symbols.txt ABSOLUTE
    smpc_pairing_rsp                         0x07f1b99f   Thumb Code     0  da14531_symbols.txt ABSOLUTE
    smpc_pairing_req_handler                 0x07f1ba83   Thumb Code     0  da14531_symbols.txt ABSOLUTE
    smpc_security_req_send                   0x07f1babb   Thumb Code     0  da14531_symbols.txt ABSOLUTE
    smpc_encrypt_start                       0x07f1bae5   Thumb Code     0  da14531_symbols.txt ABSOLUTE
    smpc_encrypt_start_handler               0x07f1bb0b   Thumb Code     0  da14531_symbols.txt ABSOLUTE
    smpc_encrypt_cfm                         0x07f1bb3d   Thumb Code     0  da14531_symbols.txt ABSOLUTE
    smpc_sign_command                        0x07f1bb69   Thumb Code     0  da14531_symbols.txt ABSOLUTE
    smpc_sign_cont                           0x07f1bc41   Thumb Code     0  da14531_symbols.txt ABSOLUTE
    smpc_calc_confirm_cont                   0x07f1bdeb   Thumb Code     0  da14531_symbols.txt ABSOLUTE
    smpc_confirm_gen_rand                    0x07f1c32d   Thumb Code     0  da14531_symbols.txt ABSOLUTE
    smpc_public_key_exchange_start_func      0x07f1c3f3   Thumb Code     0  da14531_symbols.txt ABSOLUTE
    smpc_dhkey_calc_start                    0x07f1c417   Thumb Code     0  da14531_symbols.txt ABSOLUTE
    smpc_sec_authentication_start            0x07f1c447   Thumb Code     0  da14531_symbols.txt ABSOLUTE
    smpc_dhkey_calc_ind_func                 0x07f1c475   Thumb Code     0  da14531_symbols.txt ABSOLUTE
    smpm_gen_rand_addr                       0x07f1c4b9   Thumb Code     0  da14531_symbols.txt ABSOLUTE
    smpm_resolv_addr                         0x07f1c4d1   Thumb Code     0  da14531_symbols.txt ABSOLUTE
    smpm_use_enc_block                       0x07f1c4f3   Thumb Code     0  da14531_symbols.txt ABSOLUTE
    smpm_gen_rand_nb                         0x07f1c4fb   Thumb Code     0  da14531_symbols.txt ABSOLUTE
    smpm_ecdh_key_create_func                0x07f1c503   Thumb Code     0  da14531_symbols.txt ABSOLUTE
    ke_init                                  0x07f1c521   Thumb Code     0  da14531_symbols.txt ABSOLUTE
    ke_flush                                 0x07f1c553   Thumb Code     0  da14531_symbols.txt ABSOLUTE
    ke_sleep_check                           0x07f1c593   Thumb Code     0  da14531_symbols.txt ABSOLUTE
    ke_stats_get                             0x07f1c5a5   Thumb Code     0  da14531_symbols.txt ABSOLUTE
    ke_event_init                            0x07f1c5c1   Thumb Code     0  da14531_symbols.txt ABSOLUTE
    ke_event_callback_set                    0x07f1c5cd   Thumb Code     0  da14531_symbols.txt ABSOLUTE
    ke_event_set                             0x07f1c5e1   Thumb Code     0  da14531_symbols.txt ABSOLUTE
    ke_event_clear                           0x07f1c60d   Thumb Code     0  da14531_symbols.txt ABSOLUTE
    ke_event_get                             0x07f1c639   Thumb Code     0  da14531_symbols.txt ABSOLUTE
    ke_event_get_all                         0x07f1c65f   Thumb Code     0  da14531_symbols.txt ABSOLUTE
    ke_event_flush                           0x07f1c665   Thumb Code     0  da14531_symbols.txt ABSOLUTE
    ke_event_schedule                        0x07f1c66d   Thumb Code     0  da14531_symbols.txt ABSOLUTE
    ke_mem_init                              0x07f1c6bd   Thumb Code     0  da14531_symbols.txt ABSOLUTE
    ke_mem_is_empty                          0x07f1c709   Thumb Code     0  da14531_symbols.txt ABSOLUTE
    ke_check_malloc                          0x07f1c749   Thumb Code     0  da14531_symbols.txt ABSOLUTE
    ke_malloc                                0x07f1c7d9   Thumb Code     0  da14531_symbols.txt ABSOLUTE
    ke_free                                  0x07f1c8cf   Thumb Code     0  da14531_symbols.txt ABSOLUTE
    ke_is_free                               0x07f1c9b1   Thumb Code     0  da14531_symbols.txt ABSOLUTE
    ke_get_mem_usage                         0x07f1c9c3   Thumb Code     0  da14531_symbols.txt ABSOLUTE
    ke_get_max_mem_usage                     0x07f1c9cf   Thumb Code     0  da14531_symbols.txt ABSOLUTE
    ke_msg_alloc                             0x07f1c9f5   Thumb Code     0  da14531_symbols.txt ABSOLUTE
    ke_msg_send                              0x07f1ca2b   Thumb Code     0  da14531_symbols.txt ABSOLUTE
    ke_msg_send_basic                        0x07f1ca57   Thumb Code     0  da14531_symbols.txt ABSOLUTE
    ke_msg_forward                           0x07f1ca65   Thumb Code     0  da14531_symbols.txt ABSOLUTE
    ke_msg_forward_new_id                    0x07f1ca6f   Thumb Code     0  da14531_symbols.txt ABSOLUTE
    ke_msg_free                              0x07f1ca7f   Thumb Code     0  da14531_symbols.txt ABSOLUTE
    ke_msg_dest_id_get                       0x07f1ca87   Thumb Code     0  da14531_symbols.txt ABSOLUTE
    ke_msg_src_id_get                        0x07f1ca8d   Thumb Code     0  da14531_symbols.txt ABSOLUTE
    ke_msg_in_queue                          0x07f1ca93   Thumb Code     0  da14531_symbols.txt ABSOLUTE
    ke_queue_extract                         0x07f1caa5   Thumb Code     0  da14531_symbols.txt ABSOLUTE
    ke_queue_insert                          0x07f1caf5   Thumb Code     0  da14531_symbols.txt ABSOLUTE
    ke_task_init_func                        0x07f1cddf   Thumb Code     0  da14531_symbols.txt ABSOLUTE
    ke_task_create                           0x07f1cdf3   Thumb Code     0  da14531_symbols.txt ABSOLUTE
    ke_task_delete                           0x07f1ce2b   Thumb Code     0  da14531_symbols.txt ABSOLUTE
    ke_state_set                             0x07f1ce57   Thumb Code     0  da14531_symbols.txt ABSOLUTE
    ke_state_get                             0x07f1ce81   Thumb Code     0  da14531_symbols.txt ABSOLUTE
    ke_msg_discard                           0x07f1ce9f   Thumb Code     0  da14531_symbols.txt ABSOLUTE
    ke_msg_save                              0x07f1cea3   Thumb Code     0  da14531_symbols.txt ABSOLUTE
    ke_task_msg_flush                        0x07f1cea7   Thumb Code     0  da14531_symbols.txt ABSOLUTE
    ke_timer_init_func                       0x07f1d067   Thumb Code     0  da14531_symbols.txt ABSOLUTE
    ke_timer_set                             0x07f1d073   Thumb Code     0  da14531_symbols.txt ABSOLUTE
    ke_timer_clear                           0x07f1d107   Thumb Code     0  da14531_symbols.txt ABSOLUTE
    ke_timer_active                          0x07f1d15d   Thumb Code     0  da14531_symbols.txt ABSOLUTE
    ke_timer_sleep_check                     0x07f1d183   Thumb Code     0  da14531_symbols.txt ABSOLUTE
    rwble_hl_init                            0x07f1d289   Thumb Code     0  da14531_symbols.txt ABSOLUTE
    rwble_hl_reset                           0x07f1d2ab   Thumb Code     0  da14531_symbols.txt ABSOLUTE
    rwble_hl_send_message                    0x07f1d2cd   Thumb Code     0  da14531_symbols.txt ABSOLUTE
    rwip_check_wakeup_boundary               0x07f1d2d1   Thumb Code     0  da14531_symbols.txt ABSOLUTE
    rwip_init                                0x07f1d2f7   Thumb Code     0  da14531_symbols.txt ABSOLUTE
    rwip_reset                               0x07f1d3bb   Thumb Code     0  da14531_symbols.txt ABSOLUTE
    rwip_version                             0x07f1d3f3   Thumb Code     0  da14531_symbols.txt ABSOLUTE
    rwip_schedule                            0x07f1d3fb   Thumb Code     0  da14531_symbols.txt ABSOLUTE
    rwip_prevent_sleep_set                   0x07f1d4a7   Thumb Code     0  da14531_symbols.txt ABSOLUTE
    rwip_wakeup                              0x07f1d4c9   Thumb Code     0  da14531_symbols.txt ABSOLUTE
    rwip_prevent_sleep_clear                 0x07f1d4df   Thumb Code     0  da14531_symbols.txt ABSOLUTE
    rwip_wakeup_end                          0x07f1d501   Thumb Code     0  da14531_symbols.txt ABSOLUTE
    rwip_wakeup_delay_set                    0x07f1d51d   Thumb Code     0  da14531_symbols.txt ABSOLUTE
    rwip_sleep_enable                        0x07f1d52b   Thumb Code     0  da14531_symbols.txt ABSOLUTE
    rwip_ext_wakeup_enable                   0x07f1d531   Thumb Code     0  da14531_symbols.txt ABSOLUTE
    rwble_init                               0x07f1d555   Thumb Code     0  da14531_symbols.txt ABSOLUTE
    rwble_reset                              0x07f1d5bb   Thumb Code     0  da14531_symbols.txt ABSOLUTE
    rwble_version                            0x07f1d5ef   Thumb Code     0  da14531_symbols.txt ABSOLUTE
    rwble_send_message                       0x07f1d61b   Thumb Code     0  da14531_symbols.txt ABSOLUTE
    YieldToScheduler                         0x07f1d725   Thumb Code     0  da14531_symbols.txt ABSOLUTE
    xorshift64star                           0x07f1d72d   Thumb Code     0  da14531_symbols.txt ABSOLUTE
    uECC_set_rng                             0x07f1d793   Thumb Code     0  da14531_symbols.txt ABSOLUTE
    uECC_get_rng                             0x07f1d799   Thumb Code     0  da14531_symbols.txt ABSOLUTE
    uECC_curve_private_key_size              0x07f1d79f   Thumb Code     0  da14531_symbols.txt ABSOLUTE
    uECC_curve_public_key_size               0x07f1d7af   Thumb Code     0  da14531_symbols.txt ABSOLUTE
    uECC_vli_clear                           0x07f1d7b7   Thumb Code     0  da14531_symbols.txt ABSOLUTE
    uECC_vli_isZero                          0x07f1d7cd   Thumb Code     0  da14531_symbols.txt ABSOLUTE
    uECC_vli_testBit                         0x07f1d7ef   Thumb Code     0  da14531_symbols.txt ABSOLUTE
    uECC_vli_numBits                         0x07f1d801   Thumb Code     0  da14531_symbols.txt ABSOLUTE
    uECC_vli_set                             0x07f1d83b   Thumb Code     0  da14531_symbols.txt ABSOLUTE
    uECC_vli_equal                           0x07f1d879   Thumb Code     0  da14531_symbols.txt ABSOLUTE
    uECC_vli_cmp                             0x07f1d89d   Thumb Code     0  da14531_symbols.txt ABSOLUTE
    uECC_vli_rshift1                         0x07f1d8d3   Thumb Code     0  da14531_symbols.txt ABSOLUTE
    uECC_vli_square                          0x07f1d8f1   Thumb Code     0  da14531_symbols.txt ABSOLUTE
    uECC_vli_modAdd                          0x07f1d8fd   Thumb Code     0  da14531_symbols.txt ABSOLUTE
    uECC_vli_modSub                          0x07f1d92b   Thumb Code     0  da14531_symbols.txt ABSOLUTE
    uECC_vli_mmod                            0x07f1d94b   Thumb Code     0  da14531_symbols.txt ABSOLUTE
    uECC_vli_modMult                         0x07f1da55   Thumb Code     0  da14531_symbols.txt ABSOLUTE
    uECC_vli_modMult_fast                    0x07f1da77   Thumb Code     0  da14531_symbols.txt ABSOLUTE
    uECC_vli_modSquare                       0x07f1da97   Thumb Code     0  da14531_symbols.txt ABSOLUTE
    uECC_vli_modSquare_fast                  0x07f1daa5   Thumb Code     0  da14531_symbols.txt ABSOLUTE
    uECC_vli_modInv                          0x07f1dae5   Thumb Code     0  da14531_symbols.txt ABSOLUTE
    uECC_secp256r1                           0x07f1de21   Thumb Code     0  da14531_symbols.txt ABSOLUTE
    uECC_vli_nativeToBytes                   0x07f1e41f   Thumb Code     0  da14531_symbols.txt ABSOLUTE
    uECC_vli_bytesToNative                   0x07f1e441   Thumb Code     0  da14531_symbols.txt ABSOLUTE
    uECC_generate_random_int                 0x07f1e47f   Thumb Code     0  da14531_symbols.txt ABSOLUTE
    uECC_make_key                            0x07f1e4e1   Thumb Code     0  da14531_symbols.txt ABSOLUTE
    uECC_shared_secret                       0x07f1e55f   Thumb Code     0  da14531_symbols.txt ABSOLUTE
    uECC_compress                            0x07f1e61b   Thumb Code     0  da14531_symbols.txt ABSOLUTE
    uECC_decompress                          0x07f1e649   Thumb Code     0  da14531_symbols.txt ABSOLUTE
    uECC_valid_point                         0x07f1e6b9   Thumb Code     0  da14531_symbols.txt ABSOLUTE
    uECC_valid_public_key                    0x07f1e71b   Thumb Code     0  da14531_symbols.txt ABSOLUTE
    uECC_compute_public_key                  0x07f1e74f   Thumb Code     0  da14531_symbols.txt ABSOLUTE
    uECC_sign                                0x07f1e9d5   Thumb Code     0  da14531_symbols.txt ABSOLUTE
    uECC_sign_deterministic                  0x07f1eabb   Thumb Code     0  da14531_symbols.txt ABSOLUTE
    uECC_verify                              0x07f1ec29   Thumb Code     0  da14531_symbols.txt ABSOLUTE
    uECC_curve_num_words                     0x07f1eed5   Thumb Code     0  da14531_symbols.txt ABSOLUTE
    uECC_curve_num_bytes                     0x07f1eedd   Thumb Code     0  da14531_symbols.txt ABSOLUTE
    uECC_curve_num_bits                      0x07f1eee5   Thumb Code     0  da14531_symbols.txt ABSOLUTE
    uECC_curve_num_n_words                   0x07f1eeed   Thumb Code     0  da14531_symbols.txt ABSOLUTE
    uECC_curve_num_n_bytes                   0x07f1eefd   Thumb Code     0  da14531_symbols.txt ABSOLUTE
    uECC_curve_num_n_bits                    0x07f1ef0d   Thumb Code     0  da14531_symbols.txt ABSOLUTE
    uECC_curve_p                             0x07f1ef15   Thumb Code     0  da14531_symbols.txt ABSOLUTE
    uECC_curve_n                             0x07f1ef19   Thumb Code     0  da14531_symbols.txt ABSOLUTE
    uECC_curve_G                             0x07f1ef1d   Thumb Code     0  da14531_symbols.txt ABSOLUTE
    uECC_curve_b                             0x07f1ef21   Thumb Code     0  da14531_symbols.txt ABSOLUTE
    uECC_vli_mod_sqrt                        0x07f1ef25   Thumb Code     0  da14531_symbols.txt ABSOLUTE
    uECC_vli_mmod_fast                       0x07f1ef2b   Thumb Code     0  da14531_symbols.txt ABSOLUTE
    uECC_point_mult                          0x07f1ef31   Thumb Code     0  da14531_symbols.txt ABSOLUTE
    __aeabi_uidiv                            0x07f1f005   Thumb Code     0  da14531_symbols.txt ABSOLUTE
    __aeabi_uidivmod                         0x07f1f005   Thumb Code     0  da14531_symbols.txt ABSOLUTE
    __aeabi_idiv                             0x07f1f031   Thumb Code     0  da14531_symbols.txt ABSOLUTE
    __aeabi_idivmod                          0x07f1f031   Thumb Code     0  da14531_symbols.txt ABSOLUTE
    __aeabi_lmul                             0x07f1f059   Thumb Code     0  da14531_symbols.txt ABSOLUTE
    _ll_mul                                  0x07f1f059   Thumb Code     0  da14531_symbols.txt ABSOLUTE
    rand                                     0x07f1f0d5   Thumb Code     0  da14531_symbols.txt ABSOLUTE
    srand                                    0x07f1f0e7   Thumb Code     0  da14531_symbols.txt ABSOLUTE
    __aeabi_memcpy                           0x07f1f0f9   Thumb Code     0  da14531_symbols.txt ABSOLUTE
    __aeabi_memcpy4                          0x07f1f0f9   Thumb Code     0  da14531_symbols.txt ABSOLUTE
    __aeabi_memcpy8                          0x07f1f0f9   Thumb Code     0  da14531_symbols.txt ABSOLUTE
    __aeabi_memset                           0x07f1f11d   Thumb Code     0  da14531_symbols.txt ABSOLUTE
    __aeabi_memset4                          0x07f1f11d   Thumb Code     0  da14531_symbols.txt ABSOLUTE
    __aeabi_memset8                          0x07f1f11d   Thumb Code     0  da14531_symbols.txt ABSOLUTE
    __aeabi_memclr                           0x07f1f12b   Thumb Code     0  da14531_symbols.txt ABSOLUTE
    __aeabi_memclr4                          0x07f1f12b   Thumb Code     0  da14531_symbols.txt ABSOLUTE
    __aeabi_memclr8                          0x07f1f12b   Thumb Code     0  da14531_symbols.txt ABSOLUTE
    _memset$wrapper                          0x07f1f12f   Thumb Code     0  da14531_symbols.txt ABSOLUTE
    memcmp                                   0x07f1f141   Thumb Code     0  da14531_symbols.txt ABSOLUTE
    __aeabi_uread4                           0x07f1f15b   Thumb Code     0  da14531_symbols.txt ABSOLUTE
    __rt_uread4                              0x07f1f15b   Thumb Code     0  da14531_symbols.txt ABSOLUTE
    _uread4                                  0x07f1f15b   Thumb Code     0  da14531_symbols.txt ABSOLUTE
    __aeabi_uwrite4                          0x07f1f16f   Thumb Code     0  da14531_symbols.txt ABSOLUTE
    __rt_uwrite4                             0x07f1f16f   Thumb Code     0  da14531_symbols.txt ABSOLUTE
    _uwrite4                                 0x07f1f16f   Thumb Code     0  da14531_symbols.txt ABSOLUTE
    __aeabi_llsl                             0x07f1f181   Thumb Code     0  da14531_symbols.txt ABSOLUTE
    _ll_shift_l                              0x07f1f181   Thumb Code     0  da14531_symbols.txt ABSOLUTE
    __ARM_common_switch8                     0x07f1f1a1   Thumb Code     0  da14531_symbols.txt ABSOLUTE
    uart_api                                 0x07f1f1bc   Data           0  da14531_symbols.txt ABSOLUTE
    co_sca2ppm                               0x07f1f1cc   Data           0  da14531_symbols.txt ABSOLUTE
    co_null_bdaddr                           0x07f1f1dc   Data           0  da14531_symbols.txt ABSOLUTE
    co_default_bdaddr                        0x07f1f1e2   Data           0  da14531_symbols.txt ABSOLUTE
    llc_state_handler                        0x07f1f468   Data           0  da14531_symbols.txt ABSOLUTE
    llc_default_handler                      0x07f1f538   Data           0  da14531_symbols.txt ABSOLUTE
    llm_dflt_bdaddr                          0x07f1f550   Data           0  da14531_symbols.txt ABSOLUTE
    llm_debug_private_key                    0x07f1f556   Data           0  da14531_symbols.txt ABSOLUTE
    llm_local_le_states                      0x07f1f588   Data           0  da14531_symbols.txt ABSOLUTE
    llm_state_handler                        0x07f1f770   Data           0  da14531_symbols.txt ABSOLUTE
    llm_default_handler                      0x07f1f7a0   Data           0  da14531_symbols.txt ABSOLUTE
    LLM_AA_CT1                               0x07f1f7a8   Data           0  da14531_symbols.txt ABSOLUTE
    LLM_AA_CT2                               0x07f1f7ab   Data           0  da14531_symbols.txt ABSOLUTE
    ecc_p256_G                               0x07f1f7ad   Data           0  da14531_symbols.txt ABSOLUTE
    gtl_default_state                        0x07f1f800   Data           0  da14531_symbols.txt ABSOLUTE
    gtl_default_handler                      0x07f1f808   Data           0  da14531_symbols.txt ABSOLUTE
    hci_cmd_desc_tab_lk_ctrl                 0x07f1f814   Data           0  da14531_symbols.txt ABSOLUTE
    hci_cmd_desc_tab_ctrl_bb                 0x07f1f838   Data           0  da14531_symbols.txt ABSOLUTE
    hci_cmd_desc_tab_info_par                0x07f1f8b0   Data           0  da14531_symbols.txt ABSOLUTE
    hci_cmd_desc_tab_stat_par                0x07f1f8e0   Data           0  da14531_symbols.txt ABSOLUTE
    hci_cmd_desc_tab_le                      0x07f1f8ec   Data           0  da14531_symbols.txt ABSOLUTE
    hci_cmd_desc_tab_vs                      0x07f1fb38   Data           0  da14531_symbols.txt ABSOLUTE
    rom_hci_cmd_desc_root_tab                0x07f1fc7c   Data           0  da14531_symbols.txt ABSOLUTE
    hci_evt_desc_tab                         0x07f1fcac   Data           0  da14531_symbols.txt ABSOLUTE
    hci_evt_le_desc_tab                      0x07f1fcf4   Data           0  da14531_symbols.txt ABSOLUTE
    attc_handlers                            0x07f1fd64   Data           0  da14531_symbols.txt ABSOLUTE
    atts_handlers                            0x07f1fdd4   Data           0  da14531_symbols.txt ABSOLUTE
    gattc_default_state                      0x07f1fe54   Data           0  da14531_symbols.txt ABSOLUTE
    gattc_default_handler                    0x07f1ff34   Data           0  da14531_symbols.txt ABSOLUTE
    gattm_default_state                      0x07f1ff80   Data           0  da14531_symbols.txt ABSOLUTE
    gattm_default_handler                    0x07f1ffd8   Data           0  da14531_symbols.txt ABSOLUTE
    l2cc_default_state                       0x07f1fff0   Data           0  da14531_symbols.txt ABSOLUTE
    l2cc_default_handler                     0x07f20008   Data           0  da14531_symbols.txt ABSOLUTE
    const_Rb                                 0x07f20029   Data           0  da14531_symbols.txt ABSOLUTE
    const_Zero                               0x07f20039   Data           0  da14531_symbols.txt ABSOLUTE
    gapc_default_state                       0x07f2005c   Data           0  da14531_symbols.txt ABSOLUTE
    gapc_default_handler                     0x07f201ac   Data           0  da14531_symbols.txt ABSOLUTE
    gapm_default_state                       0x07f20248   Data           0  da14531_symbols.txt ABSOLUTE
    gapm_default_handler                     0x07f20330   Data           0  da14531_symbols.txt ABSOLUTE
    l2cc_connor_pkt_format                   0x07f20338   Data           0  da14531_symbols.txt ABSOLUTE
    l2cc_signaling_pkt_format                0x07f20340   Data           0  da14531_symbols.txt ABSOLUTE
    l2cc_security_pkt_format                 0x07f2039c   Data           0  da14531_symbols.txt ABSOLUTE
    l2cc_attribute_pkt_format                0x07f203d8   Data           0  da14531_symbols.txt ABSOLUTE
    smpc_construct_pdu                       0x07f20454   Data           0  da14531_symbols.txt ABSOLUTE
    arch_printf_flush                        0x07f20be5   Thumb Code     0  da14531_symbols.txt ABSOLUTE
    arch_vprintf                             0x07f20c9d   Thumb Code     0  da14531_symbols.txt ABSOLUTE
    arch_printf                              0x07f20cfd   Thumb Code     0  da14531_symbols.txt ABSOLUTE
    arch_puts                                0x07f20d11   Thumb Code     0  da14531_symbols.txt ABSOLUTE
    arch_printf_process                      0x07f20d21   Thumb Code     0  da14531_symbols.txt ABSOLUTE
    nvds_get_func                            0x07f20dcd   Thumb Code     0  da14531_symbols.txt ABSOLUTE
    nvds_init_func                           0x07f20ea9   Thumb Code     0  da14531_symbols.txt ABSOLUTE
    nvds_del_func                            0x07f20ead   Thumb Code     0  da14531_symbols.txt ABSOLUTE
    nvds_put_func                            0x07f20eb1   Thumb Code     0  da14531_symbols.txt ABSOLUTE
    csprng_seed                              0x07f20f49   Thumb Code     0  da14531_symbols.txt ABSOLUTE
    csprng_get_next_uint32                   0x07f20f79   Thumb Code     0  da14531_symbols.txt ABSOLUTE
    trng_acquire                             0x07f21021   Thumb Code     0  da14531_symbols.txt ABSOLUTE
    prf_add_profile_func                     0x07f210d1   Thumb Code     0  da14531_symbols.txt ABSOLUTE
    prf_cleanup_func                         0x07f211b1   Thumb Code     0  da14531_symbols.txt ABSOLUTE
    prf_env_get                              0x07f211f1   Thumb Code     0  da14531_symbols.txt ABSOLUTE
    prf_src_task_get                         0x07f2121d   Thumb Code     0  da14531_symbols.txt ABSOLUTE
    prf_dst_task_get                         0x07f2122d   Thumb Code     0  da14531_symbols.txt ABSOLUTE
    prf_get_id_from_task_func                0x07f21241   Thumb Code     0  da14531_symbols.txt ABSOLUTE
    prf_get_task_from_id_func                0x07f21279   Thumb Code     0  da14531_symbols.txt ABSOLUTE
    prf_reset_func                           0x07f212b1   Thumb Code     0  da14531_symbols.txt ABSOLUTE
    prf_itf_get                              0x07f212fd   Thumb Code     0  da14531_symbols.txt ABSOLUTE
    prf_pack_char_pres_fmt                   0x07f21321   Thumb Code     0  da14531_symbols.txt ABSOLUTE
    prf_pack_date_time                       0x07f2133f   Thumb Code     0  da14531_symbols.txt ABSOLUTE
    prf_unpack_date_time                     0x07f2135f   Thumb Code     0  da14531_symbols.txt ABSOLUTE
    diss_compute_cfg_flag                    0x07f21381   Thumb Code     0  da14531_symbols.txt ABSOLUTE
    diss_handle_to_value                     0x07f21453   Thumb Code     0  da14531_symbols.txt ABSOLUTE
    diss_value_to_handle                     0x07f21483   Thumb Code     0  da14531_symbols.txt ABSOLUTE
    diss_check_val_len                       0x07f214b7   Thumb Code     0  da14531_symbols.txt ABSOLUTE
    diss_prf_itf_get                         0x07f214ed   Thumb Code     0  da14531_symbols.txt ABSOLUTE
    bass_get_att_handle                      0x07f2184b   Thumb Code     0  da14531_symbols.txt ABSOLUTE
    bass_get_att_idx                         0x07f21901   Thumb Code     0  da14531_symbols.txt ABSOLUTE
    bass_exe_operation                       0x07f2196b   Thumb Code     0  da14531_symbols.txt ABSOLUTE
    bass_prf_itf_get                         0x07f21a6d   Thumb Code     0  da14531_symbols.txt ABSOLUTE
    suotar_prf_itf_get                       0x07f22059   Thumb Code     0  da14531_symbols.txt ABSOLUTE
    check_client_char_cfg                    0x07f22355   Thumb Code     0  da14531_symbols.txt ABSOLUTE
    get_value_handle                         0x07f2237f   Thumb Code     0  da14531_symbols.txt ABSOLUTE
    get_cfg_handle                           0x07f223cb   Thumb Code     0  da14531_symbols.txt ABSOLUTE
    custs1_get_att_handle                    0x07f2242d   Thumb Code     0  da14531_symbols.txt ABSOLUTE
    custs1_get_att_idx                       0x07f22449   Thumb Code     0  da14531_symbols.txt ABSOLUTE
    custs1_prf_itf_get                       0x07f22621   Thumb Code     0  da14531_symbols.txt ABSOLUTE
    custs1_init_ccc_values                   0x07f226d3   Thumb Code     0  da14531_symbols.txt ABSOLUTE
    custs1_set_ccc_value                     0x07f2270b   Thumb Code     0  da14531_symbols.txt ABSOLUTE
    gattc_cmp_evt_handler                    0x07f22823   Thumb Code     0  da14531_symbols.txt ABSOLUTE
    custs1_val_set_req_handler               0x07f22837   Thumb Code     0  da14531_symbols.txt ABSOLUTE
    custs1_val_ntf_req_handler               0x07f22857   Thumb Code     0  da14531_symbols.txt ABSOLUTE
    custs1_val_ind_req_handler               0x07f228b3   Thumb Code     0  da14531_symbols.txt ABSOLUTE
    custs1_att_info_rsp_handler              0x07f2290f   Thumb Code     0  da14531_symbols.txt ABSOLUTE
    gattc_read_req_ind_handler               0x07f2294b   Thumb Code     0  da14531_symbols.txt ABSOLUTE
    gattc_att_info_req_ind_handler           0x07f22b57   Thumb Code     0  da14531_symbols.txt ABSOLUTE
    custs1_value_req_rsp_handler             0x07f22b99   Thumb Code     0  da14531_symbols.txt ABSOLUTE
    attm_svc_create_db_128                   0x07f22c19   Thumb Code     0  da14531_symbols.txt ABSOLUTE
    gapm_adv_report_ind_handler_ROM          0x07f23085   Thumb Code     0  da14531_symbols.txt ABSOLUTE
    gapc_security_ind_handler_ROM            0x07f2309f   Thumb Code     0  da14531_symbols.txt ABSOLUTE
    gapc_set_dev_info_req_ind_handler_ROM    0x07f23185   Thumb Code     0  da14531_symbols.txt ABSOLUTE
    gapm_profile_added_ind_handler_ROM       0x07f231c7   Thumb Code     0  da14531_symbols.txt ABSOLUTE
    gapc_param_update_req_ind_handler_ROM    0x07f231f9   Thumb Code     0  da14531_symbols.txt ABSOLUTE
    gapc_le_pkt_size_ind_handler_ROM         0x07f23239   Thumb Code     0  da14531_symbols.txt ABSOLUTE
    gattc_svc_changed_cfg_ind_handler_ROM    0x07f23253   Thumb Code     0  da14531_symbols.txt ABSOLUTE
    gapc_peer_features_ind_handler_ROM       0x07f2326f   Thumb Code     0  da14531_symbols.txt ABSOLUTE
    app_entry_point_handler                  0x07f232a9   Thumb Code     0  da14531_symbols.txt ABSOLUTE
    app_std_process_event                    0x07f232f1   Thumb Code     0  da14531_symbols.txt ABSOLUTE
    app_get_address_type_ROM                 0x07f23335   Thumb Code     0  da14531_symbols.txt ABSOLUTE
    app_fill_random_byte_array_ROM           0x07f23361   Thumb Code     0  da14531_symbols.txt ABSOLUTE
    __aeabi_ldivmod                          0x07f233f3   Thumb Code     0  da14531_symbols.txt ABSOLUTE
    __aeabi_llsr                             0x07f2343f   Thumb Code     0  da14531_symbols.txt ABSOLUTE
    _ll_ushift_r                             0x07f2343f   Thumb Code     0  da14531_symbols.txt ABSOLUTE
    __aeabi_uldivmod                         0x07f23461   Thumb Code     0  da14531_symbols.txt ABSOLUTE
    app_db_init_start                        0x07f234c1   Thumb Code     0  da14531_symbols.txt ABSOLUTE
    app_db_init                              0x07f234dd   Thumb Code     0  da14531_symbols.txt ABSOLUTE
    app_easy_gap_confirm                     0x07f234e9   Thumb Code     0  da14531_symbols.txt ABSOLUTE
    append_device_name                       0x07f23515   Thumb Code     0  da14531_symbols.txt ABSOLUTE
    app_easy_gap_update_adv_data             0x07f23539   Thumb Code     0  da14531_symbols.txt ABSOLUTE
    app_easy_gap_disconnect                  0x07f23581   Thumb Code     0  da14531_symbols.txt ABSOLUTE
    app_easy_gap_advertise_stop              0x07f235bd   Thumb Code     0  da14531_symbols.txt ABSOLUTE
    active_conidx_to_conhdl                  0x07f235d9   Thumb Code     0  da14531_symbols.txt ABSOLUTE
    active_conhdl_to_conidx                  0x07f23605   Thumb Code     0  da14531_symbols.txt ABSOLUTE
    app_timer_set                            0x07f23641   Thumb Code     0  da14531_symbols.txt ABSOLUTE
    app_easy_gap_set_data_packet_length      0x07f2365d   Thumb Code     0  da14531_symbols.txt ABSOLUTE
    get_user_prf_srv_perm                    0x07f23699   Thumb Code     0  da14531_symbols.txt ABSOLUTE
    app_set_prf_srv_perm                     0x07f236c1   Thumb Code     0  da14531_symbols.txt ABSOLUTE
    prf_init_srv_perm                        0x07f236f1   Thumb Code     0  da14531_symbols.txt ABSOLUTE
    app_gattc_svc_changed_cmd_send           0x07f23715   Thumb Code     0  da14531_symbols.txt ABSOLUTE
    blank_otp_bdaddr                         0x07f239e4   Data           0  da14531_symbols.txt ABSOLUTE
    app_default_handler                      0x07f23f58   Data           0  da14531_symbols.txt ABSOLUTE
    gap_cfg_user_var_struct                  0x07f23f60   Data           0  da14531_symbols.txt ABSOLUTE
    __Vectors                                0x07fc0000   Data           4  startup_da14531.o(RESET)
    __Vectors_End                            0x07fc00a0   Data           0  startup_da14531.o(RESET)
    Image$$ER_IROM3$$Base                    0x07fc0110   Number         0  anon$$obj.o ABSOLUTE
    __main                                   0x07fc0111   Thumb Code     0  entry.o(.ARM.Collect$$$$00000000)
    _main_stk                                0x07fc0111   Thumb Code     0  entry2.o(.ARM.Collect$$$$00000001)
    _main_scatterload                        0x07fc0115   Thumb Code     0  entry5.o(.ARM.Collect$$$$00000004)
    __main_after_scatterload                 0x07fc0119   Thumb Code     0  entry5.o(.ARM.Collect$$$$00000004)
    _main_clock                              0x07fc0119   Thumb Code     0  entry7b.o(.ARM.Collect$$$$00000008)
    _main_cpp_init                           0x07fc0119   Thumb Code     0  entry8b.o(.ARM.Collect$$$$0000000A)
    _main_init                               0x07fc0119   Thumb Code     0  entry9a.o(.ARM.Collect$$$$0000000B)
    __rt_final_cpp                           0x07fc0121   Thumb Code     0  entry10a.o(.ARM.Collect$$$$0000000D)
    __rt_final_exit                          0x07fc0121   Thumb Code     0  entry11a.o(.ARM.Collect$$$$0000000F)
    Reset_Handler                            0x07fc0125   Thumb Code     8  startup_da14531.o(.text)
    SVC_Handler                              0x07fc015d   Thumb Code     2  startup_da14531.o(.text)
    PendSV_Handler                           0x07fc015f   Thumb Code     2  startup_da14531.o(.text)
    BLE_RF_DIAG_Handler                      0x07fc0163   Thumb Code     0  startup_da14531.o(.text)
    DMA_Handler                              0x07fc0163   Thumb Code     0  startup_da14531.o(.text)
    KEYBRD_Handler                           0x07fc0163   Thumb Code     0  startup_da14531.o(.text)
    RESERVED21_Handler                       0x07fc0163   Thumb Code     0  startup_da14531.o(.text)
    RESERVED22_Handler                       0x07fc0163   Thumb Code     0  startup_da14531.o(.text)
    RESERVED23_Handler                       0x07fc0163   Thumb Code     0  startup_da14531.o(.text)
    RFCAL_Handler                            0x07fc0163   Thumb Code     0  startup_da14531.o(.text)
    RTC_Handler                              0x07fc0163   Thumb Code     0  startup_da14531.o(.text)
    SPI_Handler                              0x07fc0163   Thumb Code     0  startup_da14531.o(.text)
    SWTIM1_Handler                           0x07fc0163   Thumb Code     0  startup_da14531.o(.text)
    SWTIM_Handler                            0x07fc0163   Thumb Code     0  startup_da14531.o(.text)
    XTAL32M_RDY_Handler                      0x07fc0163   Thumb Code     0  startup_da14531.o(.text)
    JT_lld_test_mode_rx_func                 0x07fc0175   Thumb Code   142  patch.o(.text)
    JT_l2cc_pdu_unpack_func                  0x07fc0203   Thumb Code   786  patch.o(.text)
    JT_l2cc_pdu_recv_ind_handler_func        0x07fc0515   Thumb Code    72  patch.o(.text)
    PATCHED_llm_con_req_ind                  0x07fc055d   Thumb Code   814  patch.o(.text)
    PATCHED_smpc_recv_public_key_exchange_pdu 0x07fc099b   Thumb Code   106  patch.o(.text)
    PATCHED_llc_data_ind_handler             0x07fc0a05   Thumb Code   176  patch.o(.text)
    lld_drop_packet_fix                      0x07fc0ab5   Thumb Code    64  patch.o(.text)
    PATCHED_lld_data_ind_handler             0x07fc0af5   Thumb Code    58  patch.o(.text)
    patch_func                               0x07fc0b2f   Thumb Code    44  patch.o(.text)
    patch_global_vars_init                   0x07fc0b5b   Thumb Code     2  patch.o(.text)
    __scatterload                            0x07fc0b89   Thumb Code    28  init.o(.text)
    __scatterload_rt2                        0x07fc0b89   Thumb Code     0  init.o(.text)
    ADC_Handler                              0x07fc0bad   Thumb Code     8  lto-llvm-0cbb9f.o(.text.ADC_Handler)
    BLE_WAKEUP_LP_Handler                    0x07fc0bb9   Thumb Code   228  lto-llvm-0cbb9f.o(.text.BLE_WAKEUP_LP_Handler)
    GPIO0_Handler                            0x07fc0cb9   Thumb Code    20  lto-llvm-0cbb9f.o(.text.GPIO0_Handler)
    GPIO1_Handler                            0x07fc0ccd   Thumb Code    20  lto-llvm-0cbb9f.o(.text.GPIO1_Handler)
    GPIO2_Handler                            0x07fc0ce1   Thumb Code    20  lto-llvm-0cbb9f.o(.text.GPIO2_Handler)
    GPIO3_Handler                            0x07fc0cf5   Thumb Code    20  lto-llvm-0cbb9f.o(.text.GPIO3_Handler)
    GPIO4_Handler                            0x07fc0d09   Thumb Code    20  lto-llvm-0cbb9f.o(.text.GPIO4_Handler)
    HardFault_HandlerC                       0x07fc0d21   Thumb Code   148  lto-llvm-0cbb9f.o(.text.HardFault_HandlerC)
    I2C_Handler                              0x07fc0dd1   Thumb Code    28  lto-llvm-0cbb9f.o(.text.I2C_Handler)
    NMI_HandlerC                             0x07fc117d   Thumb Code   184  lto-llvm-0cbb9f.o(.text.NMI_HandlerC)
    SysTick_Handler                          0x07fc125b   Thumb Code     2  lto-llvm-0cbb9f.o(.text.SysTick_Handler)
    UART2_Handler                            0x07fc125d   Thumb Code   164  lto-llvm-0cbb9f.o(.text.UART2_Handler)
    WKUP_QUADEC_Handler                      0x07fc1319   Thumb Code   136  lto-llvm-0cbb9f.o(.text.WKUP_QUADEC_Handler)
    main                                     0x07fc2691   Thumb Code  9016  lto-llvm-0cbb9f.o(.text.main)
    rwble_isr                                0x07fc59d1   Thumb Code   336  lto-llvm-0cbb9f.o(.text.rwble_isr)
    __scatterload_copy                       0x07fc5ea1   Thumb Code    14  handlers.o(i.__scatterload_copy)
    __scatterload_null                       0x07fc5eaf   Thumb Code     2  handlers.o(i.__scatterload_null)
    __scatterload_zeroinit                   0x07fc5eb1   Thumb Code    14  handlers.o(i.__scatterload_zeroinit)
    SystemInit                               0x07fc5ec1   Thumb Code   124  lto-llvm-0cbb9f.o(system_DA14xxx)
    Region$$Table$$Base                      0x07fc6a84   Number         0  anon$$obj.o(Region$$Table)
    Region$$Table$$Limit                     0x07fc6aa4   Number         0  anon$$obj.o(Region$$Table)
    __initial_sp                             0x07fc7300   Data           0  startup_da14531.o(STACK)
    lld_force_timeout_refresh                0x07fc7300   Data           3  patch.o(retention_mem_area0)
    Image$$RET_HEAP_DB$$Base                 0x07fc8f24   Number         0  anon$$obj.o ABSOLUTE
    dummy                                    0x07fc9c00   Data           0  da14531_symbols.txt ABSOLUTE
    ble_wakeup_executed                      0x07fcb900   Data           0  da14531_symbols.txt ABSOLUTE
    rf_in_sleep                              0x07fcb901   Data           0  da14531_symbols.txt ABSOLUTE
    custom_preinit                           0x07fcb904   Data           0  da14531_symbols.txt ABSOLUTE
    custom_postinit                          0x07fcb908   Data           0  da14531_symbols.txt ABSOLUTE
    custom_appinit                           0x07fcb90c   Data           0  da14531_symbols.txt ABSOLUTE
    custom_preloop                           0x07fcb910   Data           0  da14531_symbols.txt ABSOLUTE
    custom_preschedule                       0x07fcb914   Data           0  da14531_symbols.txt ABSOLUTE
    custom_postschedule                      0x07fcb918   Data           0  da14531_symbols.txt ABSOLUTE
    custom_postschedule_async                0x07fcb91c   Data           0  da14531_symbols.txt ABSOLUTE
    custom_presleepcheck                     0x07fcb920   Data           0  da14531_symbols.txt ABSOLUTE
    custom_appsleepset                       0x07fcb924   Data           0  da14531_symbols.txt ABSOLUTE
    custom_postsleepcheck                    0x07fcb928   Data           0  da14531_symbols.txt ABSOLUTE
    custom_presleepenter                     0x07fcb92c   Data           0  da14531_symbols.txt ABSOLUTE
    custom_postsleepexit                     0x07fcb930   Data           0  da14531_symbols.txt ABSOLUTE
    custom_prewakeup                         0x07fcb934   Data           0  da14531_symbols.txt ABSOLUTE
    custom_postwakeup                        0x07fcb938   Data           0  da14531_symbols.txt ABSOLUTE
    custom_preidlecheck                      0x07fcb93c   Data           0  da14531_symbols.txt ABSOLUTE
    custom_pti_set                           0x07fcb940   Data           0  da14531_symbols.txt ABSOLUTE
    REG_BLE_EM_TX_BUFFER_SIZE                0x07fcb944   Data           0  da14531_symbols.txt ABSOLUTE
    REG_BLE_EM_RX_BUFFER_SIZE                0x07fcb948   Data           0  da14531_symbols.txt ABSOLUTE
    _ble_base                                0x07fcb94c   Data           0  da14531_symbols.txt ABSOLUTE
    gap_cfg_user                             0x07fcb950   Data           0  da14531_symbols.txt ABSOLUTE
    rom_func_addr_table                      0x07fcb954   Data           0  da14531_symbols.txt ABSOLUTE
    rom_cfg_table                            0x07fcb958   Data           0  da14531_symbols.txt ABSOLUTE
    BLE_TX_DESC_DATA_USER                    0x07fcb95c   Data           0  da14531_symbols.txt ABSOLUTE
    BLE_TX_DESC_CNTL_USER                    0x07fcb960   Data           0  da14531_symbols.txt ABSOLUTE
    LLM_LE_ADV_DUMMY_IDX                     0x07fcb964   Data           0  da14531_symbols.txt ABSOLUTE
    LLM_LE_SCAN_CON_REQ_ADV_DIR_IDX          0x07fcb968   Data           0  da14531_symbols.txt ABSOLUTE
    LLM_LE_SCAN_RSP_IDX                      0x07fcb96c   Data           0  da14531_symbols.txt ABSOLUTE
    LLM_LE_ADV_IDX                           0x07fcb970   Data           0  da14531_symbols.txt ABSOLUTE
    length_exchange_needed                   0x07fcb974   Data           0  da14531_symbols.txt ABSOLUTE
    enh_con_cmp_cnt                          0x07fcb978   Data           0  da14531_symbols.txt ABSOLUTE
    rx_pkt_cnt                               0x07fcb980   Data           0  da14531_symbols.txt ABSOLUTE
    rx_pkt_cnt_bad                           0x07fcb984   Data           0  da14531_symbols.txt ABSOLUTE
    rx_pkt_cnt_bad_adv                       0x07fcb988   Data           0  da14531_symbols.txt ABSOLUTE
    rx_pkt_cnt_bad_scn                       0x07fcb98c   Data           0  da14531_symbols.txt ABSOLUTE
    rx_pkt_cnt_bad_oth                       0x07fcb990   Data           0  da14531_symbols.txt ABSOLUTE
    rx_pkt_cnt_bad_wo_sync_err               0x07fcb994   Data           0  da14531_symbols.txt ABSOLUTE
    rx_pkt_cnt_bad_con                       0x07fcb998   Data           0  da14531_symbols.txt ABSOLUTE
    connect_req_cnt                          0x07fcb99c   Data           0  da14531_symbols.txt ABSOLUTE
    last_status                              0x07fcb9a0   Data           0  da14531_symbols.txt ABSOLUTE
    llc_state                                0x07fcb9a4   Data           0  da14531_symbols.txt ABSOLUTE
    lld_sleep_env                            0x07fcb9a8   Data           0  da14531_symbols.txt ABSOLUTE
    lld_wlcoex_enable                        0x07fcb9ac   Data           0  da14531_symbols.txt ABSOLUTE
    ble_duplicate_filter_max                 0x07fcb9b0   Data           0  da14531_symbols.txt ABSOLUTE
    ble_duplicate_filter_found               0x07fcb9b1   Data           0  da14531_symbols.txt ABSOLUTE
    alter_conn_adv_all_cnt                   0x07fcb9b4   Data           0  da14531_symbols.txt ABSOLUTE
    alter_conn_adv_dir_cnt                   0x07fcb9b8   Data           0  da14531_symbols.txt ABSOLUTE
    alter_conn_adv_cnt                       0x07fcb9bc   Data           0  da14531_symbols.txt ABSOLUTE
    create_conn_cnt                          0x07fcb9c0   Data           0  da14531_symbols.txt ABSOLUTE
    alter_conn_cnt                           0x07fcb9c4   Data           0  da14531_symbols.txt ABSOLUTE
    alter_conn_restart_cnt                   0x07fcb9c8   Data           0  da14531_symbols.txt ABSOLUTE
    alter_conn_peer_addr                     0x07fcb9cc   Data           0  da14531_symbols.txt ABSOLUTE
    alter_conn_local_addr                    0x07fcb9d2   Data           0  da14531_symbols.txt ABSOLUTE
    set_adv_data_discard_old                 0x07fcb9d8   Data           0  da14531_symbols.txt ABSOLUTE
    llm_resolving_list_max                   0x07fcb9d9   Data           0  da14531_symbols.txt ABSOLUTE
    llm_local_le_feats                       0x07fcb9da   Data           0  da14531_symbols.txt ABSOLUTE
    llm_bt_env                               0x07fcb9e2   Data           0  da14531_symbols.txt ABSOLUTE
    init_tx_cnt_cntl_cnt1                    0x07fcb9ec   Data           0  da14531_symbols.txt ABSOLUTE
    init_tx_cnt_cntl_cnt                     0x07fcb9f0   Data           0  da14531_symbols.txt ABSOLUTE
    tx_cnt_cntl_cnt                          0x07fcb9f4   Data           0  da14531_symbols.txt ABSOLUTE
    llm_state                                0x07fcb9f8   Data           0  da14531_symbols.txt ABSOLUTE
    delay_us_cnt                             0x07fcb9fa   Data           0  da14531_symbols.txt ABSOLUTE
    gtl_state                                0x07fcb9fc   Data           0  da14531_symbols.txt ABSOLUTE
    use_h4tl                                 0x07fcb9fd   Data           0  da14531_symbols.txt ABSOLUTE
    hci_cmd_desc_root_tab                    0x07fcba00   Data           0  da14531_symbols.txt ABSOLUTE
    gattc_state                              0x07fcba30   Data           0  da14531_symbols.txt ABSOLUTE
    gattm_state                              0x07fcba33   Data           0  da14531_symbols.txt ABSOLUTE
    l2cc_state                               0x07fcba34   Data           0  da14531_symbols.txt ABSOLUTE
    l2cm_env                                 0x07fcba38   Data           0  da14531_symbols.txt ABSOLUTE
    gapc_state                               0x07fcba3e   Data           0  da14531_symbols.txt ABSOLUTE
    gapm_state                               0x07fcba41   Data           0  da14531_symbols.txt ABSOLUTE
    whitelist_fix                            0x07fcba42   Data           0  da14531_symbols.txt ABSOLUTE
    ecdh_key_creation_in_progress            0x07fcba44   Data           0  da14531_symbols.txt ABSOLUTE
    ke_free_bad                              0x07fcba48   Data           0  da14531_symbols.txt ABSOLUTE
    DISABLE_KE_TASK_ALTERNATIVE_SAVED_QUEUE  0x07fcba4c   Data           0  da14531_symbols.txt ABSOLUTE
    rwip_env                                 0x07fcba54   Data           0  da14531_symbols.txt ABSOLUTE
    _rand_state_ROM_DATA                     0x07fcba5c   Data           0  da14531_symbols.txt ABSOLUTE
    custom_msg_handlers                      0x07fcba60   Data           0  da14531_symbols.txt ABSOLUTE
    ble_reg_save                             0x07fcba64   Data           0  da14531_symbols.txt ABSOLUTE
    sleep_env                                0x07fcbab4   Data           0  da14531_symbols.txt ABSOLUTE
    uart_env                                 0x07fcbab8   Data           0  da14531_symbols.txt ABSOLUTE
    ke_mem_heaps_used                        0x07fcbadc   Data           0  da14531_symbols.txt ABSOLUTE
    co_buf_env                               0x07fcbae0   Data           0  da14531_symbols.txt ABSOLUTE
    llc_env                                  0x07fcbb78   Data           0  da14531_symbols.txt ABSOLUTE
    lld_evt_env                              0x07fcbb84   Data           0  da14531_symbols.txt ABSOLUTE
    llm_le_env                               0x07fcbbb0   Data           0  da14531_symbols.txt ABSOLUTE
    llm_local_cmds                           0x07fcbcb0   Data           0  da14531_symbols.txt ABSOLUTE
    gtl_env                                  0x07fcbd30   Data           0  da14531_symbols.txt ABSOLUTE
    hci_env                                  0x07fcbd78   Data           0  da14531_symbols.txt ABSOLUTE
    h4tl_env                                 0x07fcbd88   Data           0  da14531_symbols.txt ABSOLUTE
    gattc_env                                0x07fcbda0   Data           0  da14531_symbols.txt ABSOLUTE
    gattm_env                                0x07fcbdac   Data           0  da14531_symbols.txt ABSOLUTE
    l2cc_env                                 0x07fcbdd0   Data           0  da14531_symbols.txt ABSOLUTE
    ecdh_key                                 0x07fcbddc   Data           0  da14531_symbols.txt ABSOLUTE
    gapc_env                                 0x07fcbe3c   Data           0  da14531_symbols.txt ABSOLUTE
    gapm_env                                 0x07fcbe48   Data           0  da14531_symbols.txt ABSOLUTE
    ke_env                                   0x07fcbe74   Data           0  da14531_symbols.txt ABSOLUTE
    rwip_rf                                  0x07fcbf58   Data           0  da14531_symbols.txt ABSOLUTE



==============================================================================

Memory Map of the image

  Image Entry point : 0x07fc0111

  Load Region LR_IROM1 (Base: 0x07fc0000, Size: 0x000000a8, Max: 0x000000c0, ABSOLUTE)

    Execution Region ER_IROM1 (Exec base: 0x07fc0000, Load base: 0x07fc0000, Size: 0x000000a8, Max: 0x000000c0, ABSOLUTE)

    Exec Addr    Load Addr    Size         Type   Attr      Idx    E Section Name        Object

    0x07fc0000   0x07fc0000   0x000000a0   Data   RO            5    RESET               startup_da14531.o
    0x07fc00a0   0x07fc00a0   0x00000008   Data   RW          392    otp_cs_booter       lto-llvm-0cbb9f.o



  Load Region LR_IROM2 (Base: 0x07fc00c0, Size: 0x00000000, Max: 0x00000050, ABSOLUTE)

    Execution Region ER_IROM2 (Exec base: 0x07fc00c0, Load base: 0x07fc00c0, Size: 0x00000050, Max: 0x00000050, ABSOLUTE)

    Exec Addr    Load Addr    Size         Type   Attr      Idx    E Section Name        Object

    0x07fc00c0        -       0x00000050   Zero   RW            1    ER_IROM2.bss        anon$$obj.o



  Load Region LR_IROM3 (Base: 0x07fc0110, Size: 0x00006998, Max: 0x00008ab0, ABSOLUTE)

    Execution Region ER_IROM3 (Exec base: 0x07fc0110, Load base: 0x07fc0110, Size: 0x00006998, Max: 0x00008ab0, ABSOLUTE)

    Exec Addr    Load Addr    Size         Type   Attr      Idx    E Section Name        Object

    0x07fc0110   0x07fc0110   0x00000000   Code   RO          163  * .ARM.Collect$$$$00000000  mc_p.l(entry.o)
    0x07fc0110   0x07fc0110   0x00000004   Code   RO          164    .ARM.Collect$$$$00000001  mc_p.l(entry2.o)
    0x07fc0114   0x07fc0114   0x00000004   Code   RO          167    .ARM.Collect$$$$00000004  mc_p.l(entry5.o)
    0x07fc0118   0x07fc0118   0x00000000   Code   RO          169    .ARM.Collect$$$$00000008  mc_p.l(entry7b.o)
    0x07fc0118   0x07fc0118   0x00000000   Code   RO          171    .ARM.Collect$$$$0000000A  mc_p.l(entry8b.o)
    0x07fc0118   0x07fc0118   0x00000008   Code   RO          172    .ARM.Collect$$$$0000000B  mc_p.l(entry9a.o)
    0x07fc0120   0x07fc0120   0x00000000   Code   RO          174    .ARM.Collect$$$$0000000D  mc_p.l(entry10a.o)
    0x07fc0120   0x07fc0120   0x00000000   Code   RO          176    .ARM.Collect$$$$0000000F  mc_p.l(entry11a.o)
    0x07fc0120   0x07fc0120   0x00000004   Code   RO          165    .ARM.Collect$$$$00002712  mc_p.l(entry2.o)
    0x07fc0124   0x07fc0124   0x00000050   Code   RO            6    .text               startup_da14531.o
    0x07fc0174   0x07fc0174   0x00000a14   Code   RO          159    .text               da14531.lib(patch.o)
    0x07fc0b88   0x07fc0b88   0x00000024   Code   RO          178    .text               mc_p.l(init.o)
    0x07fc0bac   0x07fc0bac   0x0000000c   Code   RO          235    .text.ADC_Handler   lto-llvm-0cbb9f.o
    0x07fc0bb8   0x07fc0bb8   0x00000100   Code   RO          249    .text.BLE_WAKEUP_LP_Handler  lto-llvm-0cbb9f.o
    0x07fc0cb8   0x07fc0cb8   0x00000014   Code   RO          219    .text.GPIO0_Handler  lto-llvm-0cbb9f.o
    0x07fc0ccc   0x07fc0ccc   0x00000014   Code   RO          221    .text.GPIO1_Handler  lto-llvm-0cbb9f.o
    0x07fc0ce0   0x07fc0ce0   0x00000014   Code   RO          223    .text.GPIO2_Handler  lto-llvm-0cbb9f.o
    0x07fc0cf4   0x07fc0cf4   0x00000014   Code   RO          225    .text.GPIO3_Handler  lto-llvm-0cbb9f.o
    0x07fc0d08   0x07fc0d08   0x00000018   Code   RO          227    .text.GPIO4_Handler  lto-llvm-0cbb9f.o
    0x07fc0d20   0x07fc0d20   0x000000b0   Code   RO          183    .text.HardFault_HandlerC  lto-llvm-0cbb9f.o
    0x07fc0dd0   0x07fc0dd0   0x00000028   Code   RO          245    .text.I2C_Handler   lto-llvm-0cbb9f.o
    0x07fc0df8   0x07fc0df8   0x00000384   Code   RO          367    .text.LIS2DH_FIFOModeEnable  lto-llvm-0cbb9f.o
    0x07fc117c   0x07fc117c   0x000000dc   Code   RO          185    .text.NMI_HandlerC  lto-llvm-0cbb9f.o
    0x07fc1258   0x07fc1258   0x00000002   Code   RO          265    .text.RADIOCNTL_Handler  lto-llvm-0cbb9f.o
    0x07fc125a   0x07fc125a   0x00000002   Code   RO          237    .text.SysTick_Handler  lto-llvm-0cbb9f.o
    0x07fc125c   0x07fc125c   0x000000bc   Code   RO          239    .text.UART2_Handler  lto-llvm-0cbb9f.o
    0x07fc1318   0x07fc1318   0x00000098   Code   RO          229    .text.WKUP_QUADEC_Handler  lto-llvm-0cbb9f.o
    0x07fc13b0   0x07fc13b0   0x00000010   Code   RO          375    .text.accel_int_cb  lto-llvm-0cbb9f.o
    0x07fc13c0   0x07fc13c0   0x00000070   Code   RO          231    .text.adc_correction_apply  lto-llvm-0cbb9f.o
    0x07fc1430   0x07fc1430   0x00000034   Code   RO          359    .text.app_custs1_create_db  lto-llvm-0cbb9f.o
    0x07fc1464   0x07fc1464   0x0000001c   Code   RO          361    .text.app_custs1_process_handler  lto-llvm-0cbb9f.o
    0x07fc1480   0x07fc1480   0x000000b4   Code   RO          307    .text.app_db_init_next  lto-llvm-0cbb9f.o
    0x07fc1534   0x07fc1534   0x00000038   Code   RO          343    .text.app_diss_create_db  lto-llvm-0cbb9f.o
    0x07fc156c   0x07fc156c   0x00000024   Code   RO          345    .text.app_diss_process_handler  lto-llvm-0cbb9f.o
    0x07fc1590   0x07fc1590   0x00000058   Code   RO          311    .text.app_easy_gap_dev_configure  lto-llvm-0cbb9f.o
    0x07fc15e8   0x07fc15e8   0x00000068   Code   RO          309    .text.app_easy_gap_undirected_advertise_start  lto-llvm-0cbb9f.o
    0x07fc1650   0x07fc1650   0x00000024   Code   RO          313    .text.app_gap_process_handler  lto-llvm-0cbb9f.o
    0x07fc1674   0x07fc1674   0x00000038   Code   RO          349    .text.app_msg_utils_api_process_handler  lto-llvm-0cbb9f.o
    0x07fc16ac   0x07fc16ac   0x00000024   Code   RO          327    .text.app_sec_process_handler  lto-llvm-0cbb9f.o
    0x07fc16d0   0x07fc16d0   0x00000178   Code   RO          351    .text.app_timer_api_process_handler  lto-llvm-0cbb9f.o
    0x07fc1848   0x07fc1848   0x00000038   Code   RO          211    .text.arch_force_active_mode  lto-llvm-0cbb9f.o
    0x07fc1880   0x07fc1880   0x00000074   Code   RO          209    .text.arch_restore_sleep_mode  lto-llvm-0cbb9f.o
    0x07fc18f4   0x07fc18f4   0x000000c8   Code   RO          205    .text.ba431_get_rand_func  lto-llvm-0cbb9f.o
    0x07fc19bc   0x07fc19bc   0x0000002c   Code   RO          273    .text.ble_init_arp_func  lto-llvm-0cbb9f.o
    0x07fc19e8   0x07fc19e8   0x00000002   Code   RO          199    .text.crypto_init_func  lto-llvm-0cbb9f.o
    0x07fc19ea   0x07fc19ea   0x00000002   PAD
    0x07fc19ec   0x07fc19ec   0x00000010   Code   RO          357    .text.custs_get_func_callbacks  lto-llvm-0cbb9f.o
    0x07fc19fc   0x07fc19fc   0x00000002   Code   RO          195    .text.dbg_init_func_empty  lto-llvm-0cbb9f.o
    0x07fc19fe   0x07fc19fe   0x00000002   Code   RO          197    .text.dbg_platform_reset_complete_func_empty  lto-llvm-0cbb9f.o
    0x07fc1a00   0x07fc1a00   0x0000002c   Code   RO          299    .text.default_app_generate_static_random_addr  lto-llvm-0cbb9f.o
    0x07fc1a2c   0x07fc1a2c   0x00000008   Code   RO          287    .text.default_app_on_db_init_complete  lto-llvm-0cbb9f.o
    0x07fc1a34   0x07fc1a34   0x00000008   Code   RO          291    .text.default_app_on_get_dev_appearance  lto-llvm-0cbb9f.o
    0x07fc1a3c   0x07fc1a3c   0x00000014   Code   RO          289    .text.default_app_on_get_dev_name  lto-llvm-0cbb9f.o
    0x07fc1a50   0x07fc1a50   0x00000012   Code   RO          293    .text.default_app_on_get_dev_slv_pref_params  lto-llvm-0cbb9f.o
    0x07fc1a62   0x07fc1a62   0x00000002   PAD
    0x07fc1a64   0x07fc1a64   0x000000a8   Code   RO          305    .text.default_app_on_ltk_exch  lto-llvm-0cbb9f.o
    0x07fc1b0c   0x07fc1b0c   0x00000040   Code   RO          301    .text.default_app_on_pairing_request  lto-llvm-0cbb9f.o
    0x07fc1b4c   0x07fc1b4c   0x00000038   Code   RO          295    .text.default_app_on_set_dev_info  lto-llvm-0cbb9f.o
    0x07fc1b84   0x07fc1b84   0x000000a4   Code   RO          303    .text.default_app_on_tk_exch  lto-llvm-0cbb9f.o
    0x07fc1c28   0x07fc1c28   0x0000000c   Code   RO          297    .text.default_app_update_params_request  lto-llvm-0cbb9f.o
    0x07fc1c34   0x07fc1c34   0x00000008   Code   RO          201    .text.dia_rand_func  lto-llvm-0cbb9f.o
    0x07fc1c3c   0x07fc1c3c   0x00000008   Code   RO          203    .text.dia_srand_func  lto-llvm-0cbb9f.o
    0x07fc1c44   0x07fc1c44   0x000000c8   Code   RO          347    .text.diss_value_req_ind_handler  lto-llvm-0cbb9f.o
    0x07fc1d0c   0x07fc1d0c   0x000000d4   Code   RO          331    .text.gapc_bond_ind_handler  lto-llvm-0cbb9f.o
    0x07fc1de0   0x07fc1de0   0x00000094   Code   RO          329    .text.gapc_bond_req_ind_handler  lto-llvm-0cbb9f.o
    0x07fc1e74   0x07fc1e74   0x00000012   Code   RO          319    .text.gapc_cmp_evt_handler  lto-llvm-0cbb9f.o
    0x07fc1e86   0x07fc1e86   0x00000002   PAD
    0x07fc1e88   0x07fc1e88   0x00000078   Code   RO          321    .text.gapc_connection_req_ind_handler  lto-llvm-0cbb9f.o
    0x07fc1f00   0x07fc1f00   0x00000030   Code   RO          323    .text.gapc_disconnect_ind_handler  lto-llvm-0cbb9f.o
    0x07fc1f30   0x07fc1f30   0x00000018   Code   RO          335    .text.gapc_encrypt_ind_handler  lto-llvm-0cbb9f.o
    0x07fc1f48   0x07fc1f48   0x00000004   Code   RO          333    .text.gapc_encrypt_req_ind_handler  lto-llvm-0cbb9f.o
    0x07fc1f4c   0x07fc1f4c   0x0000009c   Code   RO          325    .text.gapc_get_dev_info_req_ind_handler  lto-llvm-0cbb9f.o
    0x07fc1fe8   0x07fc1fe8   0x00000004   Code   RO          337    .text.gapm_addr_solved_ind_handler  lto-llvm-0cbb9f.o
    0x07fc1fec   0x07fc1fec   0x000000d4   Code   RO          317    .text.gapm_cmp_evt_handler  lto-llvm-0cbb9f.o
    0x07fc20c0   0x07fc20c0   0x00000030   Code   RO          315    .text.gapm_device_ready_ind_handler  lto-llvm-0cbb9f.o
    0x07fc20f0   0x07fc20f0   0x00000004   Code   RO          341    .text.gapm_ral_addr_ind_handler  lto-llvm-0cbb9f.o
    0x07fc20f4   0x07fc20f4   0x00000004   Code   RO          339    .text.gapm_ral_size_ind_handler  lto-llvm-0cbb9f.o
    0x07fc20f8   0x07fc20f8   0x0000011c   Code   RO          281    .text.gattc_write_req_ind_handler  lto-llvm-0cbb9f.o
    0x07fc2214   0x07fc2214   0x000000a4   Code   RO          241    .text.hw_otpc_init  lto-llvm-0cbb9f.o
    0x07fc22b8   0x07fc22b8   0x000000c8   Code   RO          365    .text.i2c_accel_write_reg  lto-llvm-0cbb9f.o
    0x07fc2380   0x07fc2380   0x00000070   Code   RO          377    .text.i2c_async_complete  lto-llvm-0cbb9f.o
    0x07fc23f0   0x07fc23f0   0x00000148   Code   RO          243    .text.intr_master_receive_buffer_handler  lto-llvm-0cbb9f.o
    0x07fc2538   0x07fc2538   0x00000078   Code   RO          247    .text.lld_sleep_compensate_func  lto-llvm-0cbb9f.o
    0x07fc25b0   0x07fc25b0   0x00000094   Code   RO          217    .text.lld_sleep_init_func  lto-llvm-0cbb9f.o
    0x07fc2644   0x07fc2644   0x0000002c   Code   RO          215    .text.lld_sleep_lpcycles_2_us_sel_func  lto-llvm-0cbb9f.o
    0x07fc2670   0x07fc2670   0x00000020   Code   RO          213    .text.lld_sleep_us_2_lpcycles_sel_func  lto-llvm-0cbb9f.o
    0x07fc2690   0x07fc2690   0x000023c4   Code   RO          191    .text.main          lto-llvm-0cbb9f.o
    0x07fc4a54   0x07fc4a54   0x000002fc   Code   RO          363    .text.periph_init   lto-llvm-0cbb9f.o
    0x07fc4d50   0x07fc4d50   0x00000024   Code   RO          193    .text.platform_reset_func  lto-llvm-0cbb9f.o
    0x07fc4d74   0x07fc4d74   0x00000044   Code   RO          285    .text.prf_create_func  lto-llvm-0cbb9f.o
    0x07fc4db8   0x07fc4db8   0x0000008c   Code   RO          283    .text.prf_init_func  lto-llvm-0cbb9f.o
    0x07fc4e44   0x07fc4e44   0x00000088   Code   RO          279    .text.rf_adplldig_activate  lto-llvm-0cbb9f.o
    0x07fc4ecc   0x07fc4ecc   0x000005c0   Code   RO          277    .text.rf_calibration  lto-llvm-0cbb9f.o
    0x07fc548c   0x07fc548c   0x00000002   Code   RO          267    .text.rf_force_agc_enable  lto-llvm-0cbb9f.o
    0x07fc548e   0x07fc548e   0x00000002   PAD
    0x07fc5490   0x07fc5490   0x000002f0   Code   RO          257    .text.rf_init_func  lto-llvm-0cbb9f.o
    0x07fc5780   0x07fc5780   0x00000004   Code   RO          253    .text.rf_reg_rd     lto-llvm-0cbb9f.o
    0x07fc5784   0x07fc5784   0x00000002   Code   RO          255    .text.rf_reg_wr     lto-llvm-0cbb9f.o
    0x07fc5786   0x07fc5786   0x00000002   PAD
    0x07fc5788   0x07fc5788   0x000001cc   Code   RO          271    .text.rf_reinit_func  lto-llvm-0cbb9f.o
    0x07fc5954   0x07fc5954   0x00000002   Code   RO          263    .text.rf_reset      lto-llvm-0cbb9f.o
    0x07fc5956   0x07fc5956   0x00000024   Code   RO          269    .text.rf_rssi_convert  lto-llvm-0cbb9f.o
    0x07fc597a   0x07fc597a   0x00000002   PAD
    0x07fc597c   0x07fc597c   0x00000020   Code   RO          261    .text.rf_sleep      lto-llvm-0cbb9f.o
    0x07fc599c   0x07fc599c   0x00000034   Code   RO          259    .text.rf_txpwr_dbm_get  lto-llvm-0cbb9f.o
    0x07fc59d0   0x07fc59d0   0x0000016c   Code   RO          251    .text.rwble_isr     lto-llvm-0cbb9f.o
    0x07fc5b3c   0x07fc5b3c   0x00000204   Code   RO          275    .text.set_recommended_settings  lto-llvm-0cbb9f.o
    0x07fc5d40   0x07fc5d40   0x00000002   Code   RO          207    .text.smpm_ecdh_key_create_empty_func  lto-llvm-0cbb9f.o
    0x07fc5d42   0x07fc5d42   0x00000002   PAD
    0x07fc5d44   0x07fc5d44   0x00000040   Code   RO          233    .text.temp_calc     lto-llvm-0cbb9f.o
    0x07fc5d84   0x07fc5d84   0x00000002   Code   RO          353    .text.timer_canceled_handler  lto-llvm-0cbb9f.o
    0x07fc5d86   0x07fc5d86   0x00000002   Code   RO          355    .text.timer_modified_handler  lto-llvm-0cbb9f.o
    0x07fc5d88   0x07fc5d88   0x00000020   Code   RO          189    .text.uart_finish_transfers_adapt  lto-llvm-0cbb9f.o
    0x07fc5da8   0x07fc5da8   0x00000074   Code   RO          187    .text.uart_write_adapt  lto-llvm-0cbb9f.o
    0x07fc5e1c   0x07fc5e1c   0x00000060   Code   RO          373    .text.user_app_on_set_dev_config_complete  lto-llvm-0cbb9f.o
    0x07fc5e7c   0x07fc5e7c   0x0000001c   Code   RO          369    .text.user_on_connection  lto-llvm-0cbb9f.o
    0x07fc5e98   0x07fc5e98   0x00000008   Code   RO          371    .text.user_on_disconnect  lto-llvm-0cbb9f.o
    0x07fc5ea0   0x07fc5ea0   0x0000000e   Code   RO          455    i.__scatterload_copy  mc_p.l(handlers.o)
    0x07fc5eae   0x07fc5eae   0x00000002   Code   RO          456    i.__scatterload_null  mc_p.l(handlers.o)
    0x07fc5eb0   0x07fc5eb0   0x0000000e   Code   RO          457    i.__scatterload_zeroinit  mc_p.l(handlers.o)
    0x07fc5ebe   0x07fc5ebe   0x00000002   PAD
    0x07fc5ec0   0x07fc5ec0   0x000000a0   Code   RO          181    system_DA14xxx      lto-llvm-0cbb9f.o
    0x07fc5f60   0x07fc5f60   0x00000024   Data   RO          160    .constdata          da14531.lib(patch.o)
    0x07fc5f84   0x07fc5f84   0x00000010   Data   RO          432    .rodata.SVC1_ADC_VAL_1_UUID_128  lto-llvm-0cbb9f.o
    0x07fc5f94   0x07fc5f94   0x00000010   Data   RO          434    .rodata.SVC1_ADC_VAL_2_UUID_128  lto-llvm-0cbb9f.o
    0x07fc5fa4   0x07fc5fa4   0x00000010   Data   RO          435    .rodata.SVC1_BUTTON_STATE_UUID_128  lto-llvm-0cbb9f.o
    0x07fc5fb4   0x07fc5fb4   0x00000010   Data   RO          429    .rodata.SVC1_CTRL_POINT_UUID_128  lto-llvm-0cbb9f.o
    0x07fc5fc4   0x07fc5fc4   0x00000010   Data   RO          436    .rodata.SVC1_INDICATEABLE_UUID_128  lto-llvm-0cbb9f.o
    0x07fc5fd4   0x07fc5fd4   0x00000010   Data   RO          431    .rodata.SVC1_LED_STATE_UUID_128  lto-llvm-0cbb9f.o
    0x07fc5fe4   0x07fc5fe4   0x00000010   Data   RO          437    .rodata.SVC1_LONG_VALUE_UUID_128  lto-llvm-0cbb9f.o
    0x07fc5ff4   0x07fc5ff4   0x00000010   Data   RO          439    .rodata.SVC2_WRITE_VAL_1_UUID_128  lto-llvm-0cbb9f.o
    0x07fc6004   0x07fc6004   0x00000010   Data   RO          440    .rodata.SVC2_WRITE_VAL_2_UUID_128  lto-llvm-0cbb9f.o
    0x07fc6014   0x07fc6014   0x00000010   Data   RO          442    .rodata.SVC3_READ_VAL_1_UUID_128  lto-llvm-0cbb9f.o
    0x07fc6024   0x07fc6024   0x00000010   Data   RO          443    .rodata.SVC3_READ_VAL_2_UUID_128  lto-llvm-0cbb9f.o
    0x07fc6034   0x07fc6034   0x00000010   Data   RO          444    .rodata.SVC3_READ_VAL_3_UUID_128  lto-llvm-0cbb9f.o
    0x07fc6044   0x07fc6044   0x00000010   Data   RO          414    .rodata.TASK_DESC_APP  lto-llvm-0cbb9f.o
    0x07fc6054   0x07fc6054   0x00000008   Data   RO          417    .rodata.app_diss_process_handlers  lto-llvm-0cbb9f.o
    0x07fc605c   0x07fc605c   0x00000070   Data   RO          415    .rodata.app_gap_process_handlers  lto-llvm-0cbb9f.o
    0x07fc60cc   0x07fc60cc   0x0000001c   Data   RO          419    .rodata.app_process_handlers  lto-llvm-0cbb9f.o
    0x07fc60e8   0x07fc60e8   0x00000038   Data   RO          416    .rodata.app_sec_process_handlers  lto-llvm-0cbb9f.o
    0x07fc6120   0x07fc6120   0x00000070   Data   RO          403    .rodata.arp_init_table  lto-llvm-0cbb9f.o
    0x07fc6190   0x07fc6190   0x00000002   Data   RO          428    .rodata.att_decl_char  lto-llvm-0cbb9f.o
    0x07fc6192   0x07fc6192   0x00000002   Data   RO          426    .rodata.att_decl_svc  lto-llvm-0cbb9f.o
    0x07fc6194   0x07fc6194   0x00000002   Data   RO          433    .rodata.att_desc_cfg  lto-llvm-0cbb9f.o
    0x07fc6196   0x07fc6196   0x00000002   Data   RO          430    .rodata.att_desc_user_desc  lto-llvm-0cbb9f.o
    0x07fc6198   0x07fc6198   0x00000038   Data   RO          423    .rodata.cust_prf_funcs  lto-llvm-0cbb9f.o
    0x07fc61d0   0x07fc61d0   0x00000384   Data   RO          445    .rodata.custs1_att_db  lto-llvm-0cbb9f.o
    0x07fc6554   0x07fc6554   0x00000008   Data   RO          411    .rodata.custs1_default_handler  lto-llvm-0cbb9f.o
    0x07fc655c   0x07fc655c   0x00000048   Data   RO          408    .rodata.custs1_default_state  lto-llvm-0cbb9f.o
    0x07fc65a4   0x07fc65a4   0x00000004   Data   RO          424    .rodata.custs1_services  lto-llvm-0cbb9f.o
    0x07fc65a8   0x07fc65a8   0x00000001   Data   RO          425    .rodata.custs1_services_size  lto-llvm-0cbb9f.o
    0x07fc65a9   0x07fc65a9   0x00000010   Data   RO          427    .rodata.custs1_svc1  lto-llvm-0cbb9f.o
    0x07fc65b9   0x07fc65b9   0x00000010   Data   RO          438    .rodata.custs1_svc2  lto-llvm-0cbb9f.o
    0x07fc65c9   0x07fc65c9   0x00000010   Data   RO          441    .rodata.custs1_svc3  lto-llvm-0cbb9f.o
    0x07fc65d9   0x07fc65d9   0x00000003   PAD
    0x07fc65dc   0x07fc65dc   0x00000018   Data   RO          389    .rodata.my_custom_msg_handlers  lto-llvm-0cbb9f.o
    0x07fc65f4   0x07fc65f4   0x0000000e   Data   RO          381    .rodata.nvds_data_storage  lto-llvm-0cbb9f.o
    0x07fc6602   0x07fc6602   0x00000002   PAD
    0x07fc6604   0x07fc6604   0x00000018   Data   RO          412    .rodata.prf_funcs   lto-llvm-0cbb9f.o
    0x07fc661c   0x07fc661c   0x00000018   Data   RO          409    .rodata.prf_if      lto-llvm-0cbb9f.o
    0x07fc6634   0x07fc6634   0x00000020   Data   RO          421    .rodata.rom_app_task_cfg  lto-llvm-0cbb9f.o
    0x07fc6654   0x07fc6654   0x000000ec   Data   RO          391    .rodata.rom_cfg_table_var  lto-llvm-0cbb9f.o
    0x07fc6740   0x07fc6740   0x00000024   Data   RO          388    .rodata.rom_console_cfg  lto-llvm-0cbb9f.o
    0x07fc6764   0x07fc6764   0x00000010   Data   RO          407    .rodata.rom_cust_prf_cfg  lto-llvm-0cbb9f.o
    0x07fc6774   0x07fc6774   0x0000017c   Data   RO          390    .rodata.rom_func_addr_table_var  lto-llvm-0cbb9f.o
    0x07fc68f0   0x07fc68f0   0x00000008   Data   RO          387    .rodata.rom_nvds_cfg  lto-llvm-0cbb9f.o
    0x07fc68f8   0x07fc68f8   0x0000000c   Data   RO          410    .rodata.rom_prf_cfg  lto-llvm-0cbb9f.o
    0x07fc6904   0x07fc6904   0x000000dd   Data   RO          418    .rodata.str1.1      lto-llvm-0cbb9f.o
    0x07fc69e1   0x07fc69e1   0x00000003   PAD
    0x07fc69e4   0x07fc69e4   0x0000000c   Data   RO          413    .rodata.str1.4      lto-llvm-0cbb9f.o
    0x07fc69f0   0x07fc69f0   0x0000008c   Data   RO          420    .rodata.user_app_callbacks  lto-llvm-0cbb9f.o
    0x07fc6a7c   0x07fc6a7c   0x00000007   Data   RO          422    .rodata.user_security_conf  lto-llvm-0cbb9f.o
    0x07fc6a83   0x07fc6a83   0x00000001   PAD
    0x07fc6a84   0x07fc6a84   0x00000020   Data   RO          454    Region$$Table       anon$$obj.o
    0x07fc6aa4   0x07fc6aa4   0x00000001   Data   RW          404    .data.pa_en_dcf_tx_setting  lto-llvm-0cbb9f.o


    Execution Region ER_PRODTEST (Exec base: 0x07fc6aa8, Load base: 0x07fc6aa8, Size: 0x00000000, Max: 0xffffffff, ABSOLUTE, UNINIT)

    **** No section assigned to this execution region ****


    Execution Region ER_ZI (Exec base: 0x07fc6aa8, Load base: 0x07fc6aa8, Size: 0x0000085c, Max: 0xffffffff, ABSOLUTE)

    Exec Addr    Load Addr    Size         Type   Attr      Idx    E Section Name        Object

    0x07fc6aa8        -       0x00000002   Zero   RW          393    .bss.cal_val        lto-llvm-0cbb9f.o
    0x07fc6aaa        -       0x0000002a   Zero   RW          405    .bss.calibration_res  lto-llvm-0cbb9f.o
    0x07fc6ad4        -       0x00000100   Zero   RW          379    .bss.current_msg_buffer  lto-llvm-0cbb9f.o
    0x07fc6bd4        -       0x00000004   Zero   RW          395    .bss.extra_samples  lto-llvm-0cbb9f.o
    0x07fc6bd8        -       0x00000004   Zero   RW          406    .bss.fsm_ctrl_reg   lto-llvm-0cbb9f.o
    0x07fc6bdc        -       0x00000004   Zero   RW          397    .bss.otp_hdr_timestamp  lto-llvm-0cbb9f.o
    0x07fc6be0        -       0x00000001   Zero   RW          398    .bss.syscntl_dcdc_state.0  lto-llvm-0cbb9f.o
    0x07fc6be1        -       0x00000001   Zero   RW          399    .bss.syscntl_dcdc_state.1  lto-llvm-0cbb9f.o
    0x07fc6be2   0x07fc6aa8   0x00000002   PAD
    0x07fc6be4        -       0x00000010   Zero   RW          396    .bss.trng_bits      lto-llvm-0cbb9f.o
    0x07fc6bf4        -       0x00000004   Zero   RW          401    .bss.twext_value    lto-llvm-0cbb9f.o
    0x07fc6bf8        -       0x00000004   Zero   RW          400    .bss.twirq_reset_value  lto-llvm-0cbb9f.o
    0x07fc6bfc        -       0x00000004   Zero   RW          402    .bss.twirq_set_value  lto-llvm-0cbb9f.o
    0x07fc6c00        -       0x00000700   Zero   RW            3    STACK               startup_da14531.o
    0x07fc7300        -       0x00000003   Zero   RW          161    retention_mem_area0  da14531.lib(patch.o)


    Execution Region ER_NZI (Exec base: 0x07fc7304, Load base: 0x07fc6aa8, Size: 0x0000040c, Max: 0xffffffff, ABSOLUTE, UNINIT)

    Exec Addr    Load Addr    Size         Type   Attr      Idx    E Section Name        Object

    0x07fc7304        -       0x0000040c   Zero   RW          383    .bss.heap_mem_area_not_ret  lto-llvm-0cbb9f.o


    Execution Region ER_STATEFUL_HIBERNATION (Exec base: 0x07fc7710, Load base: 0x07fc6aa8, Size: 0x00000000, Max: 0xffffffff, ABSOLUTE, UNINIT)

    **** No section assigned to this execution region ****



  Load Region LR_RETAINED_RAM0 (Base: 0x07fc8bc0, Size: 0x00000000, Max: 0x00001440, ABSOLUTE)

    Execution Region RET_DATA_UNINIT (Exec base: 0x07fc8bc0, Load base: 0x07fc8bc0, Size: 0x00000000, Max: 0x00000000, ABSOLUTE, UNINIT)

    **** No section assigned to this execution region ****


    Execution Region RET_DATA (Exec base: 0x07fc8bc0, Load base: 0x07fc8bc0, Size: 0x00000364, Max: 0x00000800, ABSOLUTE)

    Exec Addr    Load Addr    Size         Type   Attr      Idx    E Section Name        Object

    0x07fc8bc0        -       0x00000364   Zero   RW          380    .bss.retention_mem_area0  lto-llvm-0cbb9f.o


    Execution Region RET_HEAP_DB (Exec base: 0x07fc8f24, Load base: 0x07fc8bc0, Size: 0x0000040c, Max: 0xffffffff, ABSOLUTE, UNINIT)

    Exec Addr    Load Addr    Size         Type   Attr      Idx    E Section Name        Object

    0x07fc8f24        -       0x0000040c   Zero   RW          385    .bss.heap_db_area   lto-llvm-0cbb9f.o


    Execution Region RET_HEAP_ENV (Exec base: 0x07fc9330, Load base: 0x07fc8bc0, Size: 0x000002b8, Max: 0xffffffff, ABSOLUTE, UNINIT)

    Exec Addr    Load Addr    Size         Type   Attr      Idx    E Section Name        Object

    0x07fc9330        -       0x000002b8   Zero   RW          384    .bss.heap_env_area  lto-llvm-0cbb9f.o


    Execution Region RET_HEAP_MSG (Exec base: 0x07fc95e8, Load base: 0x07fc8bc0, Size: 0x0000057c, Max: 0xffffffff, ABSOLUTE, UNINIT)

    Exec Addr    Load Addr    Size         Type   Attr      Idx    E Section Name        Object

    0x07fc95e8        -       0x0000057c   Zero   RW          386    .bss.heap_msg_area  lto-llvm-0cbb9f.o



  Load Region LR_FREE_AREA (Base: 0x07fcb4ac, Size: 0x00000000, Max: 0x000003f0, ABSOLUTE)

    Execution Region ER_FREE_AREA (Exec base: 0x07fcb4ac, Load base: 0x07fcb4ac, Size: 0x00000000, Max: 0x000003f0, ABSOLUTE)

    **** No section assigned to this execution region ****



  Load Region LR_RETAINED_TRNG_STATE (Base: 0x07fcb89c, Size: 0x00000000, Max: 0x00000004, ABSOLUTE)

    Execution Region RET_DATA_UNINIT_TRNG_STATE (Exec base: 0x07fcb89c, Load base: 0x07fcb89c, Size: 0x00000004, Max: 0x00000004, ABSOLUTE, UNINIT)

    Exec Addr    Load Addr    Size         Type   Attr      Idx    E Section Name        Object

    0x07fcb89c        -       0x00000004   Zero   RW          394    .bss.trng_state     lto-llvm-0cbb9f.o


==============================================================================

Image component sizes


      Code (inc. data)   RO Data    RW Data    ZI Data      Debug   Object Name

     21382       2472       2807          9       5386     221992   lto-llvm-0cbb9f.o
        80         16        160          0       1792        804   startup_da14531.o

    ----------------------------------------------------------------------
     21476       2488       3008         12       7260     222796   Object Totals
         0          0         32          0         80          0   (incl. Generated)
        14          0          9          3          2          0   (incl. Padding)

    ----------------------------------------------------------------------

      Code (inc. data)   RO Data    RW Data    ZI Data      Debug   Library Member Name

      2580        124         36          0          3        468   patch.o
         0          0          0          0          0          0   entry.o
         0          0          0          0          0          0   entry10a.o
         0          0          0          0          0          0   entry11a.o
         8          4          0          0          0          0   entry2.o
         4          0          0          0          0          0   entry5.o
         0          0          0          0          0          0   entry7b.o
         0          0          0          0          0          0   entry8b.o
         8          4          0          0          0          0   entry9a.o
        30          0          0          0          0          0   handlers.o
        36          8          0          0          0         68   init.o

    ----------------------------------------------------------------------
      2668        140         36          0          4        536   Library Totals
         2          0          0          0          1          0   (incl. Padding)

    ----------------------------------------------------------------------

      Code (inc. data)   RO Data    RW Data    ZI Data      Debug   Library Name

      2580        124         36          0          3        468   da14531.lib
        86         16          0          0          0         68   mc_p.l

    ----------------------------------------------------------------------
      2668        140         36          0          4        536   Library Totals

    ----------------------------------------------------------------------

==============================================================================


      Code (inc. data)   RO Data    RW Data    ZI Data      Debug   

     24144       2628       3044         12       7264     223484   Grand Totals
     24144       2628       3044         12       7264     223484   ELF Image Totals
     24144       2628       3044         12          0          0   ROM Totals

==============================================================================

    Total RO  Size (Code + RO Data)                27188 (  26.55kB)
    Total RW  Size (RW Data + ZI Data)              7276 (   7.11kB)
    Total ROM Size (Code + RO Data + RW Data)      27200 (  26.56kB)

==============================================================================

